Archive member included to satisfy reference by file (symbol)

c:/users/jesse arendse/appdata/roaming/code/user/globalstorage/bmd.stm32-for-vscode/@xpack-dev-tools/arm-none-eabi-gcc/12.3.1-1.2.1/.content/bin/../lib/gcc/arm-none-eabi/12.3.1/../../../../arm-none-eabi/lib/thumb/v7e-m+fp/hard\libc_nano.a(libc_a-atexit.o)
                              c:/users/jesse arendse/appdata/roaming/code/user/globalstorage/bmd.stm32-for-vscode/@xpack-dev-tools/arm-none-eabi-gcc/12.3.1-1.2.1/.content/bin/../lib/gcc/arm-none-eabi/12.3.1/../../../../arm-none-eabi/lib/thumb/v7e-m+fp/hard/crt0.o (atexit)
c:/users/jesse arendse/appdata/roaming/code/user/globalstorage/bmd.stm32-for-vscode/@xpack-dev-tools/arm-none-eabi-gcc/12.3.1-1.2.1/.content/bin/../lib/gcc/arm-none-eabi/12.3.1/../../../../arm-none-eabi/lib/thumb/v7e-m+fp/hard\libc_nano.a(libc_a-exit.o)
                              c:/users/jesse arendse/appdata/roaming/code/user/globalstorage/bmd.stm32-for-vscode/@xpack-dev-tools/arm-none-eabi-gcc/12.3.1-1.2.1/.content/bin/../lib/gcc/arm-none-eabi/12.3.1/../../../../arm-none-eabi/lib/thumb/v7e-m+fp/hard/crt0.o (exit)
c:/users/jesse arendse/appdata/roaming/code/user/globalstorage/bmd.stm32-for-vscode/@xpack-dev-tools/arm-none-eabi-gcc/12.3.1-1.2.1/.content/bin/../lib/gcc/arm-none-eabi/12.3.1/../../../../arm-none-eabi/lib/thumb/v7e-m+fp/hard\libc_nano.a(libc_a-findfp.o)
                              c:/users/jesse arendse/appdata/roaming/code/user/globalstorage/bmd.stm32-for-vscode/@xpack-dev-tools/arm-none-eabi-gcc/12.3.1-1.2.1/.content/bin/../lib/gcc/arm-none-eabi/12.3.1/../../../../arm-none-eabi/lib/thumb/v7e-m+fp/hard\libc_nano.a(libc_a-exit.o) (__stdio_exit_handler)
c:/users/jesse arendse/appdata/roaming/code/user/globalstorage/bmd.stm32-for-vscode/@xpack-dev-tools/arm-none-eabi-gcc/12.3.1-1.2.1/.content/bin/../lib/gcc/arm-none-eabi/12.3.1/../../../../arm-none-eabi/lib/thumb/v7e-m+fp/hard\libc_nano.a(libc_a-fwalk.o)
                              c:/users/jesse arendse/appdata/roaming/code/user/globalstorage/bmd.stm32-for-vscode/@xpack-dev-tools/arm-none-eabi-gcc/12.3.1-1.2.1/.content/bin/../lib/gcc/arm-none-eabi/12.3.1/../../../../arm-none-eabi/lib/thumb/v7e-m+fp/hard\libc_nano.a(libc_a-findfp.o) (_fwalk_sglue)
c:/users/jesse arendse/appdata/roaming/code/user/globalstorage/bmd.stm32-for-vscode/@xpack-dev-tools/arm-none-eabi-gcc/12.3.1-1.2.1/.content/bin/../lib/gcc/arm-none-eabi/12.3.1/../../../../arm-none-eabi/lib/thumb/v7e-m+fp/hard\libc_nano.a(libc_a-sprintf.o)
                              build/7SegDisplay.o (sprintf)
c:/users/jesse arendse/appdata/roaming/code/user/globalstorage/bmd.stm32-for-vscode/@xpack-dev-tools/arm-none-eabi-gcc/12.3.1-1.2.1/.content/bin/../lib/gcc/arm-none-eabi/12.3.1/../../../../arm-none-eabi/lib/thumb/v7e-m+fp/hard\libc_nano.a(libc_a-stdio.o)
                              c:/users/jesse arendse/appdata/roaming/code/user/globalstorage/bmd.stm32-for-vscode/@xpack-dev-tools/arm-none-eabi-gcc/12.3.1-1.2.1/.content/bin/../lib/gcc/arm-none-eabi/12.3.1/../../../../arm-none-eabi/lib/thumb/v7e-m+fp/hard\libc_nano.a(libc_a-findfp.o) (__sread)
c:/users/jesse arendse/appdata/roaming/code/user/globalstorage/bmd.stm32-for-vscode/@xpack-dev-tools/arm-none-eabi-gcc/12.3.1-1.2.1/.content/bin/../lib/gcc/arm-none-eabi/12.3.1/../../../../arm-none-eabi/lib/thumb/v7e-m+fp/hard\libc_nano.a(libc_a-memset.o)
                              c:/users/jesse arendse/appdata/roaming/code/user/globalstorage/bmd.stm32-for-vscode/@xpack-dev-tools/arm-none-eabi-gcc/12.3.1-1.2.1/.content/bin/../lib/gcc/arm-none-eabi/12.3.1/../../../../arm-none-eabi/lib/thumb/v7e-m+fp/hard/crt0.o (memset)
c:/users/jesse arendse/appdata/roaming/code/user/globalstorage/bmd.stm32-for-vscode/@xpack-dev-tools/arm-none-eabi-gcc/12.3.1-1.2.1/.content/bin/../lib/gcc/arm-none-eabi/12.3.1/../../../../arm-none-eabi/lib/thumb/v7e-m+fp/hard\libc_nano.a(libc_a-closer.o)
                              c:/users/jesse arendse/appdata/roaming/code/user/globalstorage/bmd.stm32-for-vscode/@xpack-dev-tools/arm-none-eabi-gcc/12.3.1-1.2.1/.content/bin/../lib/gcc/arm-none-eabi/12.3.1/../../../../arm-none-eabi/lib/thumb/v7e-m+fp/hard\libc_nano.a(libc_a-stdio.o) (_close_r)
c:/users/jesse arendse/appdata/roaming/code/user/globalstorage/bmd.stm32-for-vscode/@xpack-dev-tools/arm-none-eabi-gcc/12.3.1-1.2.1/.content/bin/../lib/gcc/arm-none-eabi/12.3.1/../../../../arm-none-eabi/lib/thumb/v7e-m+fp/hard\libc_nano.a(libc_a-reent.o)
                              c:/users/jesse arendse/appdata/roaming/code/user/globalstorage/bmd.stm32-for-vscode/@xpack-dev-tools/arm-none-eabi-gcc/12.3.1-1.2.1/.content/bin/../lib/gcc/arm-none-eabi/12.3.1/../../../../arm-none-eabi/lib/thumb/v7e-m+fp/hard\libc_nano.a(libc_a-closer.o) (errno)
c:/users/jesse arendse/appdata/roaming/code/user/globalstorage/bmd.stm32-for-vscode/@xpack-dev-tools/arm-none-eabi-gcc/12.3.1-1.2.1/.content/bin/../lib/gcc/arm-none-eabi/12.3.1/../../../../arm-none-eabi/lib/thumb/v7e-m+fp/hard\libc_nano.a(libc_a-impure.o)
[...]
Memory Configuration

Name             Origin             Length             Attributes
RAM              0x20000000         0x00020000         xrw
CCMRAM           0x10000000         0x00010000         xrw
FLASH            0x08000000         0x00100000         xr
*default*        0x00000000         0xffffffff

Linker script and memory map

LOAD c:/users/jesse arendse/appdata/roaming/code/user/globalstorage/bmd.stm32-for-vscode/@xpack-dev-tools/arm-none-eabi-gcc/12.3.1-1.2.1/.content/bin/../lib/gcc/arm-none-eabi/12.3.1/thumb/v7e-m+fp/hard/crti.o
LOAD c:/users/jesse arendse/appdata/roaming/code/user/globalstorage/bmd.stm32-for-vscode/@xpack-dev-tools/arm-none-eabi-gcc/12.3.1-1.2.1/.content/bin/../lib/gcc/arm-none-eabi/12.3.1/thumb/v7e-m+fp/hard/crtbegin.o
LOAD c:/users/jesse arendse/appdata/roaming/code/user/globalstorage/bmd.stm32-for-vscode/@xpack-dev-tools/arm-none-eabi-gcc/12.3.1-1.2.1/.content/bin/../lib/gcc/arm-none-eabi/12.3.1/../../../../arm-none-eabi/lib/thumb/v7e-m+fp/hard/crt0.o
LOAD build/7SegDisplay.o
LOAD build/CurrentMonitor.o
LOAD build/EEPROM.o
LOAD build/IMU.o
LOAD build/NeoPixels.o
LOAD build/Pots.o
LOAD build/Relays.o
LOAD build/ServoMotors.o
LOAD build/StepperMotor.o
LOAD build/USB.o
LOAD build/main.o
LOAD build/stm32f4xx_hal_msp.o
LOAD build/stm32f4xx_it.o
LOAD build/system_stm32f4xx.o
LOAD build/stm32f4xx_hal.o
LOAD build/stm32f4xx_hal_adc.o
LOAD build/stm32f4xx_hal_adc_ex.o
LOAD build/stm32f4xx_hal_cortex.o
LOAD build/stm32f4xx_hal_dma.o
LOAD build/stm32f4xx_hal_dma_ex.o
LOAD build/stm32f4xx_hal_exti.o
LOAD build/stm32f4xx_hal_flash.o
LOAD build/stm32f4xx_hal_flash_ex.o
LOAD build/stm32f4xx_hal_flash_ramfunc.o
LOAD build/stm32f4xx_hal_gpio.o
LOAD build/stm32f4xx_hal_i2c.o
LOAD build/stm32f4xx_hal_i2c_ex.o
LOAD build/stm32f4xx_hal_pwr.o
LOAD build/stm32f4xx_hal_pwr_ex.o
LOAD build/stm32f4xx_hal_rcc.o
LOAD build/stm32f4xx_hal_rcc_ex.o
LOAD build/stm32f4xx_hal_tim.o
LOAD build/stm32f4xx_hal_tim_ex.o
LOAD build/stm32f4xx_hal_uart.o
LOAD build/stm32f4xx_ll_adc.o
LOAD build/startup_stm32f407xx.o
LOAD c:/users/jesse arendse/appdata/roaming/code/user/globalstorage/bmd.stm32-for-vscode/@xpack-dev-tools/arm-none-eabi-gcc/12.3.1-1.2.1/.content/bin/../lib/gcc/arm-none-eabi/12.3.1/../../../../arm-none-eabi/lib/thumb/v7e-m+fp/hard\libc_nano.a
LOAD c:/users/jesse arendse/appdata/roaming/code/user/globalstorage/bmd.stm32-for-vscode/@xpack-dev-tools/arm-none-eabi-gcc/12.3.1-1.2.1/.content/bin/../lib/gcc/arm-none-eabi/12.3.1/../../../../arm-none-eabi/lib/thumb/v7e-m+fp/hard\libm.a
LOAD c:/users/jesse arendse/appdata/roaming/code/user/globalstorage/bmd.stm32-for-vscode/@xpack-dev-tools/arm-none-eabi-gcc/12.3.1-1.2.1/.content/bin/../lib/gcc/arm-none-eabi/12.3.1/../../../../arm-none-eabi/lib/thumb/v7e-m+fp/hard\libnosys.a
START GROUP
LOAD c:/users/jesse arendse/appdata/roaming/code/user/globalstorage/bmd.stm32-for-vscode/@xpack-dev-tools/arm-none-eabi-gcc/12.3.1-1.2.1/.content/bin/../lib/gcc/arm-none-eabi/12.3.1/thumb/v7e-m+fp/hard\libgcc.a
LOAD c:/users/jesse arendse/appdata/roaming/code/user/globalstorage/bmd.stm32-for-vscode/@xpack-dev-tools/arm-none-eabi-gcc/12.3.1-1.2.1/.content/bin/../lib/gcc/arm-none-eabi/12.3.1/../../../../arm-none-eabi/lib/thumb/v7e-m+fp/hard\libc_nano.a
END GROUP
START GROUP
LOAD c:/users/jesse arendse/appdata/roaming/code/user/globalstorage/bmd.stm32-for-vscode/@xpack-dev-tools/arm-none-eabi-gcc/12.3.1-1.2.1/.content/bin/../lib/gcc/arm-none-eabi/12.3.1/thumb/v7e-m+fp/hard\libgcc.a
LOAD c:/users/jesse arendse/appdata/roaming/code/user/globalstorage/bmd.stm32-for-vscode/@xpack-dev-tools/arm-none-eabi-gcc/12.3.1-1.2.1/.content/bin/../lib/gcc/arm-none-eabi/12.3.1/../../../../arm-none-eabi/lib/thumb/v7e-m+fp/hard\libc_nano.a
END GROUP
LOAD c:/users/jesse arendse/appdata/roaming/code/user/globalstorage/bmd.stm32-for-vscode/@xpack-dev-tools/arm-none-eabi-gcc/12.3.1-1.2.1/.content/bin/../lib/gcc/arm-none-eabi/12.3.1/thumb/v7e-m+fp/hard/crtend.o
LOAD c:/users/jesse arendse/appdata/roaming/code/user/globalstorage/bmd.stm32-for-vscode/@xpack-dev-tools/arm-none-eabi-gcc/12.3.1-1.2.1/.content/bin/../lib/gcc/arm-none-eabi/12.3.1/thumb/v7e-m+fp/hard/crtn.o
                0x20020000                        _estack = (ORIGIN (RAM) + LENGTH (RAM))
                0x00000200                        _Min_Heap_Size = 0x200
                0x00000400                        _Min_Stack_Size = 0x400

.isr_vector     0x08000000      0x188
                0x08000000                        . = ALIGN (0x4)
 *(.isr_vector)
 .isr_vector    0x08000000      0x188 build/startup_stm32f407xx.o
                0x08000000                g_pfnVectors
                0x08000188                        . = ALIGN (0x4)

.text           0x08000190     0x56a4
                0x08000190                        . = ALIGN (0x4)
 *(.text)
 .text          0x08000190       0xa0 c:/users/jesse arendse/appdata/roaming/code/user/globalstorage/bmd.stm32-for-vscode/@xpack-dev-tools/arm-none-eabi-gcc/12.3.1-1.2.1/.content/bin/../lib/gcc/arm-none-eabi/12.3.1/../../../../arm-none-eabi/lib/thumb/v7e-m+fp/hard\libc_nano.a(libc_a-memchr.o)
                0x08000190                memchr
 .text          0x08000230       0x30 c:/users/jesse arendse/appdata/roaming/code/user/globalstorage/bmd.stm32-for-vscode/@xpack-dev-tools/arm-none-eabi-gcc/12.3.1-1.2.1/.content/bin/../lib/gcc/arm-none-eabi/12.3.1/thumb/v7e-m+fp/hard\libgcc.a(_aeabi_uldivmod.o)
                0x08000230                __aeabi_uldivmod
 .text          0x08000260        0x4 c:/users/jesse arendse/appdata/roaming/code/user/globalstorage/bmd.stm32-for-vscode/@xpack-dev-tools/arm-none-eabi-gcc/12.3.1-1.2.1/.content/bin/../lib/gcc/arm-none-eabi/12.3.1/thumb/v7e-m+fp/hard\libgcc.a(_dvmd_tls.o)
                0x08000260                __aeabi_idiv0
                0x08000260                __aeabi_ldiv0
 *(.text*)
 .text.__do_global_dtors_aux
                0x08000264       0x24 c:/users/jesse arendse/appdata/roaming/code/user/globalstorage/bmd.stm32-for-vscode/@xpack-dev-tools/arm-none-eabi-gcc/12.3.1-1.2.1/.content/bin/../lib/gcc/arm-none-eabi/12.3.1/thumb/v7e-m+fp/hard/crtbegin.o
 .text.frame_dummy
                0x08000288       0x1c c:/users/jesse arendse/appdata/roaming/code/user/globalstorage/bmd.stm32-for-vscode/@xpack-dev-tools/arm-none-eabi-gcc/12.3.1-1.2.1/.content/bin/../lib/gcc/arm-none-eabi/12.3.1/thumb/v7e-m+fp/hard/crtbegin.o
 .text.init_7SegDisplay
                0x080002a4       0x2c build/7SegDisplay.o
                0x080002a4                init_7SegDisplay
 .text.setFloatNumber
                0x080002d0       0x40 build/7SegDisplay.o
                0x080002d0                setFloatNumber
 .text.display_char
                0x08000310      0x884 build/7SegDisplay.o
                0x08000310                display_char
 .text.refreshDisplay
                0x08000b94       0x64 build/7SegDisplay.o
                0x08000b94                refreshDisplay
 .text.signNumber
                0x08000bf8        0x4 build/CurrentMonitor.o
                0x08000bf8                signNumber
 .text.ReadMem  0x08000bfc       0x38 build/IMU.o
 .text.init_IMU
                0x08000c34       0x78 build/IMU.o
                0x08000c34                init_IMU
 .text.readAccel
                0x08000cac       0xa8 build/IMU.o
                0x08000cac                readAccel
 .text.HAL_TIM_PWM_PulseFinishedCallback
                0x08000d54       0x10 build/NeoPixels.o
                0x08000d54                HAL_TIM_PWM_PulseFinishedCallback
 .text.HAL_UART_RxCpltCallback
                0x08000d64       0x1c build/USB.o
                0x08000d64                HAL_UART_RxCpltCallback
 .text.MX_GPIO_Init
                0x08000d80      0x148 build/main.o
 .text.MX_DMA_Init
                0x08000ec8       0x88 build/main.o
 .text.Error_Handler
                0x08000f50        0x4 build/main.o
                0x08000f50                Error_Handler
 .text.MX_TIM2_Init
                0x08000f54       0xa0 build/main.o
 .text.MX_UART4_Init
                0x08000ff4       0x34 build/main.o
 .text.MX_I2C1_Init
                0x08001028       0x38 build/main.o
 .text.MX_ADC1_Init
                0x08001060       0xb0 build/main.o
 .text.MX_TIM7_Init
                0x08001110       0x4c build/main.o
 .text.MX_TIM6_Init
                0x0800115c       0x4c build/main.o
 .text.MX_I2C2_Init
                0x080011a8       0x38 build/main.o
 .text.MX_TIM4_Init
                0x080011e0       0x6c build/main.o
 .text.MX_TIM1_Init
                0x0800124c       0xc8 build/main.o
 .text.MX_TIM3_Init
                0x08001314       0xdc build/main.o
 .text.MX_TIM5_Init
                0x080013f0       0x68 build/main.o
 .text.SystemClock_Config
                0x08001458       0xa0 build/main.o
                0x08001458                SystemClock_Config
 .text.main     0x080014f8       0x58 build/main.o
                0x080014f8                main
 .text.HAL_MspInit
                0x08001550       0x38 build/stm32f4xx_hal_msp.o
                0x08001550                HAL_MspInit
 .text.HAL_ADC_MspInit
                0x08001588       0xac build/stm32f4xx_hal_msp.o
                0x08001588                HAL_ADC_MspInit
 .text.HAL_I2C_MspInit
                0x08001634      0x100 build/stm32f4xx_hal_msp.o
                0x08001634                HAL_I2C_MspInit
 .text.HAL_TIM_Base_MspInit
                0x08001734      0x298 build/stm32f4xx_hal_msp.o
                0x08001734                HAL_TIM_Base_MspInit
 .text.HAL_TIM_MspPostInit
                0x080019cc       0x98 build/stm32f4xx_hal_msp.o
                0x080019cc                HAL_TIM_MspPostInit
 .text.HAL_UART_MspInit
                0x08001a64       0x80 build/stm32f4xx_hal_msp.o
                0x08001a64                HAL_UART_MspInit
 .text.NMI_Handler
                0x08001ae4        0x2 build/stm32f4xx_it.o
                0x08001ae4                NMI_Handler
 .text.HardFault_Handler
                0x08001ae6        0x2 build/stm32f4xx_it.o
                0x08001ae6                HardFault_Handler
 .text.MemManage_Handler
                0x08001ae8        0x2 build/stm32f4xx_it.o
                0x08001ae8                MemManage_Handler
 .text.BusFault_Handler
                0x08001aea        0x2 build/stm32f4xx_it.o
                0x08001aea                BusFault_Handler
 .text.UsageFault_Handler
                0x08001aec        0x2 build/stm32f4xx_it.o
                0x08001aec                UsageFault_Handler
 .text.SVC_Handler
                0x08001aee        0x2 build/stm32f4xx_it.o
                0x08001aee                SVC_Handler
 .text.DebugMon_Handler
                0x08001af0        0x2 build/stm32f4xx_it.o
                0x08001af0                DebugMon_Handler
 .text.PendSV_Handler
                0x08001af2        0x2 build/stm32f4xx_it.o
                0x08001af2                PendSV_Handler
 .text.SysTick_Handler
                0x08001af4        0x8 build/stm32f4xx_it.o
                0x08001af4                SysTick_Handler
 .text.DMA1_Stream0_IRQHandler
                0x08001afc       0x10 build/stm32f4xx_it.o
                0x08001afc                DMA1_Stream0_IRQHandler
 .text.DMA1_Stream1_IRQHandler
                0x08001b0c       0x10 build/stm32f4xx_it.o
                0x08001b0c                DMA1_Stream1_IRQHandler
 .text.DMA1_Stream2_IRQHandler
                0x08001b1c       0x10 build/stm32f4xx_it.o
                0x08001b1c                DMA1_Stream2_IRQHandler
 .text.TIM2_IRQHandler
                0x08001b2c       0x10 build/stm32f4xx_it.o
                0x08001b2c                TIM2_IRQHandler
 .text.TIM4_IRQHandler
                0x08001b3c       0x10 build/stm32f4xx_it.o
                0x08001b3c                TIM4_IRQHandler
 .text.DMA1_Stream7_IRQHandler
                0x08001b4c       0x10 build/stm32f4xx_it.o
                0x08001b4c                DMA1_Stream7_IRQHandler
 .text.TIM5_IRQHandler
                0x08001b5c       0x10 build/stm32f4xx_it.o
                0x08001b5c                TIM5_IRQHandler
 .text.UART4_IRQHandler
                0x08001b6c       0x10 build/stm32f4xx_it.o
                0x08001b6c                UART4_IRQHandler
 .text.TIM6_DAC_IRQHandler
                0x08001b7c       0x10 build/stm32f4xx_it.o
                0x08001b7c                TIM6_DAC_IRQHandler
 .text.TIM7_IRQHandler
                0x08001b8c       0x10 build/stm32f4xx_it.o
                0x08001b8c                TIM7_IRQHandler
 .text.DMA2_Stream0_IRQHandler
                0x08001b9c       0x10 build/stm32f4xx_it.o
                0x08001b9c                DMA2_Stream0_IRQHandler
 .text.SystemInit
                0x08001bac       0x14 build/system_stm32f4xx.o
                0x08001bac                SystemInit
 .text.HAL_InitTick
                0x08001bc0       0x4c build/stm32f4xx_hal.o
                0x08001bc0                HAL_InitTick
 .text.HAL_Init
                0x08001c0c       0x34 build/stm32f4xx_hal.o
                0x08001c0c                HAL_Init
 .text.HAL_IncTick
                0x08001c40       0x18 build/stm32f4xx_hal.o
                0x08001c40                HAL_IncTick
 .text.HAL_GetTick
                0x08001c58        0xc build/stm32f4xx_hal.o
                0x08001c58                HAL_GetTick
 .text.HAL_Delay
                0x08001c64       0x28 build/stm32f4xx_hal.o
                0x08001c64                HAL_Delay
 .text.ADC_Init
                0x08001c8c      0x134 build/stm32f4xx_hal_adc.o
 .text.HAL_ADC_Init
                0x08001dc0       0x56 build/stm32f4xx_hal_adc.o
                0x08001dc0                HAL_ADC_Init
 *fill*         0x08001e16        0x2 
 .text.HAL_ADC_ConfigChannel
                0x08001e18      0x194 build/stm32f4xx_hal_adc.o
                0x08001e18                HAL_ADC_ConfigChannel
 .text.__NVIC_SetPriority
                0x08001fac       0x28 build/stm32f4xx_hal_cortex.o
 .text.NVIC_EncodePriority
                0x08001fd4       0x3e build/stm32f4xx_hal_cortex.o
 *fill*         0x08002012        0x2 
 .text.HAL_NVIC_SetPriorityGrouping
                0x08002014       0x24 build/stm32f4xx_hal_cortex.o
                0x08002014                HAL_NVIC_SetPriorityGrouping
 .text.HAL_NVIC_SetPriority
                0x08002038       0x20 build/stm32f4xx_hal_cortex.o
                0x08002038                HAL_NVIC_SetPriority
 .text.HAL_NVIC_EnableIRQ
                0x08002058       0x1c build/stm32f4xx_hal_cortex.o
                0x08002058                HAL_NVIC_EnableIRQ
 .text.HAL_SYSTICK_Config
                0x08002074       0x28 build/stm32f4xx_hal_cortex.o
                0x08002074                HAL_SYSTICK_Config
 .text.DMA_CalcBaseAndBitshift
                0x0800209c       0x44 build/stm32f4xx_hal_dma.o
 .text.DMA_CheckFifoParam
                0x080020e0       0x8e build/stm32f4xx_hal_dma.o
 *fill*         0x0800216e        0x2 
 .text.HAL_DMA_Init
                0x08002170       0xcc build/stm32f4xx_hal_dma.o
                0x08002170                HAL_DMA_Init
 .text.HAL_DMA_Abort
                0x0800223c       0x94 build/stm32f4xx_hal_dma.o
                0x0800223c                HAL_DMA_Abort
 .text.HAL_DMA_Abort_IT
                0x080022d0       0x26 build/stm32f4xx_hal_dma.o
                0x080022d0                HAL_DMA_Abort_IT
 *fill*         0x080022f6        0x2 
 .text.HAL_DMA_IRQHandler
                0x080022f8      0x1dc build/stm32f4xx_hal_dma.o
                0x080022f8                HAL_DMA_IRQHandler
 .text.HAL_GPIO_Init
                0x080024d4      0x1ec build/stm32f4xx_hal_gpio.o
                0x080024d4                HAL_GPIO_Init
 .text.HAL_GPIO_WritePin
                0x080026c0        0xc build/stm32f4xx_hal_gpio.o
                0x080026c0                HAL_GPIO_WritePin
 .text.I2C_IsAcknowledgeFailed
                0x080026cc       0x32 build/stm32f4xx_hal_i2c.o
 .text.I2C_WaitOnFlagUntilTimeout
                0x080026fe       0x7c build/stm32f4xx_hal_i2c.o
 .text.I2C_WaitOnMasterAddressFlagUntilTimeout
                0x0800277a       0xaa build/stm32f4xx_hal_i2c.o
 .text.I2C_WaitOnTXEFlagUntilTimeout
                0x08002824       0x54 build/stm32f4xx_hal_i2c.o
 .text.I2C_RequestMemoryWrite
                0x08002878       0xd8 build/stm32f4xx_hal_i2c.o
 .text.I2C_RequestMemoryRead
                0x08002950      0x154 build/stm32f4xx_hal_i2c.o
 .text.I2C_WaitOnBTFFlagUntilTimeout
                0x08002aa4       0x54 build/stm32f4xx_hal_i2c.o
 .text.I2C_WaitOnRXNEFlagUntilTimeout
                0x08002af8       0x6a build/stm32f4xx_hal_i2c.o
 *fill*         0x08002b62        0x2 
 .text.HAL_I2C_Init
                0x08002b64      0x1bc build/stm32f4xx_hal_i2c.o
                0x08002b64                HAL_I2C_Init
 .text.HAL_I2C_Mem_Write
                0x08002d20      0x164 build/stm32f4xx_hal_i2c.o
                0x08002d20                HAL_I2C_Mem_Write
 .text.HAL_I2C_Mem_Read
                0x08002e84      0x2e4 build/stm32f4xx_hal_i2c.o
                0x08002e84                HAL_I2C_Mem_Read
 .text.HAL_RCC_OscConfig
                0x08003168      0x3f8 build/stm32f4xx_hal_rcc.o
                0x08003168                HAL_RCC_OscConfig
 .text.HAL_RCC_GetSysClockFreq
                0x08003560       0xa8 build/stm32f4xx_hal_rcc.o
                0x08003560                HAL_RCC_GetSysClockFreq
 .text.HAL_RCC_ClockConfig
                0x08003608      0x160 build/stm32f4xx_hal_rcc.o
                0x08003608                HAL_RCC_ClockConfig
 .text.HAL_RCC_GetHCLKFreq
                0x08003768        0xc build/stm32f4xx_hal_rcc.o
                0x08003768                HAL_RCC_GetHCLKFreq
 .text.HAL_RCC_GetPCLK1Freq
                0x08003774       0x20 build/stm32f4xx_hal_rcc.o
                0x08003774                HAL_RCC_GetPCLK1Freq
 .text.HAL_RCC_GetPCLK2Freq
                0x08003794       0x20 build/stm32f4xx_hal_rcc.o
                0x08003794                HAL_RCC_GetPCLK2Freq
 .text.HAL_TIM_PWM_MspInit
                0x080037b4        0x2 build/stm32f4xx_hal_tim.o
                0x080037b4                HAL_TIM_PWM_MspInit
 .text.HAL_TIM_IC_MspInit
                0x080037b6        0x2 build/stm32f4xx_hal_tim.o
                0x080037b6                HAL_TIM_IC_MspInit
 .text.HAL_TIM_PeriodElapsedCallback
                0x080037b8        0x2 build/stm32f4xx_hal_tim.o
                0x080037b8                HAL_TIM_PeriodElapsedCallback
 .text.HAL_TIM_PeriodElapsedHalfCpltCallback
                0x080037ba        0x2 build/stm32f4xx_hal_tim.o
                0x080037ba                HAL_TIM_PeriodElapsedHalfCpltCallback
 .text.HAL_TIM_OC_DelayElapsedCallback
                0x080037bc        0x2 build/stm32f4xx_hal_tim.o
                0x080037bc                HAL_TIM_OC_DelayElapsedCallback
 .text.HAL_TIM_IC_CaptureCallback
                0x080037be        0x2 build/stm32f4xx_hal_tim.o
                0x080037be                HAL_TIM_IC_CaptureCallback
 .text.HAL_TIM_IC_CaptureHalfCpltCallback
                0x080037c0        0x2 build/stm32f4xx_hal_tim.o
                0x080037c0                HAL_TIM_IC_CaptureHalfCpltCallback
 .text.HAL_TIM_PWM_PulseFinishedHalfCpltCallback
                0x080037c2        0x2 build/stm32f4xx_hal_tim.o
                0x080037c2                HAL_TIM_PWM_PulseFinishedHalfCpltCallback
 .text.HAL_TIM_TriggerCallback
                0x080037c4        0x2 build/stm32f4xx_hal_tim.o
                0x080037c4                HAL_TIM_TriggerCallback
 .text.HAL_TIM_TriggerHalfCpltCallback
                0x080037c6        0x2 build/stm32f4xx_hal_tim.o
                0x080037c6                HAL_TIM_TriggerHalfCpltCallback
 .text.HAL_TIM_ErrorCallback
                0x080037c8        0x2 build/stm32f4xx_hal_tim.o
                0x080037c8                HAL_TIM_ErrorCallback
 *fill*         0x080037ca        0x2 
 .text.TIM_OC1_SetConfig
                0x080037cc       0x70 build/stm32f4xx_hal_tim.o
 .text.TIM_OC3_SetConfig
                0x0800383c       0x70 build/stm32f4xx_hal_tim.o
 .text.TIM_OC4_SetConfig
                0x080038ac       0x50 build/stm32f4xx_hal_tim.o
 .text.TIM_TI1_ConfigInputStage
                0x080038fc       0x26 build/stm32f4xx_hal_tim.o
 .text.TIM_TI2_SetConfig
                0x08003922       0x36 build/stm32f4xx_hal_tim.o
 .text.TIM_TI2_ConfigInputStage
                0x08003958       0x28 build/stm32f4xx_hal_tim.o
 .text.TIM_TI3_SetConfig
                0x08003980       0x36 build/stm32f4xx_hal_tim.o
 .text.TIM_TI4_SetConfig
                0x080039b6       0x36 build/stm32f4xx_hal_tim.o
 .text.TIM_ITRx_SetConfig
                0x080039ec       0x10 build/stm32f4xx_hal_tim.o
 .text.HAL_TIM_Base_Start_IT
                0x080039fc       0x88 build/stm32f4xx_hal_tim.o
                0x080039fc                HAL_TIM_Base_Start_IT
 .text.HAL_TIM_IRQHandler
                0x08003a84      0x196 build/stm32f4xx_hal_tim.o
                0x08003a84                HAL_TIM_IRQHandler
 .text.HAL_TIM_RegisterCallback
                0x08003c1a      0x182 build/stm32f4xx_hal_tim.o
                0x08003c1a                HAL_TIM_RegisterCallback
 .text.TIM_Base_SetConfig
                0x08003d9c       0xc8 build/stm32f4xx_hal_tim.o
                0x08003d9c                TIM_Base_SetConfig
 .text.TIM_OC2_SetConfig
                0x08003e64       0x70 build/stm32f4xx_hal_tim.o
                0x08003e64                TIM_OC2_SetConfig
 .text.HAL_TIM_PWM_ConfigChannel
                0x08003ed4       0xdc build/stm32f4xx_hal_tim.o
                0x08003ed4                HAL_TIM_PWM_ConfigChannel
 .text.TIM_TI1_SetConfig
                0x08003fb0       0x7c build/stm32f4xx_hal_tim.o
                0x08003fb0                TIM_TI1_SetConfig
 .text.HAL_TIM_IC_ConfigChannel
                0x0800402c       0xc4 build/stm32f4xx_hal_tim.o
                0x0800402c                HAL_TIM_IC_ConfigChannel
 .text.TIM_ETR_SetConfig
                0x080040f0       0x1a build/stm32f4xx_hal_tim.o
                0x080040f0                TIM_ETR_SetConfig
 .text.HAL_TIM_ConfigClockSource
                0x0800410a       0xfe build/stm32f4xx_hal_tim.o
                0x0800410a                HAL_TIM_ConfigClockSource
 .text.TIM_CCxChannelCmd
                0x08004208       0x1e build/stm32f4xx_hal_tim.o
                0x08004208                TIM_CCxChannelCmd
 *fill*         0x08004226        0x2 
 .text.HAL_TIM_PWM_Stop_DMA
                0x08004228       0xf4 build/stm32f4xx_hal_tim.o
                0x08004228                HAL_TIM_PWM_Stop_DMA
 .text.TIM_ResetCallback
                0x0800431c       0x84 build/stm32f4xx_hal_tim.o
                0x0800431c                TIM_ResetCallback
 .text.HAL_TIM_Base_Init
                0x080043a0       0x6c build/stm32f4xx_hal_tim.o
                0x080043a0                HAL_TIM_Base_Init
 .text.HAL_TIM_PWM_Init
                0x0800440c       0x6c build/stm32f4xx_hal_tim.o
                0x0800440c                HAL_TIM_PWM_Init
 .text.HAL_TIM_IC_Init
                0x08004478       0x6c build/stm32f4xx_hal_tim.o
                0x08004478                HAL_TIM_IC_Init
 .text.HAL_TIMEx_MasterConfigSynchronization
                0x080044e4       0x8c build/stm32f4xx_hal_tim_ex.o
                0x080044e4                HAL_TIMEx_MasterConfigSynchronization
 .text.HAL_TIMEx_CommutCallback
                0x08004570        0x2 build/stm32f4xx_hal_tim_ex.o
                0x08004570                HAL_TIMEx_CommutCallback
 .text.HAL_TIMEx_CommutHalfCpltCallback
                0x08004572        0x2 build/stm32f4xx_hal_tim_ex.o
                0x08004572                HAL_TIMEx_CommutHalfCpltCallback
 .text.HAL_TIMEx_BreakCallback
                0x08004574        0x2 build/stm32f4xx_hal_tim_ex.o
                0x08004574                HAL_TIMEx_BreakCallback
 .text.UART_EndRxTransfer
                0x08004576       0x5c build/stm32f4xx_hal_uart.o
 .text.UART_Transmit_IT
                0x080045d2       0x60 build/stm32f4xx_hal_uart.o
 *fill*         0x08004632        0x2 
 .text.UART_SetConfig
                0x08004634      0x110 build/stm32f4xx_hal_uart.o
 .text.HAL_UART_Init
                0x08004744       0x5e build/stm32f4xx_hal_uart.o
                0x08004744                HAL_UART_Init
 .text.HAL_UART_TxCpltCallback
                0x080047a2        0x2 build/stm32f4xx_hal_uart.o
                0x080047a2                HAL_UART_TxCpltCallback
 .text.UART_EndTransmit_IT
                0x080047a4       0x1a build/stm32f4xx_hal_uart.o
 .text.HAL_UART_ErrorCallback
                0x080047be        0x2 build/stm32f4xx_hal_uart.o
                0x080047be                HAL_UART_ErrorCallback
 .text.UART_DMAAbortOnError
                0x080047c0       0x10 build/stm32f4xx_hal_uart.o
 .text.HAL_UARTEx_RxEventCallback
                0x080047d0        0x2 build/stm32f4xx_hal_uart.o
                0x080047d0                HAL_UARTEx_RxEventCallback
 .text.UART_Receive_IT
                0x080047d2       0xe2 build/stm32f4xx_hal_uart.o
 .text.HAL_UART_IRQHandler
                0x080048b4      0x27c build/stm32f4xx_hal_uart.o
                0x080048b4                HAL_UART_IRQHandler
 .text.UART_Start_Receive_IT
                0x08004b30       0x3a build/stm32f4xx_hal_uart.o
                0x08004b30                UART_Start_Receive_IT
 .text.HAL_UART_Receive_IT
                0x08004b6a       0x38 build/stm32f4xx_hal_uart.o
                0x08004b6a                HAL_UART_Receive_IT
 *fill*         0x08004ba2        0x2 
 .text.Reset_Handler
                0x08004ba4       0x50 build/startup_stm32f407xx.o
                0x08004ba4                Reset_Handler
 .text.Default_Handler
                0x08004bf4        0x2 build/startup_stm32f407xx.o
                0x08004bf4                RTC_Alarm_IRQHandler
                0x08004bf4                HASH_RNG_IRQHandler
                0x08004bf4                EXTI2_IRQHandler
                0x08004bf4                TIM8_CC_IRQHandler
                0x08004bf4                TIM1_CC_IRQHandler
                0x08004bf4                DMA2_Stream5_IRQHandler
                0x08004bf4                DMA1_Stream5_IRQHandler
                0x08004bf4                PVD_IRQHandler
                0x08004bf4                SDIO_IRQHandler
                0x08004bf4                TAMP_STAMP_IRQHandler
                0x08004bf4                CAN2_RX1_IRQHandler
                0x08004bf4                EXTI3_IRQHandler
                0x08004bf4                TIM8_TRG_COM_TIM14_IRQHandler
                0x08004bf4                TIM1_UP_TIM10_IRQHandler
                0x08004bf4                TIM8_UP_TIM13_IRQHandler
                0x08004bf4                I2C3_ER_IRQHandler
                0x08004bf4                EXTI0_IRQHandler
                0x08004bf4                I2C2_EV_IRQHandler
                0x08004bf4                CAN1_RX0_IRQHandler
                0x08004bf4                FPU_IRQHandler
                0x08004bf4                OTG_HS_WKUP_IRQHandler
                0x08004bf4                CAN2_SCE_IRQHandler
                0x08004bf4                DMA2_Stream2_IRQHandler
                0x08004bf4                SPI1_IRQHandler
                0x08004bf4                TIM1_BRK_TIM9_IRQHandler
                0x08004bf4                DCMI_IRQHandler
                0x08004bf4                CAN2_RX0_IRQHandler
                0x08004bf4                DMA2_Stream3_IRQHandler
                0x08004bf4                USART6_IRQHandler
                0x08004bf4                USART3_IRQHandler
                0x08004bf4                CAN1_RX1_IRQHandler
                0x08004bf4                UART5_IRQHandler
                0x08004bf4                I2C1_EV_IRQHandler
                0x08004bf4                DMA1_Stream6_IRQHandler
                0x08004bf4                TIM3_IRQHandler
                0x08004bf4                RCC_IRQHandler
                0x08004bf4                TIM8_BRK_TIM12_IRQHandler
                0x08004bf4                Default_Handler
                0x08004bf4                EXTI15_10_IRQHandler
                0x08004bf4                ADC_IRQHandler
                0x08004bf4                CAN2_TX_IRQHandler
                0x08004bf4                DMA2_Stream7_IRQHandler
                0x08004bf4                I2C3_EV_IRQHandler
                0x08004bf4                EXTI9_5_IRQHandler
                0x08004bf4                RTC_WKUP_IRQHandler
                0x08004bf4                ETH_WKUP_IRQHandler
                0x08004bf4                SPI2_IRQHandler
                0x08004bf4                OTG_HS_EP1_IN_IRQHandler
                0x08004bf4                CAN1_TX_IRQHandler
                0x08004bf4                EXTI4_IRQHandler
                0x08004bf4                FSMC_IRQHandler
                0x08004bf4                ETH_IRQHandler
                0x08004bf4                OTG_HS_EP1_OUT_IRQHandler
                0x08004bf4                WWDG_IRQHandler
                0x08004bf4                OTG_FS_WKUP_IRQHandler
                0x08004bf4                TIM1_TRG_COM_TIM11_IRQHandler
                0x08004bf4                OTG_HS_IRQHandler
                0x08004bf4                EXTI1_IRQHandler
                0x08004bf4                USART2_IRQHandler
                0x08004bf4                I2C2_ER_IRQHandler
                0x08004bf4                DMA2_Stream1_IRQHandler
                0x08004bf4                CAN1_SCE_IRQHandler
                0x08004bf4                FLASH_IRQHandler
                0x08004bf4                DMA2_Stream4_IRQHandler
                0x08004bf4                USART1_IRQHandler
                0x08004bf4                OTG_FS_IRQHandler
                0x08004bf4                SPI3_IRQHandler
                0x08004bf4                DMA1_Stream4_IRQHandler
                0x08004bf4                I2C1_ER_IRQHandler
                0x08004bf4                DMA2_Stream6_IRQHandler
                0x08004bf4                DMA1_Stream3_IRQHandler
 *fill*         0x08004bf6        0x2 
 .text.sprintf  0x08004bf8       0x40 c:/users/jesse arendse/appdata/roaming/code/user/globalstorage/bmd.stm32-for-vscode/@xpack-dev-tools/arm-none-eabi-gcc/12.3.1-1.2.1/.content/bin/../lib/gcc/arm-none-eabi/12.3.1/../../../../arm-none-eabi/lib/thumb/v7e-m+fp/hard\libc_nano.a(libc_a-sprintf.o)
                0x08004bf8                siprintf
                0x08004bf8                sprintf
 .text.memset   0x08004c38       0x10 c:/users/jesse arendse/appdata/roaming/code/user/globalstorage/bmd.stm32-for-vscode/@xpack-dev-tools/arm-none-eabi-gcc/12.3.1-1.2.1/.content/bin/../lib/gcc/arm-none-eabi/12.3.1/../../../../arm-none-eabi/lib/thumb/v7e-m+fp/hard\libc_nano.a(libc_a-memset.o)
                0x08004c38                memset
 .text.__libc_init_array
                0x08004c48       0x48 c:/users/jesse arendse/appdata/roaming/code/user/globalstorage/bmd.stm32-for-vscode/@xpack-dev-tools/arm-none-eabi-gcc/12.3.1-1.2.1/.content/bin/../lib/gcc/arm-none-eabi/12.3.1/../../../../arm-none-eabi/lib/thumb/v7e-m+fp/hard\libc_nano.a(libc_a-init.o)
                0x08004c48                __libc_init_array
 .text.__retarget_lock_acquire_recursive
                0x08004c90        0x2 c:/users/jesse arendse/appdata/roaming/code/user/globalstorage/bmd.stm32-for-vscode/@xpack-dev-tools/arm-none-eabi-gcc/12.3.1-1.2.1/.content/bin/../lib/gcc/arm-none-eabi/12.3.1/../../../../arm-none-eabi/lib/thumb/v7e-m+fp/hard\libc_nano.a(libc_a-lock.o)
                0x08004c90                __retarget_lock_acquire_recursive
 .text.__retarget_lock_release_recursive
                0x08004c92        0x2 c:/users/jesse arendse/appdata/roaming/code/user/globalstorage/bmd.stm32-for-vscode/@xpack-dev-tools/arm-none-eabi-gcc/12.3.1-1.2.1/.content/bin/../lib/gcc/arm-none-eabi/12.3.1/../../../../arm-none-eabi/lib/thumb/v7e-m+fp/hard\libc_nano.a(libc_a-lock.o)
                0x08004c92                __retarget_lock_release_recursive
 .text._free_r  0x08004c94       0x94 c:/users/jesse arendse/appdata/roaming/code/user/globalstorage/bmd.stm32-for-vscode/@xpack-dev-tools/arm-none-eabi-gcc/12.3.1-1.2.1/.content/bin/../lib/gcc/arm-none-eabi/12.3.1/../../../../arm-none-eabi/lib/thumb/v7e-m+fp/hard\libc_nano.a(libc_a-freer.o)
                0x08004c94                _free_r
 .text.sbrk_aligned
                0x08004d28       0x44 c:/users/jesse arendse/appdata/roaming/code/user/globalstorage/bmd.stm32-for-vscode/@xpack-dev-tools/arm-none-eabi-gcc/12.3.1-1.2.1/.content/bin/../lib/gcc/arm-none-eabi/12.3.1/../../../../arm-none-eabi/lib/thumb/v7e-m+fp/hard\libc_nano.a(libc_a-mallocr.o)
 .text._malloc_r
                0x08004d6c      0x100 c:/users/jesse arendse/appdata/roaming/code/user/globalstorage/bmd.stm32-for-vscode/@xpack-dev-tools/arm-none-eabi-gcc/12.3.1-1.2.1/.content/bin/../lib/gcc/arm-none-eabi/12.3.1/../../../../arm-none-eabi/lib/thumb/v7e-m+fp/hard\libc_nano.a(libc_a-mallocr.o)
                0x08004d6c                _malloc_r
 .text.__malloc_lock
                0x08004e6c        0xc c:/users/jesse arendse/appdata/roaming/code/user/globalstorage/bmd.stm32-for-vscode/@xpack-dev-tools/arm-none-eabi-gcc/12.3.1-1.2.1/.content/bin/../lib/gcc/arm-none-eabi/12.3.1/../../../../arm-none-eabi/lib/thumb/v7e-m+fp/hard\libc_nano.a(libc_a-mlock.o)
                0x08004e6c                __malloc_lock
 .text.__malloc_unlock
                0x08004e78        0xc c:/users/jesse arendse/appdata/roaming/code/user/globalstorage/bmd.stm32-for-vscode/@xpack-dev-tools/arm-none-eabi-gcc/12.3.1-1.2.1/.content/bin/../lib/gcc/arm-none-eabi/12.3.1/../../../../arm-none-eabi/lib/thumb/v7e-m+fp/hard\libc_nano.a(libc_a-mlock.o)
                0x08004e78                __malloc_unlock
 .text.__ssputs_r
                0x08004e84       0xb6 c:/users/jesse arendse/appdata/roaming/code/user/globalstorage/bmd.stm32-for-vscode/@xpack-dev-tools/arm-none-eabi-gcc/12.3.1-1.2.1/.content/bin/../lib/gcc/arm-none-eabi/12.3.1/../../../../arm-none-eabi/lib/thumb/v7e-m+fp/hard\libc_nano.a(libc_a-nano-svfprintf.o)
                0x08004e84                __ssputs_r
 *fill*         0x08004f3a        0x2 
 .text._svfprintf_r
                0x08004f3c      0x1f8 c:/users/jesse arendse/appdata/roaming/code/user/globalstorage/bmd.stm32-for-vscode/@xpack-dev-tools/arm-none-eabi-gcc/12.3.1-1.2.1/.content/bin/../lib/gcc/arm-none-eabi/12.3.1/../../../../arm-none-eabi/lib/thumb/v7e-m+fp/hard\libc_nano.a(libc_a-nano-svfprintf.o)
                0x08004f3c                _svfiprintf_r
                0x08004f3c                _svfprintf_r
 .text._printf_common
                0x08005134       0xda c:/users/jesse arendse/appdata/roaming/code/user/globalstorage/bmd.stm32-for-vscode/@xpack-dev-tools/arm-none-eabi-gcc/12.3.1-1.2.1/.content/bin/../lib/gcc/arm-none-eabi/12.3.1/../../../../arm-none-eabi/lib/thumb/v7e-m+fp/hard\libc_nano.a(libc_a-nano-vfprintf_i.o)
                0x08005134                _printf_common
 *fill*         0x0800520e        0x2 
 .text._printf_i
                0x08005210      0x258 c:/users/jesse arendse/appdata/roaming/code/user/globalstorage/bmd.stm32-for-vscode/@xpack-dev-tools/arm-none-eabi-gcc/12.3.1-1.2.1/.content/bin/../lib/gcc/arm-none-eabi/12.3.1/../../../../arm-none-eabi/lib/thumb/v7e-m+fp/hard\libc_nano.a(libc_a-nano-vfprintf_i.o)
                0x08005210                _printf_i
 .text.memmove  0x08005468       0x34 c:/users/jesse arendse/appdata/roaming/code/user/globalstorage/bmd.stm32-for-vscode/@xpack-dev-tools/arm-none-eabi-gcc/12.3.1-1.2.1/.content/bin/../lib/gcc/arm-none-eabi/12.3.1/../../../../arm-none-eabi/lib/thumb/v7e-m+fp/hard\libc_nano.a(libc_a-memmove.o)
                0x08005468                memmove
 .text._sbrk_r  0x0800549c       0x20 c:/users/jesse arendse/appdata/roaming/code/user/globalstorage/bmd.stm32-for-vscode/@xpack-dev-tools/arm-none-eabi-gcc/12.3.1-1.2.1/.content/bin/../lib/gcc/arm-none-eabi/12.3.1/../../../../arm-none-eabi/lib/thumb/v7e-m+fp/hard\libc_nano.a(libc_a-sbrkr.o)
                0x0800549c                _sbrk_r
 .text.memcpy   0x080054bc       0x1c c:/users/jesse arendse/appdata/roaming/code/user/globalstorage/bmd.stm32-for-vscode/@xpack-dev-tools/arm-none-eabi-gcc/12.3.1-1.2.1/.content/bin/../lib/gcc/arm-none-eabi/12.3.1/../../../../arm-none-eabi/lib/thumb/v7e-m+fp/hard\libc_nano.a(libc_a-memcpy-stub.o)
                0x080054bc                memcpy
 .text._realloc_r
                0x080054d8       0x5c c:/users/jesse arendse/appdata/roaming/code/user/globalstorage/bmd.stm32-for-vscode/@xpack-dev-tools/arm-none-eabi-gcc/12.3.1-1.2.1/.content/bin/../lib/gcc/arm-none-eabi/12.3.1/../../../../arm-none-eabi/lib/thumb/v7e-m+fp/hard\libc_nano.a(libc_a-reallocr.o)
                0x080054d8                _realloc_r
 .text._malloc_usable_size_r
                0x08005534       0x10 c:/users/jesse arendse/appdata/roaming/code/user/globalstorage/bmd.stm32-for-vscode/@xpack-dev-tools/arm-none-eabi-gcc/12.3.1-1.2.1/.content/bin/../lib/gcc/arm-none-eabi/12.3.1/../../../../arm-none-eabi/lib/thumb/v7e-m+fp/hard\libc_nano.a(libc_a-msizer.o)
                0x08005534                _malloc_usable_size_r
 .text._sbrk    0x08005544       0x1c c:/users/jesse arendse/appdata/roaming/code/user/globalstorage/bmd.stm32-for-vscode/@xpack-dev-tools/arm-none-eabi-gcc/12.3.1-1.2.1/.content/bin/../lib/gcc/arm-none-eabi/12.3.1/../../../../arm-none-eabi/lib/thumb/v7e-m+fp/hard\libnosys.a(sbrk.o)
                0x08005544                _sbrk
 .text.__udivmoddi4
                0x08005560      0x2bc c:/users/jesse arendse/appdata/roaming/code/user/globalstorage/bmd.stm32-for-vscode/@xpack-dev-tools/arm-none-eabi-gcc/12.3.1-1.2.1/.content/bin/../lib/gcc/arm-none-eabi/12.3.1/thumb/v7e-m+fp/hard\libgcc.a(_udivmoddi4.o)
                0x08005560                __udivmoddi4
 *(.glue_7)
 .glue_7        0x0800581c        0x0 linker stubs
 *(.glue_7t)
 .glue_7t       0x0800581c        0x0 linker stubs
 *(.eh_frame)
 .eh_frame      0x0800581c        0x0 c:/users/jesse arendse/appdata/roaming/code/user/globalstorage/bmd.stm32-for-vscode/@xpack-dev-tools/arm-none-eabi-gcc/12.3.1-1.2.1/.content/bin/../lib/gcc/arm-none-eabi/12.3.1/thumb/v7e-m+fp/hard/crtbegin.o
 *(.init)
 .init          0x0800581c        0x4 c:/users/jesse arendse/appdata/roaming/code/user/globalstorage/bmd.stm32-for-vscode/@xpack-dev-tools/arm-none-eabi-gcc/12.3.1-1.2.1/.content/bin/../lib/gcc/arm-none-eabi/12.3.1/thumb/v7e-m+fp/hard/crti.o
                0x0800581c                _init
 .init          0x08005820        0x8 c:/users/jesse arendse/appdata/roaming/code/user/globalstorage/bmd.stm32-for-vscode/@xpack-dev-tools/arm-none-eabi-gcc/12.3.1-1.2.1/.content/bin/../lib/gcc/arm-none-eabi/12.3.1/thumb/v7e-m+fp/hard/crtn.o
 *(.fini)
 .fini          0x08005828        0x4 c:/users/jesse arendse/appdata/roaming/code/user/globalstorage/bmd.stm32-for-vscode/@xpack-dev-tools/arm-none-eabi-gcc/12.3.1-1.2.1/.content/bin/../lib/gcc/arm-none-eabi/12.3.1/thumb/v7e-m+fp/hard/crti.o
                0x08005828                _fini
 .fini          0x0800582c        0x8 c:/users/jesse arendse/appdata/roaming/code/user/globalstorage/bmd.stm32-for-vscode/@xpack-dev-tools/arm-none-eabi-gcc/12.3.1-1.2.1/.content/bin/../lib/gcc/arm-none-eabi/12.3.1/thumb/v7e-m+fp/hard/crtn.o
                0x08005834                        . = ALIGN (0x4)
                0x08005834                        _etext = .

.vfp11_veneer   0x08005834        0x0
 .vfp11_veneer  0x08005834        0x0 linker stubs

.v4_bx          0x08005834        0x0
 .v4_bx         0x08005834        0x0 linker stubs

.iplt           0x08005834        0x0
 .iplt          0x08005834        0x0 c:/users/jesse arendse/appdata/roaming/code/user/globalstorage/bmd.stm32-for-vscode/@xpack-dev-tools/arm-none-eabi-gcc/12.3.1-1.2.1/.content/bin/../lib/gcc/arm-none-eabi/12.3.1/thumb/v7e-m+fp/hard/crtbegin.o

.rodata         0x08005834       0x5c
                0x08005834                        . = ALIGN (0x4)
 *(.rodata)
 *(.rodata*)
 .rodata.setFloatNumber.str1.4
                0x08005834        0x6 build/7SegDisplay.o
 *fill*         0x0800583a        0x2 
 .rodata.APBPrescTable
                0x0800583c        0x8 build/system_stm32f4xx.o
                0x0800583c                APBPrescTable
 .rodata.AHBPrescTable
                0x08005844       0x10 build/system_stm32f4xx.o
                0x08005844                AHBPrescTable
 .rodata.flagBitshiftOffset.0
                0x08005854        0x8 build/stm32f4xx_hal_dma.o
 .rodata._svfprintf_r.str1.1
                0x0800585c       0x11 c:/users/jesse arendse/appdata/roaming/code/user/globalstorage/bmd.stm32-for-vscode/@xpack-dev-tools/arm-none-eabi-gcc/12.3.1-1.2.1/.content/bin/../lib/gcc/arm-none-eabi/12.3.1/../../../../arm-none-eabi/lib/thumb/v7e-m+fp/hard\libc_nano.a(libc_a-nano-svfprintf.o)
 .rodata._printf_i.str1.1
                0x0800586d       0x22 c:/users/jesse arendse/appdata/roaming/code/user/globalstorage/bmd.stm32-for-vscode/@xpack-dev-tools/arm-none-eabi-gcc/12.3.1-1.2.1/.content/bin/../lib/gcc/arm-none-eabi/12.3.1/../../../../arm-none-eabi/lib/thumb/v7e-m+fp/hard\libc_nano.a(libc_a-nano-vfprintf_i.o)
                0x08005890                        . = ALIGN (0x4)
 *fill*         0x0800588f        0x1 

.ARM.extab
 *(.ARM.extab* .gnu.linkonce.armextab.*)

.ARM            0x08005890        0x8
                0x08005890                        __exidx_start = .
 *(.ARM.exidx*)
 .ARM.exidx     0x08005890        0x8 c:/users/jesse arendse/appdata/roaming/code/user/globalstorage/bmd.stm32-for-vscode/@xpack-dev-tools/arm-none-eabi-gcc/12.3.1-1.2.1/.content/bin/../lib/gcc/arm-none-eabi/12.3.1/../../../../arm-none-eabi/lib/thumb/v7e-m+fp/hard\libc_nano.a(libc_a-memchr.o)
 .ARM.exidx.text.__udivmoddi4
                0x08005898        0x0 c:/users/jesse arendse/appdata/roaming/code/user/globalstorage/bmd.stm32-for-vscode/@xpack-dev-tools/arm-none-eabi-gcc/12.3.1-1.2.1/.content/bin/../lib/gcc/arm-none-eabi/12.3.1/thumb/v7e-m+fp/hard\libgcc.a(_udivmoddi4.o)
                                  0x8 (size before relaxing)
                0x08005898                        __exidx_end = .

.rel.dyn        0x08005898        0x0
 .rel.iplt      0x08005898        0x0 c:/users/jesse arendse/appdata/roaming/code/user/globalstorage/bmd.stm32-for-vscode/@xpack-dev-tools/arm-none-eabi-gcc/12.3.1-1.2.1/.content/bin/../lib/gcc/arm-none-eabi/12.3.1/thumb/v7e-m+fp/hard/crtbegin.o

.preinit_array  0x08005898        0x0
                0x08005898                        PROVIDE (__preinit_array_start = .)
 *(.preinit_array*)
                0x08005898                        PROVIDE (__preinit_array_end = .)

.init_array     0x08005898        0x4
                0x08005898                        PROVIDE (__init_array_start = .)
 *(SORT_BY_NAME(.init_array.*))
 *(.init_array*)
 .init_array    0x08005898        0x4 c:/users/jesse arendse/appdata/roaming/code/user/globalstorage/bmd.stm32-for-vscode/@xpack-dev-tools/arm-none-eabi-gcc/12.3.1-1.2.1/.content/bin/../lib/gcc/arm-none-eabi/12.3.1/thumb/v7e-m+fp/hard/crtbegin.o
                0x0800589c                        PROVIDE (__init_array_end = .)

.fini_array     0x0800589c        0x4
                0x0800589c                        PROVIDE (__fini_array_start = .)
 *(SORT_BY_NAME(.fini_array.*))
 *(.fini_array*)
 .fini_array    0x0800589c        0x4 c:/users/jesse arendse/appdata/roaming/code/user/globalstorage/bmd.stm32-for-vscode/@xpack-dev-tools/arm-none-eabi-gcc/12.3.1-1.2.1/.content/bin/../lib/gcc/arm-none-eabi/12.3.1/thumb/v7e-m+fp/hard/crtbegin.o
                0x080058a0                        PROVIDE (__fini_array_end = .)
                0x080058a0                        _sidata = LOADADDR (.data)

.data           0x20000000       0x5c load address 0x080058a0
                0x20000000                        . = ALIGN (0x4)
                0x20000000                        _sdata = .
 *(.data)
 *(.data*)
 .data.SystemCoreClock
                0x20000000        0x4 build/system_stm32f4xx.o
                0x20000000                SystemCoreClock
 .data.uwTickFreq
                0x20000004        0x1 build/stm32f4xx_hal.o
                0x20000004                uwTickFreq
 *fill*         0x20000005        0x3 
 .data.uwTickPrio
                0x20000008        0x4 build/stm32f4xx_hal.o
                0x20000008                uwTickPrio
 .data._impure_ptr
                0x2000000c        0x4 c:/users/jesse arendse/appdata/roaming/code/user/globalstorage/bmd.stm32-for-vscode/@xpack-dev-tools/arm-none-eabi-gcc/12.3.1-1.2.1/.content/bin/../lib/gcc/arm-none-eabi/12.3.1/../../../../arm-none-eabi/lib/thumb/v7e-m+fp/hard\libc_nano.a(libc_a-impure.o)
                0x2000000c                _impure_ptr
 .data._impure_data
                0x20000010       0x4c c:/users/jesse arendse/appdata/roaming/code/user/globalstorage/bmd.stm32-for-vscode/@xpack-dev-tools/arm-none-eabi-gcc/12.3.1-1.2.1/.content/bin/../lib/gcc/arm-none-eabi/12.3.1/../../../../arm-none-eabi/lib/thumb/v7e-m+fp/hard\libc_nano.a(libc_a-impure.o)
                0x20000010                _impure_data
                0x2000005c                        . = ALIGN (0x4)
                0x2000005c                        _edata = .
                0x080058fc                        _siccmram = LOADADDR (.ccmram)

.igot.plt       0x2000005c        0x0 load address 0x080058fc
 .igot.plt      0x2000005c        0x0 c:/users/jesse arendse/appdata/roaming/code/user/globalstorage/bmd.stm32-for-vscode/@xpack-dev-tools/arm-none-eabi-gcc/12.3.1-1.2.1/.content/bin/../lib/gcc/arm-none-eabi/12.3.1/thumb/v7e-m+fp/hard/crtbegin.o

.ccmram         0x10000000        0x0 load address 0x080058fc
                0x10000000                        . = ALIGN (0x4)
                0x10000000                        _sccmram = .
 *(.ccmram)
 *(.ccmram*)
                0x10000000                        . = ALIGN (0x4)
                0x10000000                        _eccmram = .
                0x10000000                        . = ALIGN (0x4)

.bss            0x2000005c      0x9a4
                0x2000005c                        _sbss = .
                0x2000005c                        __bss_start__ = _sbss
 *(.bss)
 *(.bss*)
 .bss.completed.1
                0x2000005c        0x1 c:/users/jesse arendse/appdata/roaming/code/user/globalstorage/bmd.stm32-for-vscode/@xpack-dev-tools/arm-none-eabi-gcc/12.3.1-1.2.1/.content/bin/../lib/gcc/arm-none-eabi/12.3.1/thumb/v7e-m+fp/hard/crtbegin.o
 *fill*         0x2000005d        0x3 
 .bss.object.0  0x20000060       0x18 c:/users/jesse arendse/appdata/roaming/code/user/globalstorage/bmd.stm32-for-vscode/@xpack-dev-tools/arm-none-eabi-gcc/12.3.1-1.2.1/.content/bin/../lib/gcc/arm-none-eabi/12.3.1/thumb/v7e-m+fp/hard/crtbegin.o
 .bss.floated   0x20000078        0x1 build/7SegDisplay.o
                0x20000078                floated
 *fill*         0x20000079        0x3 
 .bss.displayStr
                0x2000007c       0x10 build/7SegDisplay.o
                0x2000007c                displayStr
 .bss.counter   0x2000008c        0x1 build/7SegDisplay.o
                0x2000008c                counter
 *fill*         0x2000008d        0x3 
 .bss.accel_z   0x20000090        0x4 build/IMU.o
                0x20000090                accel_z
 .bss.accel_y   0x20000094        0x4 build/IMU.o
                0x20000094                accel_y
 .bss.accel_x   0x20000098        0x4 build/IMU.o
                0x20000098                accel_x
 .bss.checking  0x2000009c        0x1 build/IMU.o
                0x2000009c                checking
 *fill*         0x2000009d        0x3 
 .bss.rxBuffer  0x200000a0        0xd build/USB.o
                0x200000a0                rxBuffer
 *fill*         0x200000ad        0x3 
 .bss.huart4    0x200000b0       0x44 build/main.o
                0x200000b0                huart4
 .bss.hdma_tim3_ch4_up
                0x200000f4       0x60 build/main.o
                0x200000f4                hdma_tim3_ch4_up
 .bss.hdma_tim3_ch3
                0x20000154       0x60 build/main.o
                0x20000154                hdma_tim3_ch3
 .bss.hdma_tim2_up_ch3
                0x200001b4       0x60 build/main.o
                0x200001b4                hdma_tim2_up_ch3
 .bss.htim7     0x20000214       0xb4 build/main.o
                0x20000214                htim7
 .bss.htim6     0x200002c8       0xb4 build/main.o
                0x200002c8                htim6
 .bss.htim5     0x2000037c       0xb4 build/main.o
                0x2000037c                htim5
 .bss.htim4     0x20000430       0xb4 build/main.o
                0x20000430                htim4
 .bss.htim3     0x200004e4       0xb4 build/main.o
                0x200004e4                htim3
 .bss.htim2     0x20000598       0xb4 build/main.o
                0x20000598                htim2
 .bss.htim1     0x2000064c       0xb4 build/main.o
                0x2000064c                htim1
 .bss.hdma_i2c1_rx
                0x20000700       0x60 build/main.o
                0x20000700                hdma_i2c1_rx
 .bss.hi2c2     0x20000760       0x54 build/main.o
                0x20000760                hi2c2
 .bss.hi2c1     0x200007b4       0x54 build/main.o
                0x200007b4                hi2c1
 .bss.hdma_adc1
                0x20000808       0x60 build/main.o
                0x20000808                hdma_adc1
 .bss.hadc1     0x20000868       0x48 build/main.o
                0x20000868                hadc1
 .bss.uwTick    0x200008b0        0x4 build/stm32f4xx_hal.o
                0x200008b0                uwTick
 .bss.__sf      0x200008b4      0x138 c:/users/jesse arendse/appdata/roaming/code/user/globalstorage/bmd.stm32-for-vscode/@xpack-dev-tools/arm-none-eabi-gcc/12.3.1-1.2.1/.content/bin/../lib/gcc/arm-none-eabi/12.3.1/../../../../arm-none-eabi/lib/thumb/v7e-m+fp/hard\libc_nano.a(libc_a-findfp.o)
                0x200008b4                __sf
 .bss.errno     0x200009ec        0x4 c:/users/jesse arendse/appdata/roaming/code/user/globalstorage/bmd.stm32-for-vscode/@xpack-dev-tools/arm-none-eabi-gcc/12.3.1-1.2.1/.content/bin/../lib/gcc/arm-none-eabi/12.3.1/../../../../arm-none-eabi/lib/thumb/v7e-m+fp/hard\libc_nano.a(libc_a-reent.o)
                0x200009ec                errno
 .bss.__lock___malloc_recursive_mutex
                0x200009f0        0x1 c:/users/jesse arendse/appdata/roaming/code/user/globalstorage/bmd.stm32-for-vscode/@xpack-dev-tools/arm-none-eabi-gcc/12.3.1-1.2.1/.content/bin/../lib/gcc/arm-none-eabi/12.3.1/../../../../arm-none-eabi/lib/thumb/v7e-m+fp/hard\libc_nano.a(libc_a-lock.o)
                0x200009f0                __lock___malloc_recursive_mutex
 *fill*         0x200009f1        0x3 
 .bss.__malloc_sbrk_start
                0x200009f4        0x4 c:/users/jesse arendse/appdata/roaming/code/user/globalstorage/bmd.stm32-for-vscode/@xpack-dev-tools/arm-none-eabi-gcc/12.3.1-1.2.1/.content/bin/../lib/gcc/arm-none-eabi/12.3.1/../../../../arm-none-eabi/lib/thumb/v7e-m+fp/hard\libc_nano.a(libc_a-mallocr.o)
                0x200009f4                __malloc_sbrk_start
 .bss.__malloc_free_list
                0x200009f8        0x4 c:/users/jesse arendse/appdata/roaming/code/user/globalstorage/bmd.stm32-for-vscode/@xpack-dev-tools/arm-none-eabi-gcc/12.3.1-1.2.1/.content/bin/../lib/gcc/arm-none-eabi/12.3.1/../../../../arm-none-eabi/lib/thumb/v7e-m+fp/hard\libc_nano.a(libc_a-mallocr.o)
                0x200009f8                __malloc_free_list
 .bss.heap_end.0
                0x200009fc        0x4 c:/users/jesse arendse/appdata/roaming/code/user/globalstorage/bmd.stm32-for-vscode/@xpack-dev-tools/arm-none-eabi-gcc/12.3.1-1.2.1/.content/bin/../lib/gcc/arm-none-eabi/12.3.1/../../../../arm-none-eabi/lib/thumb/v7e-m+fp/hard\libnosys.a(sbrk.o)
 *(COMMON)
                0x20000a00                        . = ALIGN (0x4)
                0x20000a00                        _ebss = .
                0x20000a00                        __bss_end__ = _ebss

._user_heap_stack
                0x20000a00      0x600
                0x20000a00                        . = ALIGN (0x8)
                0x20000a00                        PROVIDE (end = .)
                [!provide]                        PROVIDE (_end = .)
                0x20000c00                        . = (. + _Min_Heap_Size)
 *fill*         0x20000a00      0x200 
                0x20001000                        . = (. + _Min_Stack_Size)
 *fill*         0x20000c00      0x400 
                0x20001000                        . = ALIGN (0x8)

/DISCARD/
 libc.a(*)
 libm.a(*)
 libgcc.a(*)

.ARM.attributes
                0x00000000       0x30
 *(.ARM.attributes)
 .ARM.attributes
                0x00000000       0x22 c:/users/jesse arendse/appdata/roaming/code/user/globalstorage/bmd.stm32-for-vscode/@xpack-dev-tools/arm-none-eabi-gcc/12.3.1-1.2.1/.content/bin/../lib/gcc/arm-none-eabi/12.3.1/thumb/v7e-m+fp/hard/crti.o
 .ARM.attributes
                0x00000022       0x34 c:/users/jesse arendse/appdata/roaming/code/user/globalstorage/bmd.stm32-for-vscode/@xpack-dev-tools/arm-none-eabi-gcc/12.3.1-1.2.1/.content/bin/../lib/gcc/arm-none-eabi/12.3.1/thumb/v7e-m+fp/hard/crtbegin.o
 .ARM.attributes
                0x00000056       0x34 build/7SegDisplay.o
 .ARM.attributes
                0x0000008a       0x34 build/CurrentMonitor.o
 .ARM.attributes
                0x000000be       0x34 build/IMU.o
 .ARM.attributes
                0x000000f2       0x34 build/NeoPixels.o
 .ARM.attributes
                0x00000126       0x34 build/USB.o
 .ARM.attributes
                0x0000015a       0x34 build/main.o
 .ARM.attributes
                0x0000018e       0x34 build/stm32f4xx_hal_msp.o
 .ARM.attributes
                0x000001c2       0x34 build/stm32f4xx_it.o
 .ARM.attributes
                0x000001f6       0x34 build/system_stm32f4xx.o
 .ARM.attributes
                0x0000022a       0x34 build/stm32f4xx_hal.o
 .ARM.attributes
                0x0000025e       0x34 build/stm32f4xx_hal_adc.o
 .ARM.attributes
                0x00000292       0x34 build/stm32f4xx_hal_cortex.o
 .ARM.attributes
                0x000002c6       0x34 build/stm32f4xx_hal_dma.o
 .ARM.attributes
                0x000002fa       0x34 build/stm32f4xx_hal_gpio.o
 .ARM.attributes
                0x0000032e       0x34 build/stm32f4xx_hal_i2c.o
 .ARM.attributes
                0x00000362       0x34 build/stm32f4xx_hal_rcc.o
 .ARM.attributes
                0x00000396       0x34 build/stm32f4xx_hal_tim.o
 .ARM.attributes
                0x000003ca       0x34 build/stm32f4xx_hal_tim_ex.o
 .ARM.attributes
                0x000003fe       0x34 build/stm32f4xx_hal_uart.o
 .ARM.attributes
                0x00000432       0x21 build/startup_stm32f407xx.o
 .ARM.attributes
                0x00000453       0x34 c:/users/jesse arendse/appdata/roaming/code/user/globalstorage/bmd.stm32-for-vscode/@xpack-dev-tools/arm-none-eabi-gcc/12.3.1-1.2.1/.content/bin/../lib/gcc/arm-none-eabi/12.3.1/../../../../arm-none-eabi/lib/thumb/v7e-m+fp/hard\libc_nano.a(libc_a-findfp.o)
 .ARM.attributes
                0x00000487       0x34 c:/users/jesse arendse/appdata/roaming/code/user/globalstorage/bmd.stm32-for-vscode/@xpack-dev-tools/arm-none-eabi-gcc/12.3.1-1.2.1/.content/bin/../lib/gcc/arm-none-eabi/12.3.1/../../../../arm-none-eabi/lib/thumb/v7e-m+fp/hard\libc_nano.a(libc_a-sprintf.o)
 .ARM.attributes
                0x000004bb       0x34 c:/users/jesse arendse/appdata/roaming/code/user/globalstorage/bmd.stm32-for-vscode/@xpack-dev-tools/arm-none-eabi-gcc/12.3.1-1.2.1/.content/bin/../lib/gcc/arm-none-eabi/12.3.1/../../../../arm-none-eabi/lib/thumb/v7e-m+fp/hard\libc_nano.a(libc_a-memset.o)
 .ARM.attributes
                0x000004ef       0x34 c:/users/jesse arendse/appdata/roaming/code/user/globalstorage/bmd.stm32-for-vscode/@xpack-dev-tools/arm-none-eabi-gcc/12.3.1-1.2.1/.content/bin/../lib/gcc/arm-none-eabi/12.3.1/../../../../arm-none-eabi/lib/thumb/v7e-m+fp/hard\libc_nano.a(libc_a-reent.o)
 .ARM.attributes
                0x00000523       0x34 c:/users/jesse arendse/appdata/roaming/code/user/globalstorage/bmd.stm32-for-vscode/@xpack-dev-tools/arm-none-eabi-gcc/12.3.1-1.2.1/.content/bin/../lib/gcc/arm-none-eabi/12.3.1/../../../../arm-none-eabi/lib/thumb/v7e-m+fp/hard\libc_nano.a(libc_a-impure.o)
 .ARM.attributes
                0x00000557       0x34 c:/users/jesse arendse/appdata/roaming/code/user/globalstorage/bmd.stm32-for-vscode/@xpack-dev-tools/arm-none-eabi-gcc/12.3.1-1.2.1/.content/bin/../lib/gcc/arm-none-eabi/12.3.1/../../../../arm-none-eabi/lib/thumb/v7e-m+fp/hard\libc_nano.a(libc_a-init.o)
 .ARM.attributes
                0x0000058b       0x34 c:/users/jesse arendse/appdata/roaming/code/user/globalstorage/bmd.stm32-for-vscode/@xpack-dev-tools/arm-none-eabi-gcc/12.3.1-1.2.1/.content/bin/../lib/gcc/arm-none-eabi/12.3.1/../../../../arm-none-eabi/lib/thumb/v7e-m+fp/hard\libc_nano.a(libc_a-lock.o)
 .ARM.attributes
                0x000005bf       0x34 c:/users/jesse arendse/appdata/roaming/code/user/globalstorage/bmd.stm32-for-vscode/@xpack-dev-tools/arm-none-eabi-gcc/12.3.1-1.2.1/.content/bin/../lib/gcc/arm-none-eabi/12.3.1/../../../../arm-none-eabi/lib/thumb/v7e-m+fp/hard\libc_nano.a(libc_a-freer.o)
 .ARM.attributes
                0x000005f3       0x34 c:/users/jesse arendse/appdata/roaming/code/user/globalstorage/bmd.stm32-for-vscode/@xpack-dev-tools/arm-none-eabi-gcc/12.3.1-1.2.1/.content/bin/../lib/gcc/arm-none-eabi/12.3.1/../../../../arm-none-eabi/lib/thumb/v7e-m+fp/hard\libc_nano.a(libc_a-mallocr.o)
 .ARM.attributes
                0x00000627       0x34 c:/users/jesse arendse/appdata/roaming/code/user/globalstorage/bmd.stm32-for-vscode/@xpack-dev-tools/arm-none-eabi-gcc/12.3.1-1.2.1/.content/bin/../lib/gcc/arm-none-eabi/12.3.1/../../../../arm-none-eabi/lib/thumb/v7e-m+fp/hard\libc_nano.a(libc_a-mlock.o)
 .ARM.attributes
                0x0000065b       0x34 c:/users/jesse arendse/appdata/roaming/code/user/globalstorage/bmd.stm32-for-vscode/@xpack-dev-tools/arm-none-eabi-gcc/12.3.1-1.2.1/.content/bin/../lib/gcc/arm-none-eabi/12.3.1/../../../../arm-none-eabi/lib/thumb/v7e-m+fp/hard\libc_nano.a(libc_a-nano-svfprintf.o)
 .ARM.attributes
                0x0000068f       0x34 c:/users/jesse arendse/appdata/roaming/code/user/globalstorage/bmd.stm32-for-vscode/@xpack-dev-tools/arm-none-eabi-gcc/12.3.1-1.2.1/.content/bin/../lib/gcc/arm-none-eabi/12.3.1/../../../../arm-none-eabi/lib/thumb/v7e-m+fp/hard\libc_nano.a(libc_a-nano-vfprintf_i.o)
 .ARM.attributes
                0x000006c3       0x34 c:/users/jesse arendse/appdata/roaming/code/user/globalstorage/bmd.stm32-for-vscode/@xpack-dev-tools/arm-none-eabi-gcc/12.3.1-1.2.1/.content/bin/../lib/gcc/arm-none-eabi/12.3.1/../../../../arm-none-eabi/lib/thumb/v7e-m+fp/hard\libc_nano.a(libc_a-memmove.o)
 .ARM.attributes
                0x000006f7       0x34 c:/users/jesse arendse/appdata/roaming/code/user/globalstorage/bmd.stm32-for-vscode/@xpack-dev-tools/arm-none-eabi-gcc/12.3.1-1.2.1/.content/bin/../lib/gcc/arm-none-eabi/12.3.1/../../../../arm-none-eabi/lib/thumb/v7e-m+fp/hard\libc_nano.a(libc_a-sbrkr.o)
 .ARM.attributes
                0x0000072b       0x1c c:/users/jesse arendse/appdata/roaming/code/user/globalstorage/bmd.stm32-for-vscode/@xpack-dev-tools/arm-none-eabi-gcc/12.3.1-1.2.1/.content/bin/../lib/gcc/arm-none-eabi/12.3.1/../../../../arm-none-eabi/lib/thumb/v7e-m+fp/hard\libc_nano.a(libc_a-memchr.o)
 .ARM.attributes
                0x00000747       0x34 c:/users/jesse arendse/appdata/roaming/code/user/globalstorage/bmd.stm32-for-vscode/@xpack-dev-tools/arm-none-eabi-gcc/12.3.1-1.2.1/.content/bin/../lib/gcc/arm-none-eabi/12.3.1/../../../../arm-none-eabi/lib/thumb/v7e-m+fp/hard\libc_nano.a(libc_a-memcpy-stub.o)
 .ARM.attributes
                0x0000077b       0x34 c:/users/jesse arendse/appdata/roaming/code/user/globalstorage/bmd.stm32-for-vscode/@xpack-dev-tools/arm-none-eabi-gcc/12.3.1-1.2.1/.content/bin/../lib/gcc/arm-none-eabi/12.3.1/../../../../arm-none-eabi/lib/thumb/v7e-m+fp/hard\libc_nano.a(libc_a-reallocr.o)
 .ARM.attributes
                0x000007af       0x34 c:/users/jesse arendse/appdata/roaming/code/user/globalstorage/bmd.stm32-for-vscode/@xpack-dev-tools/arm-none-eabi-gcc/12.3.1-1.2.1/.content/bin/../lib/gcc/arm-none-eabi/12.3.1/../../../../arm-none-eabi/lib/thumb/v7e-m+fp/hard\libc_nano.a(libc_a-msizer.o)
 .ARM.attributes
                0x000007e3       0x34 c:/users/jesse arendse/appdata/roaming/code/user/globalstorage/bmd.stm32-for-vscode/@xpack-dev-tools/arm-none-eabi-gcc/12.3.1-1.2.1/.content/bin/../lib/gcc/arm-none-eabi/12.3.1/../../../../arm-none-eabi/lib/thumb/v7e-m+fp/hard\libnosys.a(sbrk.o)
 .ARM.attributes
                0x00000817       0x22 c:/users/jesse arendse/appdata/roaming/code/user/globalstorage/bmd.stm32-for-vscode/@xpack-dev-tools/arm-none-eabi-gcc/12.3.1-1.2.1/.content/bin/../lib/gcc/arm-none-eabi/12.3.1/thumb/v7e-m+fp/hard\libgcc.a(_aeabi_uldivmod.o)
 .ARM.attributes
                0x00000839       0x34 c:/users/jesse arendse/appdata/roaming/code/user/globalstorage/bmd.stm32-for-vscode/@xpack-dev-tools/arm-none-eabi-gcc/12.3.1-1.2.1/.content/bin/../lib/gcc/arm-none-eabi/12.3.1/thumb/v7e-m+fp/hard\libgcc.a(_udivmoddi4.o)
 .ARM.attributes
                0x0000086d       0x22 c:/users/jesse arendse/appdata/roaming/code/user/globalstorage/bmd.stm32-for-vscode/@xpack-dev-tools/arm-none-eabi-gcc/12.3.1-1.2.1/.content/bin/../lib/gcc/arm-none-eabi/12.3.1/thumb/v7e-m+fp/hard\libgcc.a(_dvmd_tls.o)
 .ARM.attributes
                0x0000088f       0x22 c:/users/jesse arendse/appdata/roaming/code/user/globalstorage/bmd.stm32-for-vscode/@xpack-dev-tools/arm-none-eabi-gcc/12.3.1-1.2.1/.content/bin/../lib/gcc/arm-none-eabi/12.3.1/thumb/v7e-m+fp/hard/crtn.o
OUTPUT(build/Mech_Board.elf elf32-littlearm)
LOAD linker stubs
LOAD c:/users/jesse arendse/appdata/roaming/code/user/globalstorage/bmd.stm32-for-vscode/@xpack-dev-tools/arm-none-eabi-gcc/12.3.1-1.2.1/.content/bin/../lib/gcc/arm-none-eabi/12.3.1/../../../../arm-none-eabi/lib/thumb/v7e-m+fp/hard\libc.a
LOAD c:/users/jesse arendse/appdata/roaming/code/user/globalstorage/bmd.stm32-for-vscode/@xpack-dev-tools/arm-none-eabi-gcc/12.3.1-1.2.1/.content/bin/../lib/gcc/arm-none-eabi/12.3.1/../../../../arm-none-eabi/lib/thumb/v7e-m+fp/hard\libm.a
LOAD c:/users/jesse arendse/appdata/roaming/code/user/globalstorage/bmd.stm32-for-vscode/@xpack-dev-tools/arm-none-eabi-gcc/12.3.1-1.2.1/.content/bin/../lib/gcc/arm-none-eabi/12.3.1/thumb/v7e-m+fp/hard\libgcc.a

.comment        0x00000000       0x39
 .comment       0x00000000       0x39 c:/users/jesse arendse/appdata/roaming/code/user/globalstorage/bmd.stm32-for-vscode/@xpack-dev-tools/arm-none-eabi-gcc/12.3.1-1.2.1/.content/bin/../lib/gcc/arm-none-eabi/12.3.1/thumb/v7e-m+fp/hard/crtbegin.o
                                 0x3a (size before relaxing)
 .comment       0x00000039       0x3a build/7SegDisplay.o
 .comment       0x00000039       0x3a build/CurrentMonitor.o
 .comment       0x00000039       0x3a build/IMU.o
 .comment       0x00000039       0x3a build/NeoPixels.o
 .comment       0x00000039       0x3a build/USB.o
 .comment       0x00000039       0x3a build/main.o
 .comment       0x00000039       0x3a build/stm32f4xx_hal_msp.o
 .comment       0x00000039       0x3a build/stm32f4xx_it.o
 .comment       0x00000039       0x3a build/system_stm32f4xx.o
 .comment       0x00000039       0x3a build/stm32f4xx_hal.o
 .comment       0x00000039       0x3a build/stm32f4xx_hal_adc.o
 .comment       0x00000039       0x3a build/stm32f4xx_hal_cortex.o
 .comment       0x00000039       0x3a build/stm32f4xx_hal_dma.o
 .comment       0x00000039       0x3a build/stm32f4xx_hal_gpio.o
 .comment       0x00000039       0x3a build/stm32f4xx_hal_i2c.o
 .comment       0x00000039       0x3a build/stm32f4xx_hal_rcc.o
 .comment       0x00000039       0x3a build/stm32f4xx_hal_tim.o
 .comment       0x00000039       0x3a build/stm32f4xx_hal_tim_ex.o
 .comment       0x00000039       0x3a build/stm32f4xx_hal_uart.o
 .comment       0x00000039       0x3a c:/users/jesse arendse/appdata/roaming/code/user/globalstorage/bmd.stm32-for-vscode/@xpack-dev-tools/arm-none-eabi-gcc/12.3.1-1.2.1/.content/bin/../lib/gcc/arm-none-eabi/12.3.1/../../../../arm-none-eabi/lib/thumb/v7e-m+fp/hard\libc_nano.a(libc_a-findfp.o)
 .comment       0x00000039       0x3a c:/users/jesse arendse/appdata/roaming/code/user/globalstorage/bmd.stm32-for-vscode/@xpack-dev-tools/arm-none-eabi-gcc/12.3.1-1.2.1/.content/bin/../lib/gcc/arm-none-eabi/12.3.1/../../../../arm-none-eabi/lib/thumb/v7e-m+fp/hard\libc_nano.a(libc_a-sprintf.o)
 .comment       0x00000039       0x3a c:/users/jesse arendse/appdata/roaming/code/user/globalstorage/bmd.stm32-for-vscode/@xpack-dev-tools/arm-none-eabi-gcc/12.3.1-1.2.1/.content/bin/../lib/gcc/arm-none-eabi/12.3.1/../../../../arm-none-eabi/lib/thumb/v7e-m+fp/hard\libc_nano.a(libc_a-memset.o)
 .comment       0x00000039       0x3a c:/users/jesse arendse/appdata/roaming/code/user/globalstorage/bmd.stm32-for-vscode/@xpack-dev-tools/arm-none-eabi-gcc/12.3.1-1.2.1/.content/bin/../lib/gcc/arm-none-eabi/12.3.1/../../../../arm-none-eabi/lib/thumb/v7e-m+fp/hard\libc_nano.a(libc_a-reent.o)
 .comment       0x00000039       0x3a c:/users/jesse arendse/appdata/roaming/code/user/globalstorage/bmd.stm32-for-vscode/@xpack-dev-tools/arm-none-eabi-gcc/12.3.1-1.2.1/.content/bin/../lib/gcc/arm-none-eabi/12.3.1/../../../../arm-none-eabi/lib/thumb/v7e-m+fp/hard\libc_nano.a(libc_a-impure.o)
 .comment       0x00000039       0x3a c:/users/jesse arendse/appdata/roaming/code/user/globalstorage/bmd.stm32-for-vscode/@xpack-dev-tools/arm-none-eabi-gcc/12.3.1-1.2.1/.content/bin/../lib/gcc/arm-none-eabi/12.3.1/../../../../arm-none-eabi/lib/thumb/v7e-m+fp/hard\libc_nano.a(libc_a-init.o)
 .comment       0x00000039       0x3a c:/users/jesse arendse/appdata/roaming/code/user/globalstorage/bmd.stm32-for-vscode/@xpack-dev-tools/arm-none-eabi-gcc/12.3.1-1.2.1/.content/bin/../lib/gcc/arm-none-eabi/12.3.1/../../../../arm-none-eabi/lib/thumb/v7e-m+fp/hard\libc_nano.a(libc_a-lock.o)
 .comment       0x00000039       0x3a c:/users/jesse arendse/appdata/roaming/code/user/globalstorage/bmd.stm32-for-vscode/@xpack-dev-tools/arm-none-eabi-gcc/12.3.1-1.2.1/.content/bin/../lib/gcc/arm-none-eabi/12.3.1/../../../../arm-none-eabi/lib/thumb/v7e-m+fp/hard\libc_nano.a(libc_a-freer.o)
 .comment       0x00000039       0x3a c:/users/jesse arendse/appdata/roaming/code/user/globalstorage/bmd.stm32-for-vscode/@xpack-dev-tools/arm-none-eabi-gcc/12.3.1-1.2.1/.content/bin/../lib/gcc/arm-none-eabi/12.3.1/../../../../arm-none-eabi/lib/thumb/v7e-m+fp/hard\libc_nano.a(libc_a-mallocr.o)
 .comment       0x00000039       0x3a c:/users/jesse arendse/appdata/roaming/code/user/globalstorage/bmd.stm32-for-vscode/@xpack-dev-tools/arm-none-eabi-gcc/12.3.1-1.2.1/.content/bin/../lib/gcc/arm-none-eabi/12.3.1/../../../../arm-none-eabi/lib/thumb/v7e-m+fp/hard\libc_nano.a(libc_a-mlock.o)
 .comment       0x00000039       0x3a c:/users/jesse arendse/appdata/roaming/code/user/globalstorage/bmd.stm32-for-vscode/@xpack-dev-tools/arm-none-eabi-gcc/12.3.1-1.2.1/.content/bin/../lib/gcc/arm-none-eabi/12.3.1/../../../../arm-none-eabi/lib/thumb/v7e-m+fp/hard\libc_nano.a(libc_a-nano-svfprintf.o)
 .comment       0x00000039       0x3a c:/users/jesse arendse/appdata/roaming/code/user/globalstorage/bmd.stm32-for-vscode/@xpack-dev-tools/arm-none-eabi-gcc/12.3.1-1.2.1/.content/bin/../lib/gcc/arm-none-eabi/12.3.1/../../../../arm-none-eabi/lib/thumb/v7e-m+fp/hard\libc_nano.a(libc_a-nano-vfprintf_i.o)
 .comment       0x00000039       0x3a c:/users/jesse arendse/appdata/roaming/code/user/globalstorage/bmd.stm32-for-vscode/@xpack-dev-tools/arm-none-eabi-gcc/12.3.1-1.2.1/.content/bin/../lib/gcc/arm-none-eabi/12.3.1/../../../../arm-none-eabi/lib/thumb/v7e-m+fp/hard\libc_nano.a(libc_a-memmove.o)
 .comment       0x00000039       0x3a c:/users/jesse arendse/appdata/roaming/code/user/globalstorage/bmd.stm32-for-vscode/@xpack-dev-tools/arm-none-eabi-gcc/12.3.1-1.2.1/.content/bin/../lib/gcc/arm-none-eabi/12.3.1/../../../../arm-none-eabi/lib/thumb/v7e-m+fp/hard\libc_nano.a(libc_a-sbrkr.o)
 .comment       0x00000039       0x3a c:/users/jesse arendse/appdata/roaming/code/user/globalstorage/bmd.stm32-for-vscode/@xpack-dev-tools/arm-none-eabi-gcc/12.3.1-1.2.1/.content/bin/../lib/gcc/arm-none-eabi/12.3.1/../../../../arm-none-eabi/lib/thumb/v7e-m+fp/hard\libc_nano.a(libc_a-memcpy-stub.o)
 .comment       0x00000039       0x3a c:/users/jesse arendse/appdata/roaming/code/user/globalstorage/bmd.stm32-for-vscode/@xpack-dev-tools/arm-none-eabi-gcc/12.3.1-1.2.1/.content/bin/../lib/gcc/arm-none-eabi/12.3.1/../../../../arm-none-eabi/lib/thumb/v7e-m+fp/hard\libc_nano.a(libc_a-reallocr.o)
 .comment       0x00000039       0x3a c:/users/jesse arendse/appdata/roaming/code/user/globalstorage/bmd.stm32-for-vscode/@xpack-dev-tools/arm-none-eabi-gcc/12.3.1-1.2.1/.content/bin/../lib/gcc/arm-none-eabi/12.3.1/../../../../arm-none-eabi/lib/thumb/v7e-m+fp/hard\libc_nano.a(libc_a-msizer.o)
 .comment       0x00000039       0x3a c:/users/jesse arendse/appdata/roaming/code/user/globalstorage/bmd.stm32-for-vscode/@xpack-dev-tools/arm-none-eabi-gcc/12.3.1-1.2.1/.content/bin/../lib/gcc/arm-none-eabi/12.3.1/../../../../arm-none-eabi/lib/thumb/v7e-m+fp/hard\libnosys.a(sbrk.o)
 .comment       0x00000039       0x3a c:/users/jesse arendse/appdata/roaming/code/user/globalstorage/bmd.stm32-for-vscode/@xpack-dev-tools/arm-none-eabi-gcc/12.3.1-1.2.1/.content/bin/../lib/gcc/arm-none-eabi/12.3.1/thumb/v7e-m+fp/hard\libgcc.a(_udivmoddi4.o)

.debug_info     0x00000000    0x1bb3d
 .debug_info    0x00000000     0x2126 build/7SegDisplay.o
 .debug_info    0x00002126      0xa64 build/CurrentMonitor.o
 .debug_info    0x00002b8a      0x9e9 build/IMU.o
 .debug_info    0x00003573      0x9fa build/NeoPixels.o
 .debug_info    0x00003f6d      0x702 build/USB.o
 .debug_info    0x0000466f     0x276e build/main.o
 .debug_info    0x00006ddd     0x1d00 build/stm32f4xx_hal_msp.o
 .debug_info    0x00008add      0xcb2 build/stm32f4xx_it.o
 .debug_info    0x0000978f      0x527 build/system_stm32f4xx.o
 .debug_info    0x00009cb6      0x9e6 build/stm32f4xx_hal.o
 .debug_info    0x0000a69c      0xe76 build/stm32f4xx_hal_adc.o
 .debug_info    0x0000b512      0xf7d build/stm32f4xx_hal_cortex.o
 .debug_info    0x0000c48f      0xad9 build/stm32f4xx_hal_dma.o
 .debug_info    0x0000cf68      0x704 build/stm32f4xx_hal_gpio.o
 .debug_info    0x0000d66c     0x376e build/stm32f4xx_hal_i2c.o
 .debug_info    0x00010dda      0xa6f build/stm32f4xx_hal_rcc.o
 .debug_info    0x00011849     0x3ed2 build/stm32f4xx_hal_tim.o
 .debug_info    0x0001571b     0x1c09 build/stm32f4xx_hal_tim_ex.o
 .debug_info    0x00017324     0x408c build/stm32f4xx_hal_uart.o
 .debug_info    0x0001b3b0       0x30 build/startup_stm32f407xx.o
 .debug_info    0x0001b3e0       0x24 c:/users/jesse arendse/appdata/roaming/code/user/globalstorage/bmd.stm32-for-vscode/@xpack-dev-tools/arm-none-eabi-gcc/12.3.1-1.2.1/.content/bin/../lib/gcc/arm-none-eabi/12.3.1/thumb/v7e-m+fp/hard\libgcc.a(_aeabi_uldivmod.o)
 .debug_info    0x0001b404      0x6fd c:/users/jesse arendse/appdata/roaming/code/user/globalstorage/bmd.stm32-for-vscode/@xpack-dev-tools/arm-none-eabi-gcc/12.3.1-1.2.1/.content/bin/../lib/gcc/arm-none-eabi/12.3.1/thumb/v7e-m+fp/hard\libgcc.a(_udivmoddi4.o)
 .debug_info    0x0001bb01       0x3c c:/users/jesse arendse/appdata/roaming/code/user/globalstorage/bmd.stm32-for-vscode/@xpack-dev-tools/arm-none-eabi-gcc/12.3.1-1.2.1/.content/bin/../lib/gcc/arm-none-eabi/12.3.1/thumb/v7e-m+fp/hard\libgcc.a(_dvmd_tls.o)

.debug_abbrev   0x00000000     0x30d3
 .debug_abbrev  0x00000000      0x257 build/7SegDisplay.o
 .debug_abbrev  0x00000257      0x2a3 build/CurrentMonitor.o
 .debug_abbrev  0x000004fa      0x206 build/IMU.o
 .debug_abbrev  0x00000700      0x244 build/NeoPixels.o
 .debug_abbrev  0x00000944      0x1d9 build/USB.o
 .debug_abbrev  0x00000b1d      0x33a build/main.o
 .debug_abbrev  0x00000e57      0x29c build/stm32f4xx_hal_msp.o
 .debug_abbrev  0x000010f3      0x1d3 build/stm32f4xx_it.o
 .debug_abbrev  0x000012c6      0x11e build/system_stm32f4xx.o
 .debug_abbrev  0x000013e4      0x23f build/stm32f4xx_hal.o
 .debug_abbrev  0x00001623      0x278 build/stm32f4xx_hal_adc.o
 .debug_abbrev  0x0000189b      0x39b build/stm32f4xx_hal_cortex.o
 .debug_abbrev  0x00001c36      0x2c0 build/stm32f4xx_hal_dma.o
 .debug_abbrev  0x00001ef6      0x202 build/stm32f4xx_hal_gpio.o
 .debug_abbrev  0x000020f8      0x2c3 build/stm32f4xx_hal_i2c.o
 .debug_abbrev  0x000023bb      0x2c6 build/stm32f4xx_hal_rcc.o
 .debug_abbrev  0x00002681      0x2bd build/stm32f4xx_hal_tim.o
 .debug_abbrev  0x0000293e      0x29e build/stm32f4xx_hal_tim_ex.o
 .debug_abbrev  0x00002bdc      0x32f build/stm32f4xx_hal_uart.o
 .debug_abbrev  0x00002f0b       0x24 build/startup_stm32f407xx.o
 .debug_abbrev  0x00002f2f       0x14 c:/users/jesse arendse/appdata/roaming/code/user/globalstorage/bmd.stm32-for-vscode/@xpack-dev-tools/arm-none-eabi-gcc/12.3.1-1.2.1/.content/bin/../lib/gcc/arm-none-eabi/12.3.1/thumb/v7e-m+fp/hard\libgcc.a(_aeabi_uldivmod.o)
 .debug_abbrev  0x00002f43      0x16a c:/users/jesse arendse/appdata/roaming/code/user/globalstorage/bmd.stm32-for-vscode/@xpack-dev-tools/arm-none-eabi-gcc/12.3.1-1.2.1/.content/bin/../lib/gcc/arm-none-eabi/12.3.1/thumb/v7e-m+fp/hard\libgcc.a(_udivmoddi4.o)
 .debug_abbrev  0x000030ad       0x26 c:/users/jesse arendse/appdata/roaming/code/user/globalstorage/bmd.stm32-for-vscode/@xpack-dev-tools/arm-none-eabi-gcc/12.3.1-1.2.1/.content/bin/../lib/gcc/arm-none-eabi/12.3.1/thumb/v7e-m+fp/hard\libgcc.a(_dvmd_tls.o)

.debug_loclists
                0x00000000     0xc950
 .debug_loclists
                0x00000000       0xda build/7SegDisplay.o
 .debug_loclists
                0x000000da      0x160 build/CurrentMonitor.o
 .debug_loclists
                0x0000023a       0x6a build/IMU.o
 .debug_loclists
                0x000002a4       0x9f build/NeoPixels.o
 .debug_loclists
                0x00000343       0x52 build/USB.o
 .debug_loclists
                0x00000395      0x274 build/stm32f4xx_hal_msp.o
 .debug_loclists
                0x00000609       0xdb build/system_stm32f4xx.o
 .debug_loclists
                0x000006e4       0xc9 build/stm32f4xx_hal.o
 .debug_loclists
                0x000007ad      0x800 build/stm32f4xx_hal_adc.o
 .debug_loclists
                0x00000fad      0x439 build/stm32f4xx_hal_cortex.o
 .debug_loclists
                0x000013e6      0x763 build/stm32f4xx_hal_dma.o
 .debug_loclists
                0x00001b49      0x356 build/stm32f4xx_hal_gpio.o
 .debug_loclists
                0x00001e9f     0x2b71 build/stm32f4xx_hal_i2c.o
 .debug_loclists
                0x00004a10      0x3a9 build/stm32f4xx_hal_rcc.o
 .debug_loclists
                0x00004db9     0x33f4 build/stm32f4xx_hal_tim.o
 .debug_loclists
                0x000081ad     0x1262 build/stm32f4xx_hal_tim_ex.o
 .debug_loclists
                0x0000940f     0x2bbd build/stm32f4xx_hal_uart.o
 .debug_loclists
                0x0000bfcc      0x984 c:/users/jesse arendse/appdata/roaming/code/user/globalstorage/bmd.stm32-for-vscode/@xpack-dev-tools/arm-none-eabi-gcc/12.3.1-1.2.1/.content/bin/../lib/gcc/arm-none-eabi/12.3.1/thumb/v7e-m+fp/hard\libgcc.a(_udivmoddi4.o)

.debug_aranges  0x00000000     0x11c0
 .debug_aranges
                0x00000000       0x48 build/7SegDisplay.o
 .debug_aranges
                0x00000048       0x70 build/CurrentMonitor.o
 .debug_aranges
                0x000000b8       0x38 build/IMU.o
 .debug_aranges
                0x000000f0       0x30 build/NeoPixels.o
 .debug_aranges
                0x00000120       0x28 build/USB.o
 .debug_aranges
                0x00000148       0x98 build/main.o
 .debug_aranges
                0x000001e0       0x68 build/stm32f4xx_hal_msp.o
 .debug_aranges
                0x00000248       0xb8 build/stm32f4xx_it.o
 .debug_aranges
                0x00000300       0x28 build/system_stm32f4xx.o
 .debug_aranges
                0x00000328       0xf0 build/stm32f4xx_hal.o
 .debug_aranges
                0x00000418       0xe8 build/stm32f4xx_hal_adc.o
 .debug_aranges
                0x00000500       0xd8 build/stm32f4xx_hal_cortex.o
 .debug_aranges
                0x000005d8       0x90 build/stm32f4xx_hal_dma.o
 .debug_aranges
                0x00000668       0x58 build/stm32f4xx_hal_gpio.o
 .debug_aranges
                0x000006c0      0x2a0 build/stm32f4xx_hal_i2c.o
 .debug_aranges
                0x00000960       0x88 build/stm32f4xx_hal_rcc.o
 .debug_aranges
                0x000009e8      0x3e8 build/stm32f4xx_hal_tim.o
 .debug_aranges
                0x00000dd0      0x168 build/stm32f4xx_hal_tim_ex.o
 .debug_aranges
                0x00000f38      0x200 build/stm32f4xx_hal_uart.o
 .debug_aranges
                0x00001138       0x28 build/startup_stm32f407xx.o
 .debug_aranges
                0x00001160       0x20 c:/users/jesse arendse/appdata/roaming/code/user/globalstorage/bmd.stm32-for-vscode/@xpack-dev-tools/arm-none-eabi-gcc/12.3.1-1.2.1/.content/bin/../lib/gcc/arm-none-eabi/12.3.1/thumb/v7e-m+fp/hard\libgcc.a(_aeabi_uldivmod.o)
 .debug_aranges
                0x00001180       0x20 c:/users/jesse arendse/appdata/roaming/code/user/globalstorage/bmd.stm32-for-vscode/@xpack-dev-tools/arm-none-eabi-gcc/12.3.1-1.2.1/.content/bin/../lib/gcc/arm-none-eabi/12.3.1/thumb/v7e-m+fp/hard\libgcc.a(_udivmoddi4.o)
 .debug_aranges
                0x000011a0       0x20 c:/users/jesse arendse/appdata/roaming/code/user/globalstorage/bmd.stm32-for-vscode/@xpack-dev-tools/arm-none-eabi-gcc/12.3.1-1.2.1/.content/bin/../lib/gcc/arm-none-eabi/12.3.1/thumb/v7e-m+fp/hard\libgcc.a(_dvmd_tls.o)

.debug_rnglists
                0x00000000      0xe27
 .debug_rnglists
                0x00000000       0x32 build/7SegDisplay.o
 .debug_rnglists
                0x00000032       0x5c build/CurrentMonitor.o
 .debug_rnglists
                0x0000008e       0x27 build/IMU.o
 .debug_rnglists
                0x000000b5       0x2b build/NeoPixels.o
 .debug_rnglists
                0x000000e0       0x19 build/USB.o
 .debug_rnglists
                0x000000f9       0x74 build/main.o
 .debug_rnglists
                0x0000016d       0x4f build/stm32f4xx_hal_msp.o
 .debug_rnglists
                0x000001bc       0x85 build/stm32f4xx_it.o
 .debug_rnglists
                0x00000241       0x1a build/system_stm32f4xx.o
 .debug_rnglists
                0x0000025b       0xaf build/stm32f4xx_hal.o
 .debug_rnglists
                0x0000030a       0xb0 build/stm32f4xx_hal_adc.o
 .debug_rnglists
                0x000003ba       0x9d build/stm32f4xx_hal_cortex.o
 .debug_rnglists
                0x00000457       0x6c build/stm32f4xx_hal_dma.o
 .debug_rnglists
                0x000004c3       0x3f build/stm32f4xx_hal_gpio.o
 .debug_rnglists
                0x00000502      0x22f build/stm32f4xx_hal_i2c.o
 .debug_rnglists
                0x00000731       0x75 build/stm32f4xx_hal_rcc.o
 .debug_rnglists
                0x000007a6      0x317 build/stm32f4xx_hal_tim.o
 .debug_rnglists
                0x00000abd      0x11b build/stm32f4xx_hal_tim_ex.o
 .debug_rnglists
                0x00000bd8      0x19b build/stm32f4xx_hal_uart.o
 .debug_rnglists
                0x00000d73       0x19 build/startup_stm32f407xx.o
 .debug_rnglists
                0x00000d8c       0x9b c:/users/jesse arendse/appdata/roaming/code/user/globalstorage/bmd.stm32-for-vscode/@xpack-dev-tools/arm-none-eabi-gcc/12.3.1-1.2.1/.content/bin/../lib/gcc/arm-none-eabi/12.3.1/thumb/v7e-m+fp/hard\libgcc.a(_udivmoddi4.o)

.debug_line     0x00000000    0x185e3
 .debug_line    0x00000000      0x531 build/7SegDisplay.o
 .debug_line    0x00000531      0x451 build/CurrentMonitor.o
 .debug_line    0x00000982      0x38f build/IMU.o
 .debug_line    0x00000d11      0x354 build/NeoPixels.o
 .debug_line    0x00001065      0x2a5 build/USB.o
 .debug_line    0x0000130a      0xd1e build/main.o
 .debug_line    0x00002028      0x955 build/stm32f4xx_hal_msp.o
 .debug_line    0x0000297d      0x497 build/stm32f4xx_it.o
 .debug_line    0x00002e14      0x307 build/system_stm32f4xx.o
 .debug_line    0x0000311b      0x61f build/stm32f4xx_hal.o
 .debug_line    0x0000373a     0x119d build/stm32f4xx_hal_adc.o
 .debug_line    0x000048d7      0x8ca build/stm32f4xx_hal_cortex.o
 .debug_line    0x000051a1      0xf13 build/stm32f4xx_hal_dma.o
 .debug_line    0x000060b4      0x776 build/stm32f4xx_hal_gpio.o
 .debug_line    0x0000682a     0x5453 build/stm32f4xx_hal_i2c.o
 .debug_line    0x0000bc7d      0xbbb build/stm32f4xx_hal_rcc.o
 .debug_line    0x0000c838     0x5263 build/stm32f4xx_hal_tim.o
 .debug_line    0x00011a9b     0x1df5 build/stm32f4xx_hal_tim_ex.o
 .debug_line    0x00013890     0x4694 build/stm32f4xx_hal_uart.o
 .debug_line    0x00017f24       0x76 build/startup_stm32f407xx.o
 .debug_line    0x00017f9a       0x4e c:/users/jesse arendse/appdata/roaming/code/user/globalstorage/bmd.stm32-for-vscode/@xpack-dev-tools/arm-none-eabi-gcc/12.3.1-1.2.1/.content/bin/../lib/gcc/arm-none-eabi/12.3.1/thumb/v7e-m+fp/hard\libgcc.a(_aeabi_uldivmod.o)
 .debug_line    0x00017fe8      0x5b1 c:/users/jesse arendse/appdata/roaming/code/user/globalstorage/bmd.stm32-for-vscode/@xpack-dev-tools/arm-none-eabi-gcc/12.3.1-1.2.1/.content/bin/../lib/gcc/arm-none-eabi/12.3.1/thumb/v7e-m+fp/hard\libgcc.a(_udivmoddi4.o)
 .debug_line    0x00018599       0x4a c:/users/jesse arendse/appdata/roaming/code/user/globalstorage/bmd.stm32-for-vscode/@xpack-dev-tools/arm-none-eabi-gcc/12.3.1-1.2.1/.content/bin/../lib/gcc/arm-none-eabi/12.3.1/thumb/v7e-m+fp/hard\libgcc.a(_dvmd_tls.o)

.debug_str      0x00000000     0x5b7a
 .debug_str     0x00000000      0xc72 build/7SegDisplay.o
                                0xe54 (size before relaxing)
 .debug_str     0x00000c72      0x3d9 build/CurrentMonitor.o
                                0x861 (size before relaxing)
 .debug_str     0x0000104b       0x66 build/IMU.o
                                0x78f (size before relaxing)
 .debug_str     0x000010b1       0xa5 build/NeoPixels.o
                                0xa48 (size before relaxing)
 .debug_str     0x00001156      0x234 build/USB.o
                                0x6a1 (size before relaxing)
 .debug_str     0x0000138a      0xcda build/main.o
                               0x1be3 (size before relaxing)
 .debug_str     0x00002064      0x111 build/stm32f4xx_hal_msp.o
                               0x1788 (size before relaxing)
 .debug_str     0x00002175      0x1cb build/stm32f4xx_it.o
                                0xd72 (size before relaxing)
 .debug_str     0x00002340       0xd8 build/system_stm32f4xx.o
                                0x383 (size before relaxing)
 .debug_str     0x00002418      0x333 build/stm32f4xx_hal.o
                                0xb72 (size before relaxing)
 .debug_str     0x0000274b      0x2c0 build/stm32f4xx_hal_adc.o
                                0x970 (size before relaxing)
 .debug_str     0x00002a0b      0x423 build/stm32f4xx_hal_cortex.o
                                0xc3a (size before relaxing)
 .debug_str     0x00002e2e      0x2c3 build/stm32f4xx_hal_dma.o
                                0x784 (size before relaxing)
 .debug_str     0x000030f1      0x117 build/stm32f4xx_hal_gpio.o
                                0x4ee (size before relaxing)
 .debug_str     0x00003208      0x874 build/stm32f4xx_hal_i2c.o
                               0x103e (size before relaxing)
 .debug_str     0x00003a7c      0x181 build/stm32f4xx_hal_rcc.o
                                0x714 (size before relaxing)
 .debug_str     0x00003bfd      0xdc0 build/stm32f4xx_hal_tim.o
                               0x1d70 (size before relaxing)
 .debug_str     0x000049bd      0x48e build/stm32f4xx_hal_tim_ex.o
                               0x1175 (size before relaxing)
 .debug_str     0x00004e4b      0x58d build/stm32f4xx_hal_uart.o
                                0xd67 (size before relaxing)
 .debug_str     0x000053d8       0x32 build/startup_stm32f407xx.o
                                 0x8c (size before relaxing)
 .debug_str     0x0000540a      0x112 c:/users/jesse arendse/appdata/roaming/code/user/globalstorage/bmd.stm32-for-vscode/@xpack-dev-tools/arm-none-eabi-gcc/12.3.1-1.2.1/.content/bin/../lib/gcc/arm-none-eabi/12.3.1/thumb/v7e-m+fp/hard\libgcc.a(_aeabi_uldivmod.o)
                                0x120 (size before relaxing)
 .debug_str     0x0000551c      0x5d3 c:/users/jesse arendse/appdata/roaming/code/user/globalstorage/bmd.stm32-for-vscode/@xpack-dev-tools/arm-none-eabi-gcc/12.3.1-1.2.1/.content/bin/../lib/gcc/arm-none-eabi/12.3.1/thumb/v7e-m+fp/hard\libgcc.a(_udivmoddi4.o)
                                0x72a (size before relaxing)
 .debug_str     0x00005aef       0x8b c:/users/jesse arendse/appdata/roaming/code/user/globalstorage/bmd.stm32-for-vscode/@xpack-dev-tools/arm-none-eabi-gcc/12.3.1-1.2.1/.content/bin/../lib/gcc/arm-none-eabi/12.3.1/thumb/v7e-m+fp/hard\libgcc.a(_dvmd_tls.o)
                                0x140 (size before relaxing)

.debug_frame    0x00000000     0x30d0
 .debug_frame   0x00000000       0xa0 build/7SegDisplay.o
 .debug_frame   0x000000a0      0x104 build/CurrentMonitor.o
 .debug_frame   0x000001a4       0xa8 build/IMU.o
 .debug_frame   0x0000024c       0x5c build/NeoPixels.o
 .debug_frame   0x000002a8       0x48 build/USB.o
 .debug_frame   0x000002f0      0x1e8 build/main.o
 .debug_frame   0x000004d8      0x138 build/stm32f4xx_hal_msp.o
 .debug_frame   0x00000610      0x1b0 build/stm32f4xx_it.o
 .debug_frame   0x000007c0       0x30 build/system_stm32f4xx.o
 .debug_frame   0x000007f0      0x1ec build/stm32f4xx_hal.o
 .debug_frame   0x000009dc      0x268 build/stm32f4xx_hal_adc.o
 .debug_frame   0x00000c44      0x1cc build/stm32f4xx_hal_cortex.o
 .debug_frame   0x00000e10      0x188 build/stm32f4xx_hal_dma.o
 .debug_frame   0x00000f98       0xd8 build/stm32f4xx_hal_gpio.o
 .debug_frame   0x00001070      0x970 build/stm32f4xx_hal_i2c.o
 .debug_frame   0x000019e0      0x16c build/stm32f4xx_hal_rcc.o
 .debug_frame   0x00001b4c      0xb54 build/stm32f4xx_hal_tim.o
 .debug_frame   0x000026a0      0x40c build/stm32f4xx_hal_tim_ex.o
 .debug_frame   0x00002aac      0x5c4 build/stm32f4xx_hal_uart.o
 .debug_frame   0x00003070       0x2c c:/users/jesse arendse/appdata/roaming/code/user/globalstorage/bmd.stm32-for-vscode/@xpack-dev-tools/arm-none-eabi-gcc/12.3.1-1.2.1/.content/bin/../lib/gcc/arm-none-eabi/12.3.1/thumb/v7e-m+fp/hard\libgcc.a(_aeabi_uldivmod.o)
 .debug_frame   0x0000309c       0x34 c:/users/jesse arendse/appdata/roaming/code/user/globalstorage/bmd.stm32-for-vscode/@xpack-dev-tools/arm-none-eabi-gcc/12.3.1-1.2.1/.content/bin/../lib/gcc/arm-none-eabi/12.3.1/thumb/v7e-m+fp/hard\libgcc.a(_udivmoddi4.o)

.debug_line_str
                0x00000000      0x18e
 .debug_line_str
                0x00000000       0x70 build/startup_stm32f407xx.o
 .debug_line_str
                0x00000070      0x112 c:/users/jesse arendse/appdata/roaming/code/user/globalstorage/bmd.stm32-for-vscode/@xpack-dev-tools/arm-none-eabi-gcc/12.3.1-1.2.1/.content/bin/../lib/gcc/arm-none-eabi/12.3.1/thumb/v7e-m+fp/hard\libgcc.a(_aeabi_uldivmod.o)
 .debug_line_str
                0x00000182        0xc c:/users/jesse arendse/appdata/roaming/code/user/globalstorage/bmd.stm32-for-vscode/@xpack-dev-tools/arm-none-eabi-gcc/12.3.1-1.2.1/.content/bin/../lib/gcc/arm-none-eabi/12.3.1/thumb/v7e-m+fp/hard\libgcc.a(_dvmd_tls.o)
                                0x116 (size before relaxing)

Cross Reference Table

Symbol                                            File
ADC_IRQHandler                                    build/startup_stm32f407xx.o
AHBPrescTable                                     build/system_stm32f4xx.o
                                                  build/stm32f4xx_hal_rcc.o
APBPrescTable                                     build/system_stm32f4xx.o
                                                  build/stm32f4xx_hal_rcc.o
BusFault_Handler                                  build/stm32f4xx_it.o
CAN1_RX0_IRQHandler                               build/startup_stm32f407xx.o
CAN1_RX1_IRQHandler                               build/startup_stm32f407xx.o
CAN1_SCE_IRQHandler                               build/startup_stm32f407xx.o
CAN1_TX_IRQHandler                                build/startup_stm32f407xx.o
CAN2_RX0_IRQHandler                               build/startup_stm32f407xx.o
CAN2_RX1_IRQHandler                               build/startup_stm32f407xx.o
CAN2_SCE_IRQHandler                               build/startup_stm32f407xx.o
CAN2_TX_IRQHandler                                build/startup_stm32f407xx.o
DCMI_IRQHandler                                   build/startup_stm32f407xx.o
DMA1_Stream0_IRQHandler                           build/stm32f4xx_it.o
DMA1_Stream1_IRQHandler                           build/stm32f4xx_it.o
DMA1_Stream2_IRQHandler                           build/stm32f4xx_it.o
DMA1_Stream3_IRQHandler                           build/startup_stm32f407xx.o
DMA1_Stream4_IRQHandler                           build/startup_stm32f407xx.o
DMA1_Stream5_IRQHandler                           build/startup_stm32f407xx.o
DMA1_Stream6_IRQHandler                           build/startup_stm32f407xx.o
DMA1_Stream7_IRQHandler                           build/stm32f4xx_it.o
DMA2_Stream0_IRQHandler                           build/stm32f4xx_it.o
DMA2_Stream1_IRQHandler                           build/startup_stm32f407xx.o
DMA2_Stream2_IRQHandler                           build/startup_stm32f407xx.o
DMA2_Stream3_IRQHandler                           build/startup_stm32f407xx.o
DMA2_Stream4_IRQHandler                           build/startup_stm32f407xx.o
DMA2_Stream5_IRQHandler                           build/startup_stm32f407xx.o
DMA2_Stream6_IRQHandler                           build/startup_stm32f407xx.o
DMA2_Stream7_IRQHandler                           build/startup_stm32f407xx.o
DebugMon_Handler                                  build/stm32f4xx_it.o
Default_Handler                                   build/startup_stm32f407xx.o
ETH_IRQHandler                                    build/startup_stm32f407xx.o
ETH_WKUP_IRQHandler                               build/startup_stm32f407xx.o
EXTI0_IRQHandler                                  build/startup_stm32f407xx.o
EXTI15_10_IRQHandler                              build/startup_stm32f407xx.o
EXTI1_IRQHandler                                  build/startup_stm32f407xx.o
EXTI2_IRQHandler                                  build/startup_stm32f407xx.o
EXTI3_IRQHandler                                  build/startup_stm32f407xx.o
EXTI4_IRQHandler                                  build/startup_stm32f407xx.o
EXTI9_5_IRQHandler                                build/startup_stm32f407xx.o
Error_Handler                                     build/main.o
                                                  build/stm32f4xx_hal_msp.o
FLASH_Erase_Sector                                build/stm32f4xx_hal_flash_ex.o
                                                  build/stm32f4xx_hal_flash.o
FLASH_FlushCaches                                 build/stm32f4xx_hal_flash_ex.o
                                                  build/stm32f4xx_hal_flash.o
FLASH_IRQHandler                                  build/startup_stm32f407xx.o
FLASH_WaitForLastOperation                        build/stm32f4xx_hal_flash.o
                                                  build/stm32f4xx_hal_flash_ex.o
FPU_IRQHandler                                    build/startup_stm32f407xx.o
FSMC_IRQHandler                                   build/startup_stm32f407xx.o
FullModeSequence                                  build/StepperMotor.o
HAL_ADCEx_InjectedConfigChannel                   build/stm32f4xx_hal_adc_ex.o
HAL_ADCEx_InjectedConvCpltCallback                build/stm32f4xx_hal_adc_ex.o
                                                  build/stm32f4xx_hal_adc.o
HAL_ADCEx_InjectedGetValue                        build/stm32f4xx_hal_adc_ex.o
HAL_ADCEx_InjectedPollForConversion               build/stm32f4xx_hal_adc_ex.o
HAL_ADCEx_InjectedStart                           build/stm32f4xx_hal_adc_ex.o
HAL_ADCEx_InjectedStart_IT                        build/stm32f4xx_hal_adc_ex.o
HAL_ADCEx_InjectedStop                            build/stm32f4xx_hal_adc_ex.o
HAL_ADCEx_InjectedStop_IT                         build/stm32f4xx_hal_adc_ex.o
HAL_ADCEx_MultiModeConfigChannel                  build/stm32f4xx_hal_adc_ex.o
HAL_ADCEx_MultiModeGetValue                       build/stm32f4xx_hal_adc_ex.o
HAL_ADCEx_MultiModeStart_DMA                      build/stm32f4xx_hal_adc_ex.o
HAL_ADCEx_MultiModeStop_DMA                       build/stm32f4xx_hal_adc_ex.o
HAL_ADC_AnalogWDGConfig                           build/stm32f4xx_hal_adc.o
HAL_ADC_ConfigChannel                             build/stm32f4xx_hal_adc.o
                                                  build/main.o
HAL_ADC_ConvCpltCallback                          build/stm32f4xx_hal_adc.o
                                                  build/stm32f4xx_hal_adc_ex.o
HAL_ADC_ConvHalfCpltCallback                      build/stm32f4xx_hal_adc.o
                                                  build/stm32f4xx_hal_adc_ex.o
HAL_ADC_DeInit                                    build/stm32f4xx_hal_adc.o
HAL_ADC_ErrorCallback                             build/stm32f4xx_hal_adc.o
                                                  build/stm32f4xx_hal_adc_ex.o
HAL_ADC_GetError                                  build/stm32f4xx_hal_adc.o
HAL_ADC_GetState                                  build/stm32f4xx_hal_adc.o
HAL_ADC_GetValue                                  build/stm32f4xx_hal_adc.o
HAL_ADC_IRQHandler                                build/stm32f4xx_hal_adc.o
HAL_ADC_Init                                      build/stm32f4xx_hal_adc.o
                                                  build/main.o
HAL_ADC_LevelOutOfWindowCallback                  build/stm32f4xx_hal_adc.o
HAL_ADC_MspDeInit                                 build/stm32f4xx_hal_msp.o
HAL_ADC_MspInit                                   build/stm32f4xx_hal_msp.o
HAL_ADC_PollForConversion                         build/stm32f4xx_hal_adc.o
HAL_ADC_PollForEvent                              build/stm32f4xx_hal_adc.o
HAL_ADC_Start                                     build/stm32f4xx_hal_adc.o