Archive member included to satisfy reference by file (symbol)

c:/users/jessejabezarendse/appdata/roaming/code/user/globalstorage/bmd.stm32-for-vscode/@xpack-dev-tools/arm-none-eabi-gcc/12.3.1-1.2.1/.content/bin/../lib/gcc/arm-none-eabi/12.3.1/../../../../arm-none-eabi/lib/thumb/v7e-m+fp/hard\libc_nano.a(libc_a-atexit.o)
                              c:/users/jessejabezarendse/appdata/roaming/code/user/globalstorage/bmd.stm32-for-vscode/@xpack-dev-tools/arm-none-eabi-gcc/12.3.1-1.2.1/.content/bin/../lib/gcc/arm-none-eabi/12.3.1/../../../../arm-none-eabi/lib/thumb/v7e-m+fp/hard/crt0.o (atexit)
c:/users/jessejabezarendse/appdata/roaming/code/user/globalstorage/bmd.stm32-for-vscode/@xpack-dev-tools/arm-none-eabi-gcc/12.3.1-1.2.1/.content/bin/../lib/gcc/arm-none-eabi/12.3.1/../../../../arm-none-eabi/lib/thumb/v7e-m+fp/hard\libc_nano.a(libc_a-exit.o)
                              c:/users/jessejabezarendse/appdata/roaming/code/user/globalstorage/bmd.stm32-for-vscode/@xpack-dev-tools/arm-none-eabi-gcc/12.3.1-1.2.1/.content/bin/../lib/gcc/arm-none-eabi/12.3.1/../../../../arm-none-eabi/lib/thumb/v7e-m+fp/hard/crt0.o (exit)
c:/users/jessejabezarendse/appdata/roaming/code/user/globalstorage/bmd.stm32-for-vscode/@xpack-dev-tools/arm-none-eabi-gcc/12.3.1-1.2.1/.content/bin/../lib/gcc/arm-none-eabi/12.3.1/../../../../arm-none-eabi/lib/thumb/v7e-m+fp/hard\libc_nano.a(libc_a-findfp.o)
                              c:/users/jessejabezarendse/appdata/roaming/code/user/globalstorage/bmd.stm32-for-vscode/@xpack-dev-tools/arm-none-eabi-gcc/12.3.1-1.2.1/.content/bin/../lib/gcc/arm-none-eabi/12.3.1/../../../../arm-none-eabi/lib/thumb/v7e-m+fp/hard\libc_nano.a(libc_a-exit.o) (__stdio_exit_handler)
c:/users/jessejabezarendse/appdata/roaming/code/user/globalstorage/bmd.stm32-for-vscode/@xpack-dev-tools/arm-none-eabi-gcc/12.3.1-1.2.1/.content/bin/../lib/gcc/arm-none-eabi/12.3.1/../../../../arm-none-eabi/lib/thumb/v7e-m+fp/hard\libc_nano.a(libc_a-fwalk.o)
                              c:/users/jessejabezarendse/appdata/roaming/code/user/globalstorage/bmd.stm32-for-vscode/@xpack-dev-tools/arm-none-eabi-gcc/12.3.1-1.2.1/.content/bin/../lib/gcc/arm-none-eabi/12.3.1/../../../../arm-none-eabi/lib/thumb/v7e-m+fp/hard\libc_nano.a(libc_a-findfp.o) (_fwalk_sglue)
c:/users/jessejabezarendse/appdata/roaming/code/user/globalstorage/bmd.stm32-for-vscode/@xpack-dev-tools/arm-none-eabi-gcc/12.3.1-1.2.1/.content/bin/../lib/gcc/arm-none-eabi/12.3.1/../../../../arm-none-eabi/lib/thumb/v7e-m+fp/hard\libc_nano.a(libc_a-sprintf.o)
                              build/7SegDisplay.o (sprintf)
c:/users/jessejabezarendse/appdata/roaming/code/user/globalstorage/bmd.stm32-for-vscode/@xpack-dev-tools/arm-none-eabi-gcc/12.3.1-1.2.1/.content/bin/../lib/gcc/arm-none-eabi/12.3.1/../../../../arm-none-eabi/lib/thumb/v7e-m+fp/hard\libc_nano.a(libc_a-stdio.o)
                              c:/users/jessejabezarendse/appdata/roaming/code/user/globalstorage/bmd.stm32-for-vscode/@xpack-dev-tools/arm-none-eabi-gcc/12.3.1-1.2.1/.content/bin/../lib/gcc/arm-none-eabi/12.3.1/../../../../arm-none-eabi/lib/thumb/v7e-m+fp/hard\libc_nano.a(libc_a-findfp.o) (__sread)
c:/users/jessejabezarendse/appdata/roaming/code/user/globalstorage/bmd.stm32-for-vscode/@xpack-dev-tools/arm-none-eabi-gcc/12.3.1-1.2.1/.content/bin/../lib/gcc/arm-none-eabi/12.3.1/../../../../arm-none-eabi/lib/thumb/v7e-m+fp/hard\libc_nano.a(libc_a-memset.o)
                              c:/users/jessejabezarendse/appdata/roaming/code/user/globalstorage/bmd.stm32-for-vscode/@xpack-dev-tools/arm-none-eabi-gcc/12.3.1-1.2.1/.content/bin/../lib/gcc/arm-none-eabi/12.3.1/../../../../arm-none-eabi/lib/thumb/v7e-m+fp/hard/crt0.o (memset)
c:/users/jessejabezarendse/appdata/roaming/code/user/globalstorage/bmd.stm32-for-vscode/@xpack-dev-tools/arm-none-eabi-gcc/12.3.1-1.2.1/.content/bin/../lib/gcc/arm-none-eabi/12.3.1/../../../../arm-none-eabi/lib/thumb/v7e-m+fp/hard\libc_nano.a(libc_a-closer.o)
                              c:/users/jessejabezarendse/appdata/roaming/code/user/globalstorage/bmd.stm32-for-vscode/@xpack-dev-tools/arm-none-eabi-gcc/12.3.1-1.2.1/.content/bin/../lib/gcc/arm-none-eabi/12.3.1/../../../../arm-none-eabi/lib/thumb/v7e-m+fp/hard\libc_nano.a(libc_a-stdio.o) (_close_r)
c:/users/jessejabezarendse/appdata/roaming/code/user/globalstorage/bmd.stm32-for-vscode/@xpack-dev-tools/arm-none-eabi-gcc/12.3.1-1.2.1/.content/bin/../lib/gcc/arm-none-eabi/12.3.1/../../../../arm-none-eabi/lib/thumb/v7e-m+fp/hard\libc_nano.a(libc_a-reent.o)
                              c:/users/jessejabezarendse/appdata/roaming/code/user/globalstorage/bmd.stm32-for-vscode/@xpack-dev-tools/arm-none-eabi-gcc/12.3.1-1.2.1/.content/bin/../lib/gcc/arm-none-eabi/12.3.1/../../../../arm-none-eabi/lib/thumb/v7e-m+fp/hard\libc_nano.a(libc_a-closer.o) (errno)
[...]
Memory Configuration

Name             Origin             Length             Attributes
RAM              0x20000000         0x00020000         xrw
CCMRAM           0x10000000         0x00010000         xrw
FLASH            0x08000000         0x00100000         xr
*default*        0x00000000         0xffffffff

Linker script and memory map

LOAD c:/users/jessejabezarendse/appdata/roaming/code/user/globalstorage/bmd.stm32-for-vscode/@xpack-dev-tools/arm-none-eabi-gcc/12.3.1-1.2.1/.content/bin/../lib/gcc/arm-none-eabi/12.3.1/thumb/v7e-m+fp/hard/crti.o
LOAD c:/users/jessejabezarendse/appdata/roaming/code/user/globalstorage/bmd.stm32-for-vscode/@xpack-dev-tools/arm-none-eabi-gcc/12.3.1-1.2.1/.content/bin/../lib/gcc/arm-none-eabi/12.3.1/thumb/v7e-m+fp/hard/crtbegin.o
LOAD c:/users/jessejabezarendse/appdata/roaming/code/user/globalstorage/bmd.stm32-for-vscode/@xpack-dev-tools/arm-none-eabi-gcc/12.3.1-1.2.1/.content/bin/../lib/gcc/arm-none-eabi/12.3.1/../../../../arm-none-eabi/lib/thumb/v7e-m+fp/hard/crt0.o
LOAD build/7SegDisplay.o
LOAD build/CurrentMonitor.o
LOAD build/EEPROM.o
LOAD build/IMU.o
LOAD build/NeoPixels.o
LOAD build/Pots.o
LOAD build/Relays.o
LOAD build/ServoMotors.o
LOAD build/StepperMotor.o
LOAD build/USB.o
LOAD build/main.o
LOAD build/stm32f4xx_hal_msp.o
LOAD build/stm32f4xx_it.o
LOAD build/system_stm32f4xx.o
LOAD build/stm32f4xx_hal.o
LOAD build/stm32f4xx_hal_adc.o
LOAD build/stm32f4xx_hal_adc_ex.o
LOAD build/stm32f4xx_hal_cortex.o
LOAD build/stm32f4xx_hal_dma.o
LOAD build/stm32f4xx_hal_dma_ex.o
LOAD build/stm32f4xx_hal_exti.o
LOAD build/stm32f4xx_hal_flash.o
LOAD build/stm32f4xx_hal_flash_ex.o
LOAD build/stm32f4xx_hal_flash_ramfunc.o
LOAD build/stm32f4xx_hal_gpio.o
LOAD build/stm32f4xx_hal_i2c.o
LOAD build/stm32f4xx_hal_i2c_ex.o
LOAD build/stm32f4xx_hal_pwr.o
LOAD build/stm32f4xx_hal_pwr_ex.o
LOAD build/stm32f4xx_hal_rcc.o
LOAD build/stm32f4xx_hal_rcc_ex.o
LOAD build/stm32f4xx_hal_tim.o
LOAD build/stm32f4xx_hal_tim_ex.o
LOAD build/stm32f4xx_hal_uart.o
LOAD build/stm32f4xx_ll_adc.o
LOAD build/startup_stm32f407xx.o
LOAD c:/users/jessejabezarendse/appdata/roaming/code/user/globalstorage/bmd.stm32-for-vscode/@xpack-dev-tools/arm-none-eabi-gcc/12.3.1-1.2.1/.content/bin/../lib/gcc/arm-none-eabi/12.3.1/../../../../arm-none-eabi/lib/thumb/v7e-m+fp/hard\libc_nano.a
LOAD c:/users/jessejabezarendse/appdata/roaming/code/user/globalstorage/bmd.stm32-for-vscode/@xpack-dev-tools/arm-none-eabi-gcc/12.3.1-1.2.1/.content/bin/../lib/gcc/arm-none-eabi/12.3.1/../../../../arm-none-eabi/lib/thumb/v7e-m+fp/hard\libm.a
LOAD c:/users/jessejabezarendse/appdata/roaming/code/user/globalstorage/bmd.stm32-for-vscode/@xpack-dev-tools/arm-none-eabi-gcc/12.3.1-1.2.1/.content/bin/../lib/gcc/arm-none-eabi/12.3.1/../../../../arm-none-eabi/lib/thumb/v7e-m+fp/hard\libnosys.a
START GROUP
LOAD c:/users/jessejabezarendse/appdata/roaming/code/user/globalstorage/bmd.stm32-for-vscode/@xpack-dev-tools/arm-none-eabi-gcc/12.3.1-1.2.1/.content/bin/../lib/gcc/arm-none-eabi/12.3.1/thumb/v7e-m+fp/hard\libgcc.a
LOAD c:/users/jessejabezarendse/appdata/roaming/code/user/globalstorage/bmd.stm32-for-vscode/@xpack-dev-tools/arm-none-eabi-gcc/12.3.1-1.2.1/.content/bin/../lib/gcc/arm-none-eabi/12.3.1/../../../../arm-none-eabi/lib/thumb/v7e-m+fp/hard\libc_nano.a
END GROUP
START GROUP
LOAD c:/users/jessejabezarendse/appdata/roaming/code/user/globalstorage/bmd.stm32-for-vscode/@xpack-dev-tools/arm-none-eabi-gcc/12.3.1-1.2.1/.content/bin/../lib/gcc/arm-none-eabi/12.3.1/thumb/v7e-m+fp/hard\libgcc.a
LOAD c:/users/jessejabezarendse/appdata/roaming/code/user/globalstorage/bmd.stm32-for-vscode/@xpack-dev-tools/arm-none-eabi-gcc/12.3.1-1.2.1/.content/bin/../lib/gcc/arm-none-eabi/12.3.1/../../../../arm-none-eabi/lib/thumb/v7e-m+fp/hard\libc_nano.a
END GROUP
LOAD c:/users/jessejabezarendse/appdata/roaming/code/user/globalstorage/bmd.stm32-for-vscode/@xpack-dev-tools/arm-none-eabi-gcc/12.3.1-1.2.1/.content/bin/../lib/gcc/arm-none-eabi/12.3.1/thumb/v7e-m+fp/hard/crtend.o
LOAD c:/users/jessejabezarendse/appdata/roaming/code/user/globalstorage/bmd.stm32-for-vscode/@xpack-dev-tools/arm-none-eabi-gcc/12.3.1-1.2.1/.content/bin/../lib/gcc/arm-none-eabi/12.3.1/thumb/v7e-m+fp/hard/crtn.o
                0x20020000                        _estack = (ORIGIN (RAM) + LENGTH (RAM))
                0x00000200                        _Min_Heap_Size = 0x200
                0x00000400                        _Min_Stack_Size = 0x400

.isr_vector     0x08000000      0x188
                0x08000000                        . = ALIGN (0x4)
 *(.isr_vector)
 .isr_vector    0x08000000      0x188 build/startup_stm32f407xx.o
                0x08000000                g_pfnVectors
                0x08000188                        . = ALIGN (0x4)

.text           0x08000190     0x7708
                0x08000190                        . = ALIGN (0x4)
 *(.text)
 .text          0x08000190       0xa0 c:/users/jessejabezarendse/appdata/roaming/code/user/globalstorage/bmd.stm32-for-vscode/@xpack-dev-tools/arm-none-eabi-gcc/12.3.1-1.2.1/.content/bin/../lib/gcc/arm-none-eabi/12.3.1/../../../../arm-none-eabi/lib/thumb/v7e-m+fp/hard\libc_nano.a(libc_a-memchr.o)
                0x08000190                memchr
 .text          0x08000230       0x30 c:/users/jessejabezarendse/appdata/roaming/code/user/globalstorage/bmd.stm32-for-vscode/@xpack-dev-tools/arm-none-eabi-gcc/12.3.1-1.2.1/.content/bin/../lib/gcc/arm-none-eabi/12.3.1/thumb/v7e-m+fp/hard\libgcc.a(_aeabi_uldivmod.o)
                0x08000230                __aeabi_uldivmod
 .text          0x08000260        0x4 c:/users/jessejabezarendse/appdata/roaming/code/user/globalstorage/bmd.stm32-for-vscode/@xpack-dev-tools/arm-none-eabi-gcc/12.3.1-1.2.1/.content/bin/../lib/gcc/arm-none-eabi/12.3.1/thumb/v7e-m+fp/hard\libgcc.a(_dvmd_tls.o)
                0x08000260                __aeabi_idiv0
                0x08000260                __aeabi_ldiv0
 *(.text*)
 .text.__do_global_dtors_aux
                0x08000264       0x24 c:/users/jessejabezarendse/appdata/roaming/code/user/globalstorage/bmd.stm32-for-vscode/@xpack-dev-tools/arm-none-eabi-gcc/12.3.1-1.2.1/.content/bin/../lib/gcc/arm-none-eabi/12.3.1/thumb/v7e-m+fp/hard/crtbegin.o
 .text.frame_dummy
                0x08000288       0x1c c:/users/jessejabezarendse/appdata/roaming/code/user/globalstorage/bmd.stm32-for-vscode/@xpack-dev-tools/arm-none-eabi-gcc/12.3.1-1.2.1/.content/bin/../lib/gcc/arm-none-eabi/12.3.1/thumb/v7e-m+fp/hard/crtbegin.o
 .text.init_7SegDisplay
                0x080002a4       0x2c build/7SegDisplay.o
                0x080002a4                init_7SegDisplay
 .text.setNumber
                0x080002d0       0x18 build/7SegDisplay.o
                0x080002d0                setNumber
 .text.setFloatNumber
                0x080002e8       0x40 build/7SegDisplay.o
                0x080002e8                setFloatNumber
 .text.display_char
                0x08000328      0x884 build/7SegDisplay.o
                0x08000328                display_char
 .text.refreshDisplay
                0x08000bac       0x64 build/7SegDisplay.o
                0x08000bac                refreshDisplay
 .text.WriteMem
                0x08000c10       0x34 build/CurrentMonitor.o
 .text.ReadMem  0x08000c44       0x34 build/CurrentMonitor.o
 .text.calibrate
                0x08000c78        0xc build/CurrentMonitor.o
                0x08000c78                calibrate
 .text.signNumber16
                0x08000c84        0x4 build/CurrentMonitor.o
                0x08000c84                signNumber16
 .text.toBusVoltage
                0x08000c88        0x6 build/CurrentMonitor.o
                0x08000c88                toBusVoltage
 *fill*         0x08000c8e        0x2 
 .text.getCurrentRaw
                0x08000c90       0x14 build/CurrentMonitor.o
                0x08000c90                getCurrentRaw
 .text.getCurrentNew
                0x08000ca4       0x30 build/CurrentMonitor.o
                0x08000ca4                getCurrentNew
 .text.getVBus  0x08000cd4       0x18 build/CurrentMonitor.o
                0x08000cd4                getVBus
 .text.getAllVBus
                0x08000cec       0x30 build/CurrentMonitor.o
                0x08000cec                getAllVBus
 .text.getAllCurrents
                0x08000d1c       0x30 build/CurrentMonitor.o
                0x08000d1c                getAllCurrents
 .text.getAll   0x08000d4c       0x38 build/CurrentMonitor.o
                0x08000d4c                getAll
 .text.init_currentMonitor
                0x08000d84       0x1a build/CurrentMonitor.o
                0x08000d84                init_currentMonitor
 *fill*         0x08000d9e        0x2 
 .text.init_AllCurrentMonitors
                0x08000da0       0x30 build/CurrentMonitor.o
                0x08000da0                init_AllCurrentMonitors
 .text.ReadMem  0x08000dd0       0x38 build/IMU.o
 .text.refreshIMUValues
                0x08000e08       0xe4 build/IMU.o
                0x08000e08                refreshIMUValues
 .text.init_IMU
                0x08000eec       0x7c build/IMU.o
                0x08000eec                init_IMU
 .text.send_PWM
                0x08000f68       0x68 build/NeoPixels.o
                0x08000f68                send_PWM
 .text.set_RGB  0x08000fd0       0x5c build/NeoPixels.o
                0x08000fd0                set_RGB
 .text.HAL_TIM_PWM_PulseFinishedCallback
                0x0800102c       0x10 build/NeoPixels.o
                0x0800102c                HAL_TIM_PWM_PulseFinishedCallback
 .text.refreshPixels
                0x0800103c       0xa0 build/Pots.o
                0x0800103c                refreshPixels
 .text.displayPot
                0x080010dc       0x30 build/Pots.o
                0x080010dc                displayPot
 .text.doBoth   0x0800110c        0xc build/Pots.o
                0x0800110c                doBoth
 .text.init_POTs
                0x08001118       0x84 build/Pots.o
                0x08001118                init_POTs
 .text.setRelay
                0x0800119c       0x50 build/Relays.o
                0x0800119c                setRelay
 .text.angleToCCR
                0x080011ec       0x2c build/ServoMotors.o
                0x080011ec                angleToCCR
 .text.init_ServoMotor
                0x08001218       0x60 build/ServoMotors.o
                0x08001218                init_ServoMotor
 .text.setServoAngle
                0x08001278       0x4c build/ServoMotors.o
                0x08001278                setServoAngle
 .text.unlockStepper
                0x080012c4       0x3c build/StepperMotor.o
                0x080012c4                unlockStepper
 .text.setStepperSpeed
                0x08001300       0x54 build/StepperMotor.o
                0x08001300                setStepperSpeed
 .text.HalfModeSequence
                0x08001354      0x148 build/StepperMotor.o
                0x08001354                HalfModeSequence
 .text.WaveModeSequence
                0x0800149c      0x128 build/StepperMotor.o
                0x0800149c                WaveModeSequence
 .text.FullModeSequence
                0x080015c4      0x180 build/StepperMotor.o
                0x080015c4                FullModeSequence
 .text.init_StepperMotor
                0x08001744       0x74 build/StepperMotor.o
                0x08001744                init_StepperMotor
 .text.HAL_UART_RxCpltCallback
                0x080017b8       0x1c build/USB.o
                0x080017b8                HAL_UART_RxCpltCallback
 .text.MX_GPIO_Init
                0x080017d4      0x184 build/main.o
 .text.MX_DMA_Init
                0x08001958       0x68 build/main.o
 .text.toByte   0x080019c0       0x40 build/main.o
                0x080019c0                toByte
 .text.sendToSimulink
                0x08001a00      0x128 build/main.o
                0x08001a00                sendToSimulink
 .text.updateBoard
                0x08001b28      0x188 build/main.o
                0x08001b28                updateBoard
 .text.receivedFromSimulink
                0x08001cb0      0x164 build/main.o
                0x08001cb0                receivedFromSimulink
 .text.Error_Handler
                0x08001e14        0x4 build/main.o
                0x08001e14                Error_Handler
 .text.MX_TIM2_Init
                0x08001e18       0xa0 build/main.o
 .text.MX_I2C1_Init
                0x08001eb8       0x38 build/main.o
 .text.MX_ADC1_Init
                0x08001ef0       0xb0 build/main.o
 .text.MX_TIM7_Init
                0x08001fa0       0x4c build/main.o
 .text.MX_TIM6_Init
                0x08001fec       0x50 build/main.o
 .text.MX_I2C2_Init
                0x0800203c       0x38 build/main.o
 .text.MX_TIM4_Init
                0x08002074       0x6c build/main.o
 .text.MX_TIM1_Init
                0x080020e0       0xcc build/main.o
 .text.MX_TIM3_Init
                0x080021ac       0xdc build/main.o
 .text.MX_TIM5_Init
                0x08002288       0x68 build/main.o
 .text.MX_UART4_Init
                0x080022f0       0x34 build/main.o
 .text.MX_TIM14_Init
                0x08002324       0x34 build/main.o
 .text.MX_TIM8_Init
                0x08002358       0x68 build/main.o
 .text.SystemClock_Config
                0x080023c0       0xa0 build/main.o
                0x080023c0                SystemClock_Config
 .text.main     0x08002460       0x98 build/main.o
                0x08002460                main
 .text.HAL_MspInit
                0x080024f8       0x38 build/stm32f4xx_hal_msp.o
                0x080024f8                HAL_MspInit
 .text.HAL_ADC_MspInit
                0x08002530       0xac build/stm32f4xx_hal_msp.o
                0x08002530                HAL_ADC_MspInit
 .text.HAL_I2C_MspInit
                0x080025dc       0xc4 build/stm32f4xx_hal_msp.o
                0x080025dc                HAL_I2C_MspInit
 .text.HAL_TIM_Base_MspInit
                0x080026a0      0x284 build/stm32f4xx_hal_msp.o
                0x080026a0                HAL_TIM_Base_MspInit
 .text.HAL_TIM_MspPostInit
                0x08002924       0x98 build/stm32f4xx_hal_msp.o
                0x08002924                HAL_TIM_MspPostInit
 .text.HAL_TIM_Base_MspDeInit
                0x080029bc      0x128 build/stm32f4xx_hal_msp.o
                0x080029bc                HAL_TIM_Base_MspDeInit
 .text.HAL_UART_MspInit
                0x08002ae4       0xc0 build/stm32f4xx_hal_msp.o
                0x08002ae4                HAL_UART_MspInit
 .text.NMI_Handler
                0x08002ba4        0x2 build/stm32f4xx_it.o
                0x08002ba4                NMI_Handler
 .text.HardFault_Handler
                0x08002ba6        0x2 build/stm32f4xx_it.o
                0x08002ba6                HardFault_Handler
 .text.MemManage_Handler
                0x08002ba8        0x2 build/stm32f4xx_it.o
                0x08002ba8                MemManage_Handler
 .text.BusFault_Handler
                0x08002baa        0x2 build/stm32f4xx_it.o
                0x08002baa                BusFault_Handler
 .text.UsageFault_Handler
                0x08002bac        0x2 build/stm32f4xx_it.o
                0x08002bac                UsageFault_Handler
 .text.SVC_Handler
                0x08002bae        0x2 build/stm32f4xx_it.o
                0x08002bae                SVC_Handler
 .text.DebugMon_Handler
                0x08002bb0        0x2 build/stm32f4xx_it.o
                0x08002bb0                DebugMon_Handler
 .text.PendSV_Handler
                0x08002bb2        0x2 build/stm32f4xx_it.o
                0x08002bb2                PendSV_Handler
 .text.SysTick_Handler
                0x08002bb4        0x8 build/stm32f4xx_it.o
                0x08002bb4                SysTick_Handler
 .text.DMA1_Stream1_IRQHandler
                0x08002bbc       0x10 build/stm32f4xx_it.o
                0x08002bbc                DMA1_Stream1_IRQHandler
 .text.DMA1_Stream2_IRQHandler
                0x08002bcc       0x10 build/stm32f4xx_it.o
                0x08002bcc                DMA1_Stream2_IRQHandler
 .text.TIM1_CC_IRQHandler
                0x08002bdc       0x10 build/stm32f4xx_it.o
                0x08002bdc                TIM1_CC_IRQHandler
 .text.TIM2_IRQHandler
                0x08002bec       0x10 build/stm32f4xx_it.o
                0x08002bec                TIM2_IRQHandler
 .text.TIM4_IRQHandler
                0x08002bfc       0x10 build/stm32f4xx_it.o
                0x08002bfc                TIM4_IRQHandler
 .text.EXTI15_10_IRQHandler
                0x08002c0c        0xc build/stm32f4xx_it.o
                0x08002c0c                EXTI15_10_IRQHandler
 .text.TIM8_TRG_COM_TIM14_IRQHandler
                0x08002c18       0x18 build/stm32f4xx_it.o
                0x08002c18                TIM8_TRG_COM_TIM14_IRQHandler
 .text.TIM5_IRQHandler
                0x08002c30       0x10 build/stm32f4xx_it.o
                0x08002c30                TIM5_IRQHandler
 .text.UART4_IRQHandler
                0x08002c40       0x10 build/stm32f4xx_it.o
                0x08002c40                UART4_IRQHandler
 .text.TIM6_DAC_IRQHandler
                0x08002c50       0x10 build/stm32f4xx_it.o
                0x08002c50                TIM6_DAC_IRQHandler
 .text.TIM7_IRQHandler
                0x08002c60       0x10 build/stm32f4xx_it.o
                0x08002c60                TIM7_IRQHandler
 .text.DMA2_Stream0_IRQHandler
                0x08002c70       0x10 build/stm32f4xx_it.o
                0x08002c70                DMA2_Stream0_IRQHandler
 .text.SystemInit
                0x08002c80       0x14 build/system_stm32f4xx.o
                0x08002c80                SystemInit
 .text.HAL_InitTick
                0x08002c94       0x4c build/stm32f4xx_hal.o
                0x08002c94                HAL_InitTick
 .text.HAL_Init
                0x08002ce0       0x34 build/stm32f4xx_hal.o
                0x08002ce0                HAL_Init
 .text.HAL_IncTick
                0x08002d14       0x18 build/stm32f4xx_hal.o
                0x08002d14                HAL_IncTick
 .text.HAL_GetTick
                0x08002d2c        0xc build/stm32f4xx_hal.o
                0x08002d2c                HAL_GetTick
 .text.ADC_Init
                0x08002d38      0x134 build/stm32f4xx_hal_adc.o
 .text.HAL_ADC_Init
                0x08002e6c       0x56 build/stm32f4xx_hal_adc.o
                0x08002e6c                HAL_ADC_Init
 *fill*         0x08002ec2        0x2 
 .text.HAL_ADC_Start_DMA
                0x08002ec4      0x19c build/stm32f4xx_hal_adc.o
                0x08002ec4                HAL_ADC_Start_DMA
 .text.HAL_ADC_ConvCpltCallback
                0x08003060        0x2 build/stm32f4xx_hal_adc.o
                0x08003060                HAL_ADC_ConvCpltCallback
 .text.HAL_ADC_ConvHalfCpltCallback
                0x08003062        0x2 build/stm32f4xx_hal_adc.o
                0x08003062                HAL_ADC_ConvHalfCpltCallback
 .text.ADC_DMAHalfConvCplt
                0x08003064        0xa build/stm32f4xx_hal_adc.o
 .text.HAL_ADC_ErrorCallback
                0x0800306e        0x2 build/stm32f4xx_hal_adc.o
                0x0800306e                HAL_ADC_ErrorCallback
 .text.ADC_DMAError
                0x08003070       0x16 build/stm32f4xx_hal_adc.o
 .text.ADC_DMAConvCplt
                0x08003086       0x72 build/stm32f4xx_hal_adc.o
 .text.HAL_ADC_ConfigChannel
                0x080030f8      0x194 build/stm32f4xx_hal_adc.o
                0x080030f8                HAL_ADC_ConfigChannel
 .text.__NVIC_DisableIRQ
                0x0800328c       0x24 build/stm32f4xx_hal_cortex.o
 .text.__NVIC_SetPriority
                0x080032b0       0x28 build/stm32f4xx_hal_cortex.o
 .text.NVIC_EncodePriority
                0x080032d8       0x3e build/stm32f4xx_hal_cortex.o
 *fill*         0x08003316        0x2 
 .text.HAL_NVIC_SetPriorityGrouping
                0x08003318       0x24 build/stm32f4xx_hal_cortex.o
                0x08003318                HAL_NVIC_SetPriorityGrouping
 .text.HAL_NVIC_SetPriority
                0x0800333c       0x20 build/stm32f4xx_hal_cortex.o
                0x0800333c                HAL_NVIC_SetPriority
 .text.HAL_NVIC_EnableIRQ
                0x0800335c       0x1c build/stm32f4xx_hal_cortex.o
                0x0800335c                HAL_NVIC_EnableIRQ
 .text.HAL_NVIC_DisableIRQ
                0x08003378        0x8 build/stm32f4xx_hal_cortex.o
                0x08003378                HAL_NVIC_DisableIRQ
 .text.HAL_SYSTICK_Config
                0x08003380       0x28 build/stm32f4xx_hal_cortex.o
                0x08003380                HAL_SYSTICK_Config
 .text.DMA_SetConfig
                0x080033a8       0x2c build/stm32f4xx_hal_dma.o
 .text.DMA_CalcBaseAndBitshift
                0x080033d4       0x44 build/stm32f4xx_hal_dma.o
 .text.DMA_CheckFifoParam
                0x08003418       0x8e build/stm32f4xx_hal_dma.o
 *fill*         0x080034a6        0x2 
 .text.HAL_DMA_Init
                0x080034a8       0xcc build/stm32f4xx_hal_dma.o
                0x080034a8                HAL_DMA_Init
 .text.HAL_DMA_DeInit
                0x08003574       0x64 build/stm32f4xx_hal_dma.o
                0x08003574                HAL_DMA_DeInit
 .text.HAL_DMA_Start_IT
                0x080035d8       0x6a build/stm32f4xx_hal_dma.o
                0x080035d8                HAL_DMA_Start_IT
 .text.HAL_DMA_Abort
                0x08003642       0x94 build/stm32f4xx_hal_dma.o
                0x08003642                HAL_DMA_Abort
 .text.HAL_DMA_Abort_IT
                0x080036d6       0x26 build/stm32f4xx_hal_dma.o
                0x080036d6                HAL_DMA_Abort_IT
 .text.HAL_DMA_IRQHandler
                0x080036fc      0x1dc build/stm32f4xx_hal_dma.o
                0x080036fc                HAL_DMA_IRQHandler
 .text.HAL_GPIO_Init
                0x080038d8      0x1ec build/stm32f4xx_hal_gpio.o
                0x080038d8                HAL_GPIO_Init
 .text.HAL_GPIO_DeInit
                0x08003ac4      0x134 build/stm32f4xx_hal_gpio.o
                0x08003ac4                HAL_GPIO_DeInit
 .text.HAL_GPIO_ReadPin
                0x08003bf8        0xe build/stm32f4xx_hal_gpio.o
                0x08003bf8                HAL_GPIO_ReadPin
 .text.HAL_GPIO_WritePin
                0x08003c06        0xc build/stm32f4xx_hal_gpio.o
                0x08003c06                HAL_GPIO_WritePin
 .text.HAL_GPIO_EXTI_Callback
                0x08003c12        0x2 build/stm32f4xx_hal_gpio.o
                0x08003c12                HAL_GPIO_EXTI_Callback
 .text.HAL_GPIO_EXTI_IRQHandler
                0x08003c14       0x1c build/stm32f4xx_hal_gpio.o
                0x08003c14                HAL_GPIO_EXTI_IRQHandler
 .text.I2C_IsAcknowledgeFailed
                0x08003c30       0x32 build/stm32f4xx_hal_i2c.o
 .text.I2C_WaitOnFlagUntilTimeout
                0x08003c62       0x7c build/stm32f4xx_hal_i2c.o
 .text.I2C_WaitOnMasterAddressFlagUntilTimeout
                0x08003cde       0xaa build/stm32f4xx_hal_i2c.o
 .text.I2C_WaitOnTXEFlagUntilTimeout
                0x08003d88       0x54 build/stm32f4xx_hal_i2c.o
 .text.I2C_RequestMemoryWrite
                0x08003ddc       0xd8 build/stm32f4xx_hal_i2c.o
 .text.I2C_RequestMemoryRead
                0x08003eb4      0x154 build/stm32f4xx_hal_i2c.o
 .text.I2C_WaitOnBTFFlagUntilTimeout
                0x08004008       0x54 build/stm32f4xx_hal_i2c.o
 .text.I2C_WaitOnRXNEFlagUntilTimeout
                0x0800405c       0x6a build/stm32f4xx_hal_i2c.o
 *fill*         0x080040c6        0x2 
 .text.HAL_I2C_Init
                0x080040c8      0x1bc build/stm32f4xx_hal_i2c.o
                0x080040c8                HAL_I2C_Init
 .text.HAL_I2C_Mem_Write
                0x08004284      0x164 build/stm32f4xx_hal_i2c.o
                0x08004284                HAL_I2C_Mem_Write
 .text.HAL_I2C_Mem_Read
                0x080043e8      0x2e4 build/stm32f4xx_hal_i2c.o
                0x080043e8                HAL_I2C_Mem_Read
 .text.HAL_RCC_OscConfig
                0x080046cc      0x3f8 build/stm32f4xx_hal_rcc.o
                0x080046cc                HAL_RCC_OscConfig
 .text.HAL_RCC_GetSysClockFreq
                0x08004ac4       0xa8 build/stm32f4xx_hal_rcc.o
                0x08004ac4                HAL_RCC_GetSysClockFreq
 .text.HAL_RCC_ClockConfig
                0x08004b6c      0x160 build/stm32f4xx_hal_rcc.o
                0x08004b6c                HAL_RCC_ClockConfig
 .text.HAL_RCC_GetHCLKFreq
                0x08004ccc        0xc build/stm32f4xx_hal_rcc.o
                0x08004ccc                HAL_RCC_GetHCLKFreq
 .text.HAL_RCC_GetPCLK1Freq
                0x08004cd8       0x20 build/stm32f4xx_hal_rcc.o
                0x08004cd8                HAL_RCC_GetPCLK1Freq
 .text.HAL_RCC_GetPCLK2Freq
                0x08004cf8       0x20 build/stm32f4xx_hal_rcc.o
                0x08004cf8                HAL_RCC_GetPCLK2Freq
 .text.HAL_TIM_OC_MspInit
                0x08004d18        0x2 build/stm32f4xx_hal_tim.o
                0x08004d18                HAL_TIM_OC_MspInit
 .text.HAL_TIM_OC_MspDeInit
                0x08004d1a        0x2 build/stm32f4xx_hal_tim.o
                0x08004d1a                HAL_TIM_OC_MspDeInit
 .text.HAL_TIM_PWM_MspInit
                0x08004d1c        0x2 build/stm32f4xx_hal_tim.o
                0x08004d1c                HAL_TIM_PWM_MspInit
 .text.HAL_TIM_PWM_MspDeInit
                0x08004d1e        0x2 build/stm32f4xx_hal_tim.o
                0x08004d1e                HAL_TIM_PWM_MspDeInit
 .text.HAL_TIM_IC_MspInit
                0x08004d20        0x2 build/stm32f4xx_hal_tim.o
                0x08004d20                HAL_TIM_IC_MspInit
 .text.HAL_TIM_IC_MspDeInit
                0x08004d22        0x2 build/stm32f4xx_hal_tim.o
                0x08004d22                HAL_TIM_IC_MspDeInit
 .text.HAL_TIM_OnePulse_MspInit
                0x08004d24        0x2 build/stm32f4xx_hal_tim.o
                0x08004d24                HAL_TIM_OnePulse_MspInit
 .text.HAL_TIM_OnePulse_MspDeInit
                0x08004d26        0x2 build/stm32f4xx_hal_tim.o
                0x08004d26                HAL_TIM_OnePulse_MspDeInit
 .text.HAL_TIM_Encoder_MspInit
                0x08004d28        0x2 build/stm32f4xx_hal_tim.o
                0x08004d28                HAL_TIM_Encoder_MspInit
 .text.HAL_TIM_Encoder_MspDeInit
                0x08004d2a        0x2 build/stm32f4xx_hal_tim.o
                0x08004d2a                HAL_TIM_Encoder_MspDeInit
 .text.HAL_TIM_PeriodElapsedCallback
                0x08004d2c        0x2 build/stm32f4xx_hal_tim.o
                0x08004d2c                HAL_TIM_PeriodElapsedCallback
 .text.HAL_TIM_PeriodElapsedHalfCpltCallback
                0x08004d2e        0x2 build/stm32f4xx_hal_tim.o
                0x08004d2e                HAL_TIM_PeriodElapsedHalfCpltCallback
 .text.HAL_TIM_OC_DelayElapsedCallback
                0x08004d30        0x2 build/stm32f4xx_hal_tim.o
                0x08004d30                HAL_TIM_OC_DelayElapsedCallback
 .text.HAL_TIM_IC_CaptureCallback
                0x08004d32        0x2 build/stm32f4xx_hal_tim.o
                0x08004d32                HAL_TIM_IC_CaptureCallback
 .text.HAL_TIM_IC_CaptureHalfCpltCallback
                0x08004d34        0x2 build/stm32f4xx_hal_tim.o
                0x08004d34                HAL_TIM_IC_CaptureHalfCpltCallback
 .text.HAL_TIM_PWM_PulseFinishedHalfCpltCallback
                0x08004d36        0x2 build/stm32f4xx_hal_tim.o
                0x08004d36                HAL_TIM_PWM_PulseFinishedHalfCpltCallback
 .text.HAL_TIM_TriggerCallback
                0x08004d38        0x2 build/stm32f4xx_hal_tim.o
                0x08004d38                HAL_TIM_TriggerCallback
 .text.HAL_TIM_TriggerHalfCpltCallback
                0x08004d3a        0x2 build/stm32f4xx_hal_tim.o
                0x08004d3a                HAL_TIM_TriggerHalfCpltCallback
 .text.HAL_TIM_ErrorCallback
                0x08004d3c        0x2 build/stm32f4xx_hal_tim.o
                0x08004d3c                HAL_TIM_ErrorCallback
 .text.TIM_DMAError
                0x08004d3e       0x5e build/stm32f4xx_hal_tim.o
                0x08004d3e                TIM_DMAError
 .text.TIM_DMADelayPulseCplt
                0x08004d9c       0x72 build/stm32f4xx_hal_tim.o
 .text.TIM_DMADelayPulseHalfCplt
                0x08004e0e       0x40 build/stm32f4xx_hal_tim.o
                0x08004e0e                TIM_DMADelayPulseHalfCplt
 *fill*         0x08004e4e        0x2 
 .text.TIM_OC1_SetConfig
                0x08004e50       0x70 build/stm32f4xx_hal_tim.o
 .text.TIM_OC3_SetConfig
                0x08004ec0       0x70 build/stm32f4xx_hal_tim.o
 .text.TIM_OC4_SetConfig
                0x08004f30       0x50 build/stm32f4xx_hal_tim.o
 .text.TIM_TI1_ConfigInputStage
                0x08004f80       0x26 build/stm32f4xx_hal_tim.o
 .text.TIM_TI2_SetConfig
                0x08004fa6       0x36 build/stm32f4xx_hal_tim.o
 .text.TIM_TI2_ConfigInputStage
                0x08004fdc       0x28 build/stm32f4xx_hal_tim.o
 .text.TIM_TI3_SetConfig
                0x08005004       0x36 build/stm32f4xx_hal_tim.o
 .text.TIM_TI4_SetConfig
                0x0800503a       0x36 build/stm32f4xx_hal_tim.o
 .text.TIM_ITRx_SetConfig
                0x08005070       0x10 build/stm32f4xx_hal_tim.o
 .text.HAL_TIM_Base_Start_IT
                0x08005080       0x88 build/stm32f4xx_hal_tim.o
                0x08005080                HAL_TIM_Base_Start_IT
 .text.HAL_TIM_Base_Stop_IT
                0x08005108       0x32 build/stm32f4xx_hal_tim.o
                0x08005108                HAL_TIM_Base_Stop_IT
 .text.HAL_TIM_IRQHandler
                0x0800513a      0x196 build/stm32f4xx_hal_tim.o
                0x0800513a                HAL_TIM_IRQHandler
 .text.HAL_TIM_RegisterCallback
                0x080052d0      0x182 build/stm32f4xx_hal_tim.o
                0x080052d0                HAL_TIM_RegisterCallback
 *fill*         0x08005452        0x2 
 .text.HAL_TIM_UnRegisterCallback
                0x08005454      0x23c build/stm32f4xx_hal_tim.o
                0x08005454                HAL_TIM_UnRegisterCallback
 .text.TIM_Base_SetConfig
                0x08005690       0xc8 build/stm32f4xx_hal_tim.o
                0x08005690                TIM_Base_SetConfig
 .text.TIM_OC2_SetConfig
                0x08005758       0x70 build/stm32f4xx_hal_tim.o
                0x08005758                TIM_OC2_SetConfig
 .text.HAL_TIM_PWM_ConfigChannel
                0x080057c8       0xdc build/stm32f4xx_hal_tim.o
                0x080057c8                HAL_TIM_PWM_ConfigChannel
 .text.TIM_TI1_SetConfig
                0x080058a4       0x7c build/stm32f4xx_hal_tim.o
                0x080058a4                TIM_TI1_SetConfig
 .text.HAL_TIM_IC_ConfigChannel
                0x08005920       0xc4 build/stm32f4xx_hal_tim.o
                0x08005920                HAL_TIM_IC_ConfigChannel
 .text.TIM_ETR_SetConfig
                0x080059e4       0x1a build/stm32f4xx_hal_tim.o
                0x080059e4                TIM_ETR_SetConfig
 .text.HAL_TIM_ConfigClockSource
                0x080059fe       0xfe build/stm32f4xx_hal_tim.o
                0x080059fe                HAL_TIM_ConfigClockSource
 .text.TIM_CCxChannelCmd
                0x08005afc       0x1e build/stm32f4xx_hal_tim.o
                0x08005afc                TIM_CCxChannelCmd
 *fill*         0x08005b1a        0x2 
 .text.HAL_TIM_PWM_Start
                0x08005b1c      0x104 build/stm32f4xx_hal_tim.o
                0x08005b1c                HAL_TIM_PWM_Start
 .text.HAL_TIM_PWM_Start_DMA
                0x08005c20      0x298 build/stm32f4xx_hal_tim.o
                0x08005c20                HAL_TIM_PWM_Start_DMA
 .text.HAL_TIM_PWM_Stop_DMA
                0x08005eb8       0xf4 build/stm32f4xx_hal_tim.o
                0x08005eb8                HAL_TIM_PWM_Stop_DMA
 .text.TIM_ResetCallback
                0x08005fac       0x84 build/stm32f4xx_hal_tim.o
                0x08005fac                TIM_ResetCallback
 .text.HAL_TIM_Base_Init
                0x08006030       0x6c build/stm32f4xx_hal_tim.o
                0x08006030                HAL_TIM_Base_Init
 .text.HAL_TIM_PWM_Init
                0x0800609c       0x6c build/stm32f4xx_hal_tim.o
                0x0800609c                HAL_TIM_PWM_Init
 .text.HAL_TIM_IC_Init
                0x08006108       0x6c build/stm32f4xx_hal_tim.o
                0x08006108                HAL_TIM_IC_Init
 .text.HAL_TIMEx_HallSensor_MspInit
                0x08006174        0x2 build/stm32f4xx_hal_tim_ex.o
                0x08006174                HAL_TIMEx_HallSensor_MspInit
 .text.HAL_TIMEx_HallSensor_MspDeInit
                0x08006176        0x2 build/stm32f4xx_hal_tim_ex.o
                0x08006176                HAL_TIMEx_HallSensor_MspDeInit
 .text.HAL_TIMEx_MasterConfigSynchronization
                0x08006178       0x8c build/stm32f4xx_hal_tim_ex.o
                0x08006178                HAL_TIMEx_MasterConfigSynchronization
 .text.HAL_TIMEx_CommutCallback
                0x08006204        0x2 build/stm32f4xx_hal_tim_ex.o
                0x08006204                HAL_TIMEx_CommutCallback
 .text.HAL_TIMEx_CommutHalfCpltCallback
                0x08006206        0x2 build/stm32f4xx_hal_tim_ex.o
                0x08006206                HAL_TIMEx_CommutHalfCpltCallback
 .text.HAL_TIMEx_BreakCallback
                0x08006208        0x2 build/stm32f4xx_hal_tim_ex.o
                0x08006208                HAL_TIMEx_BreakCallback
 .text.HAL_UART_TxCpltCallback
                0x0800620a        0x2 build/stm32f4xx_hal_uart.o
                0x0800620a                HAL_UART_TxCpltCallback
 .text.HAL_UART_TxHalfCpltCallback
                0x0800620c        0x2 build/stm32f4xx_hal_uart.o
                0x0800620c                HAL_UART_TxHalfCpltCallback
 .text.HAL_UART_RxHalfCpltCallback
                0x0800620e        0x2 build/stm32f4xx_hal_uart.o
                0x0800620e                HAL_UART_RxHalfCpltCallback
 .text.HAL_UART_ErrorCallback
                0x08006210        0x2 build/stm32f4xx_hal_uart.o
                0x08006210                HAL_UART_ErrorCallback
 .text.HAL_UART_AbortCpltCallback
                0x08006212        0x2 build/stm32f4xx_hal_uart.o
                0x08006212                HAL_UART_AbortCpltCallback
 .text.HAL_UART_AbortTransmitCpltCallback
                0x08006214        0x2 build/stm32f4xx_hal_uart.o
                0x08006214                HAL_UART_AbortTransmitCpltCallback
 .text.HAL_UART_AbortReceiveCpltCallback
                0x08006216        0x2 build/stm32f4xx_hal_uart.o
                0x08006216                HAL_UART_AbortReceiveCpltCallback
 .text.HAL_UARTEx_RxEventCallback
                0x08006218        0x2 build/stm32f4xx_hal_uart.o
                0x08006218                HAL_UARTEx_RxEventCallback
 .text.UART_DMAReceiveCplt
                0x0800621a       0x96 build/stm32f4xx_hal_uart.o
 .text.UART_DMARxHalfCplt
                0x080062b0       0x1a build/stm32f4xx_hal_uart.o
 .text.UART_EndTxTransfer
                0x080062ca       0x20 build/stm32f4xx_hal_uart.o
 .text.UART_EndRxTransfer
                0x080062ea       0x5c build/stm32f4xx_hal_uart.o
 .text.UART_DMAError
                0x08006346       0x58 build/stm32f4xx_hal_uart.o
 .text.UART_DMAAbortOnError
                0x0800639e       0x10 build/stm32f4xx_hal_uart.o
 .text.UART_Transmit_IT
                0x080063ae       0x60 build/stm32f4xx_hal_uart.o
 .text.UART_EndTransmit_IT
                0x0800640e       0x1a build/stm32f4xx_hal_uart.o
 .text.UART_Receive_IT
                0x08006428       0xe2 build/stm32f4xx_hal_uart.o
 *fill*         0x0800650a        0x2 
 .text.UART_SetConfig
                0x0800650c      0x110 build/stm32f4xx_hal_uart.o
 .text.UART_WaitOnFlagUntilTimeout
                0x0800661c       0x84 build/stm32f4xx_hal_uart.o
 .text.HAL_UART_Transmit
                0x080066a0       0xd8 build/stm32f4xx_hal_uart.o
                0x080066a0                HAL_UART_Transmit
 .text.HAL_UART_IRQHandler
                0x08006778      0x27c build/stm32f4xx_hal_uart.o
                0x08006778                HAL_UART_IRQHandler
 .text.UART_InitCallbacksToDefault
                0x080069f4       0x4c build/stm32f4xx_hal_uart.o
                0x080069f4                UART_InitCallbacksToDefault
 .text.HAL_UART_Init
                0x08006a40       0x74 build/stm32f4xx_hal_uart.o
                0x08006a40                HAL_UART_Init
 .text.UART_Start_Receive_IT
                0x08006ab4       0x3a build/stm32f4xx_hal_uart.o
                0x08006ab4                UART_Start_Receive_IT
 .text.HAL_UART_Receive_IT
                0x08006aee       0x38 build/stm32f4xx_hal_uart.o
                0x08006aee                HAL_UART_Receive_IT
 *fill*         0x08006b26        0x2 
 .text.UART_Start_Receive_DMA
                0x08006b28       0xa8 build/stm32f4xx_hal_uart.o
                0x08006b28                UART_Start_Receive_DMA
 .text.HAL_UART_Receive_DMA
                0x08006bd0       0x38 build/stm32f4xx_hal_uart.o
                0x08006bd0                HAL_UART_Receive_DMA
 .text.Reset_Handler
                0x08006c08       0x50 build/startup_stm32f407xx.o
                0x08006c08                Reset_Handler
 .text.Default_Handler
                0x08006c58        0x2 build/startup_stm32f407xx.o
                0x08006c58                RTC_Alarm_IRQHandler
                0x08006c58                HASH_RNG_IRQHandler
                0x08006c58                EXTI2_IRQHandler
                0x08006c58                TIM8_CC_IRQHandler
                0x08006c58                DMA2_Stream5_IRQHandler
                0x08006c58                DMA1_Stream5_IRQHandler
                0x08006c58                PVD_IRQHandler
                0x08006c58                SDIO_IRQHandler
                0x08006c58                TAMP_STAMP_IRQHandler
                0x08006c58                CAN2_RX1_IRQHandler
                0x08006c58                EXTI3_IRQHandler
                0x08006c58                TIM1_UP_TIM10_IRQHandler
                0x08006c58                TIM8_UP_TIM13_IRQHandler
                0x08006c58                I2C3_ER_IRQHandler
                0x08006c58                EXTI0_IRQHandler
                0x08006c58                I2C2_EV_IRQHandler
                0x08006c58                CAN1_RX0_IRQHandler
                0x08006c58                FPU_IRQHandler
                0x08006c58                OTG_HS_WKUP_IRQHandler
                0x08006c58                CAN2_SCE_IRQHandler
                0x08006c58                DMA2_Stream2_IRQHandler
                0x08006c58                SPI1_IRQHandler
                0x08006c58                TIM1_BRK_TIM9_IRQHandler
                0x08006c58                DCMI_IRQHandler
                0x08006c58                CAN2_RX0_IRQHandler
                0x08006c58                DMA2_Stream3_IRQHandler
                0x08006c58                USART6_IRQHandler
                0x08006c58                USART3_IRQHandler
                0x08006c58                CAN1_RX1_IRQHandler
                0x08006c58                UART5_IRQHandler
                0x08006c58                I2C1_EV_IRQHandler
                0x08006c58                DMA1_Stream6_IRQHandler
                0x08006c58                TIM3_IRQHandler
                0x08006c58                RCC_IRQHandler
                0x08006c58                TIM8_BRK_TIM12_IRQHandler
                0x08006c58                Default_Handler
                0x08006c58                ADC_IRQHandler
                0x08006c58                DMA1_Stream7_IRQHandler
                0x08006c58                CAN2_TX_IRQHandler
                0x08006c58                DMA2_Stream7_IRQHandler
                0x08006c58                I2C3_EV_IRQHandler
                0x08006c58                EXTI9_5_IRQHandler
                0x08006c58                RTC_WKUP_IRQHandler
                0x08006c58                ETH_WKUP_IRQHandler
                0x08006c58                SPI2_IRQHandler
                0x08006c58                OTG_HS_EP1_IN_IRQHandler
                0x08006c58                DMA1_Stream0_IRQHandler
                0x08006c58                CAN1_TX_IRQHandler
                0x08006c58                EXTI4_IRQHandler
                0x08006c58                FSMC_IRQHandler
                0x08006c58                ETH_IRQHandler
                0x08006c58                OTG_HS_EP1_OUT_IRQHandler
                0x08006c58                WWDG_IRQHandler
                0x08006c58                OTG_FS_WKUP_IRQHandler
                0x08006c58                TIM1_TRG_COM_TIM11_IRQHandler
                0x08006c58                OTG_HS_IRQHandler
                0x08006c58                EXTI1_IRQHandler
                0x08006c58                USART2_IRQHandler
                0x08006c58                I2C2_ER_IRQHandler
                0x08006c58                DMA2_Stream1_IRQHandler
                0x08006c58                CAN1_SCE_IRQHandler
                0x08006c58                FLASH_IRQHandler
                0x08006c58                DMA2_Stream4_IRQHandler
                0x08006c58                USART1_IRQHandler
                0x08006c58                OTG_FS_IRQHandler
                0x08006c58                SPI3_IRQHandler
                0x08006c58                DMA1_Stream4_IRQHandler
                0x08006c58                I2C1_ER_IRQHandler
                0x08006c58                DMA2_Stream6_IRQHandler
                0x08006c58                DMA1_Stream3_IRQHandler
 *fill*         0x08006c5a        0x2 
 .text.sprintf  0x08006c5c       0x40 c:/users/jessejabezarendse/appdata/roaming/code/user/globalstorage/bmd.stm32-for-vscode/@xpack-dev-tools/arm-none-eabi-gcc/12.3.1-1.2.1/.content/bin/../lib/gcc/arm-none-eabi/12.3.1/../../../../arm-none-eabi/lib/thumb/v7e-m+fp/hard\libc_nano.a(libc_a-sprintf.o)
                0x08006c5c                siprintf
                0x08006c5c                sprintf
 .text.memset   0x08006c9c       0x10 c:/users/jessejabezarendse/appdata/roaming/code/user/globalstorage/bmd.stm32-for-vscode/@xpack-dev-tools/arm-none-eabi-gcc/12.3.1-1.2.1/.content/bin/../lib/gcc/arm-none-eabi/12.3.1/../../../../arm-none-eabi/lib/thumb/v7e-m+fp/hard\libc_nano.a(libc_a-memset.o)
                0x08006c9c                memset
 .text.__libc_init_array
                0x08006cac       0x48 c:/users/jessejabezarendse/appdata/roaming/code/user/globalstorage/bmd.stm32-for-vscode/@xpack-dev-tools/arm-none-eabi-gcc/12.3.1-1.2.1/.content/bin/../lib/gcc/arm-none-eabi/12.3.1/../../../../arm-none-eabi/lib/thumb/v7e-m+fp/hard\libc_nano.a(libc_a-init.o)
                0x08006cac                __libc_init_array
 .text.__retarget_lock_acquire_recursive
                0x08006cf4        0x2 c:/users/jessejabezarendse/appdata/roaming/code/user/globalstorage/bmd.stm32-for-vscode/@xpack-dev-tools/arm-none-eabi-gcc/12.3.1-1.2.1/.content/bin/../lib/gcc/arm-none-eabi/12.3.1/../../../../arm-none-eabi/lib/thumb/v7e-m+fp/hard\libc_nano.a(libc_a-lock.o)
                0x08006cf4                __retarget_lock_acquire_recursive
 .text.__retarget_lock_release_recursive
                0x08006cf6        0x2 c:/users/jessejabezarendse/appdata/roaming/code/user/globalstorage/bmd.stm32-for-vscode/@xpack-dev-tools/arm-none-eabi-gcc/12.3.1-1.2.1/.content/bin/../lib/gcc/arm-none-eabi/12.3.1/../../../../arm-none-eabi/lib/thumb/v7e-m+fp/hard\libc_nano.a(libc_a-lock.o)
                0x08006cf6                __retarget_lock_release_recursive
 .text._free_r  0x08006cf8       0x94 c:/users/jessejabezarendse/appdata/roaming/code/user/globalstorage/bmd.stm32-for-vscode/@xpack-dev-tools/arm-none-eabi-gcc/12.3.1-1.2.1/.content/bin/../lib/gcc/arm-none-eabi/12.3.1/../../../../arm-none-eabi/lib/thumb/v7e-m+fp/hard\libc_nano.a(libc_a-freer.o)
                0x08006cf8                _free_r
 .text.sbrk_aligned
                0x08006d8c       0x44 c:/users/jessejabezarendse/appdata/roaming/code/user/globalstorage/bmd.stm32-for-vscode/@xpack-dev-tools/arm-none-eabi-gcc/12.3.1-1.2.1/.content/bin/../lib/gcc/arm-none-eabi/12.3.1/../../../../arm-none-eabi/lib/thumb/v7e-m+fp/hard\libc_nano.a(libc_a-mallocr.o)
 .text._malloc_r
                0x08006dd0      0x100 c:/users/jessejabezarendse/appdata/roaming/code/user/globalstorage/bmd.stm32-for-vscode/@xpack-dev-tools/arm-none-eabi-gcc/12.3.1-1.2.1/.content/bin/../lib/gcc/arm-none-eabi/12.3.1/../../../../arm-none-eabi/lib/thumb/v7e-m+fp/hard\libc_nano.a(libc_a-mallocr.o)
                0x08006dd0                _malloc_r
 .text.__malloc_lock
                0x08006ed0        0xc c:/users/jessejabezarendse/appdata/roaming/code/user/globalstorage/bmd.stm32-for-vscode/@xpack-dev-tools/arm-none-eabi-gcc/12.3.1-1.2.1/.content/bin/../lib/gcc/arm-none-eabi/12.3.1/../../../../arm-none-eabi/lib/thumb/v7e-m+fp/hard\libc_nano.a(libc_a-mlock.o)
                0x08006ed0                __malloc_lock
 .text.__malloc_unlock
                0x08006edc        0xc c:/users/jessejabezarendse/appdata/roaming/code/user/globalstorage/bmd.stm32-for-vscode/@xpack-dev-tools/arm-none-eabi-gcc/12.3.1-1.2.1/.content/bin/../lib/gcc/arm-none-eabi/12.3.1/../../../../arm-none-eabi/lib/thumb/v7e-m+fp/hard\libc_nano.a(libc_a-mlock.o)
                0x08006edc                __malloc_unlock
 .text.__ssputs_r
                0x08006ee8       0xb6 c:/users/jessejabezarendse/appdata/roaming/code/user/globalstorage/bmd.stm32-for-vscode/@xpack-dev-tools/arm-none-eabi-gcc/12.3.1-1.2.1/.content/bin/../lib/gcc/arm-none-eabi/12.3.1/../../../../arm-none-eabi/lib/thumb/v7e-m+fp/hard\libc_nano.a(libc_a-nano-svfprintf.o)
                0x08006ee8                __ssputs_r
 *fill*         0x08006f9e        0x2 
 .text._svfprintf_r
                0x08006fa0      0x1f8 c:/users/jessejabezarendse/appdata/roaming/code/user/globalstorage/bmd.stm32-for-vscode/@xpack-dev-tools/arm-none-eabi-gcc/12.3.1-1.2.1/.content/bin/../lib/gcc/arm-none-eabi/12.3.1/../../../../arm-none-eabi/lib/thumb/v7e-m+fp/hard\libc_nano.a(libc_a-nano-svfprintf.o)
                0x08006fa0                _svfiprintf_r
                0x08006fa0                _svfprintf_r
 .text._printf_common
                0x08007198       0xda c:/users/jessejabezarendse/appdata/roaming/code/user/globalstorage/bmd.stm32-for-vscode/@xpack-dev-tools/arm-none-eabi-gcc/12.3.1-1.2.1/.content/bin/../lib/gcc/arm-none-eabi/12.3.1/../../../../arm-none-eabi/lib/thumb/v7e-m+fp/hard\libc_nano.a(libc_a-nano-vfprintf_i.o)
                0x08007198                _printf_common
 *fill*         0x08007272        0x2 
 .text._printf_i
                0x08007274      0x258 c:/users/jessejabezarendse/appdata/roaming/code/user/globalstorage/bmd.stm32-for-vscode/@xpack-dev-tools/arm-none-eabi-gcc/12.3.1-1.2.1/.content/bin/../lib/gcc/arm-none-eabi/12.3.1/../../../../arm-none-eabi/lib/thumb/v7e-m+fp/hard\libc_nano.a(libc_a-nano-vfprintf_i.o)
                0x08007274                _printf_i
 .text.memmove  0x080074cc       0x34 c:/users/jessejabezarendse/appdata/roaming/code/user/globalstorage/bmd.stm32-for-vscode/@xpack-dev-tools/arm-none-eabi-gcc/12.3.1-1.2.1/.content/bin/../lib/gcc/arm-none-eabi/12.3.1/../../../../arm-none-eabi/lib/thumb/v7e-m+fp/hard\libc_nano.a(libc_a-memmove.o)
                0x080074cc                memmove
 .text._sbrk_r  0x08007500       0x20 c:/users/jessejabezarendse/appdata/roaming/code/user/globalstorage/bmd.stm32-for-vscode/@xpack-dev-tools/arm-none-eabi-gcc/12.3.1-1.2.1/.content/bin/../lib/gcc/arm-none-eabi/12.3.1/../../../../arm-none-eabi/lib/thumb/v7e-m+fp/hard\libc_nano.a(libc_a-sbrkr.o)
                0x08007500                _sbrk_r
 .text.memcpy   0x08007520       0x1c c:/users/jessejabezarendse/appdata/roaming/code/user/globalstorage/bmd.stm32-for-vscode/@xpack-dev-tools/arm-none-eabi-gcc/12.3.1-1.2.1/.content/bin/../lib/gcc/arm-none-eabi/12.3.1/../../../../arm-none-eabi/lib/thumb/v7e-m+fp/hard\libc_nano.a(libc_a-memcpy-stub.o)
                0x08007520                memcpy
 .text._realloc_r
                0x0800753c       0x5c c:/users/jessejabezarendse/appdata/roaming/code/user/globalstorage/bmd.stm32-for-vscode/@xpack-dev-tools/arm-none-eabi-gcc/12.3.1-1.2.1/.content/bin/../lib/gcc/arm-none-eabi/12.3.1/../../../../arm-none-eabi/lib/thumb/v7e-m+fp/hard\libc_nano.a(libc_a-reallocr.o)
                0x0800753c                _realloc_r
 .text._malloc_usable_size_r
                0x08007598       0x10 c:/users/jessejabezarendse/appdata/roaming/code/user/globalstorage/bmd.stm32-for-vscode/@xpack-dev-tools/arm-none-eabi-gcc/12.3.1-1.2.1/.content/bin/../lib/gcc/arm-none-eabi/12.3.1/../../../../arm-none-eabi/lib/thumb/v7e-m+fp/hard\libc_nano.a(libc_a-msizer.o)
                0x08007598                _malloc_usable_size_r
 .text._sbrk    0x080075a8       0x1c c:/users/jessejabezarendse/appdata/roaming/code/user/globalstorage/bmd.stm32-for-vscode/@xpack-dev-tools/arm-none-eabi-gcc/12.3.1-1.2.1/.content/bin/../lib/gcc/arm-none-eabi/12.3.1/../../../../arm-none-eabi/lib/thumb/v7e-m+fp/hard\libnosys.a(sbrk.o)
                0x080075a8                _sbrk
 .text.__udivmoddi4
                0x080075c4      0x2bc c:/users/jessejabezarendse/appdata/roaming/code/user/globalstorage/bmd.stm32-for-vscode/@xpack-dev-tools/arm-none-eabi-gcc/12.3.1-1.2.1/.content/bin/../lib/gcc/arm-none-eabi/12.3.1/thumb/v7e-m+fp/hard\libgcc.a(_udivmoddi4.o)
                0x080075c4                __udivmoddi4
 *(.glue_7)
 .glue_7        0x08007880        0x0 linker stubs
 *(.glue_7t)
 .glue_7t       0x08007880        0x0 linker stubs
 *(.eh_frame)
 .eh_frame      0x08007880        0x0 c:/users/jessejabezarendse/appdata/roaming/code/user/globalstorage/bmd.stm32-for-vscode/@xpack-dev-tools/arm-none-eabi-gcc/12.3.1-1.2.1/.content/bin/../lib/gcc/arm-none-eabi/12.3.1/thumb/v7e-m+fp/hard/crtbegin.o
 *(.init)
 .init          0x08007880        0x4 c:/users/jessejabezarendse/appdata/roaming/code/user/globalstorage/bmd.stm32-for-vscode/@xpack-dev-tools/arm-none-eabi-gcc/12.3.1-1.2.1/.content/bin/../lib/gcc/arm-none-eabi/12.3.1/thumb/v7e-m+fp/hard/crti.o
                0x08007880                _init
 .init          0x08007884        0x8 c:/users/jessejabezarendse/appdata/roaming/code/user/globalstorage/bmd.stm32-for-vscode/@xpack-dev-tools/arm-none-eabi-gcc/12.3.1-1.2.1/.content/bin/../lib/gcc/arm-none-eabi/12.3.1/thumb/v7e-m+fp/hard/crtn.o
 *(.fini)
 .fini          0x0800788c        0x4 c:/users/jessejabezarendse/appdata/roaming/code/user/globalstorage/bmd.stm32-for-vscode/@xpack-dev-tools/arm-none-eabi-gcc/12.3.1-1.2.1/.content/bin/../lib/gcc/arm-none-eabi/12.3.1/thumb/v7e-m+fp/hard/crti.o
                0x0800788c                _fini
 .fini          0x08007890        0x8 c:/users/jessejabezarendse/appdata/roaming/code/user/globalstorage/bmd.stm32-for-vscode/@xpack-dev-tools/arm-none-eabi-gcc/12.3.1-1.2.1/.content/bin/../lib/gcc/arm-none-eabi/12.3.1/thumb/v7e-m+fp/hard/crtn.o
                0x08007898                        . = ALIGN (0x4)
                0x08007898                        _etext = .

.vfp11_veneer   0x08007898        0x0
 .vfp11_veneer  0x08007898        0x0 linker stubs

.v4_bx          0x08007898        0x0
 .v4_bx         0x08007898        0x0 linker stubs

.iplt           0x08007898        0x0
 .iplt          0x08007898        0x0 c:/users/jessejabezarendse/appdata/roaming/code/user/globalstorage/bmd.stm32-for-vscode/@xpack-dev-tools/arm-none-eabi-gcc/12.3.1-1.2.1/.content/bin/../lib/gcc/arm-none-eabi/12.3.1/thumb/v7e-m+fp/hard/crtbegin.o

.rodata         0x08007898       0x60
                0x08007898                        . = ALIGN (0x4)
 *(.rodata)
 *(.rodata*)
 .rodata.setNumber.str1.4
                0x08007898        0x4 build/7SegDisplay.o
 .rodata.setFloatNumber.str1.4
                0x0800789c        0x6 build/7SegDisplay.o
 .rodata.header1
                0x080078a2        0x1 build/main.o
                0x080078a2                header1
 *fill*         0x080078a3        0x1 
 .rodata.APBPrescTable
                0x080078a4        0x8 build/system_stm32f4xx.o
                0x080078a4                APBPrescTable
 .rodata.AHBPrescTable
                0x080078ac       0x10 build/system_stm32f4xx.o
                0x080078ac                AHBPrescTable
 .rodata.flagBitshiftOffset.0
                0x080078bc        0x8 build/stm32f4xx_hal_dma.o
 .rodata._svfprintf_r.str1.1
                0x080078c4       0x11 c:/users/jessejabezarendse/appdata/roaming/code/user/globalstorage/bmd.stm32-for-vscode/@xpack-dev-tools/arm-none-eabi-gcc/12.3.1-1.2.1/.content/bin/../lib/gcc/arm-none-eabi/12.3.1/../../../../arm-none-eabi/lib/thumb/v7e-m+fp/hard\libc_nano.a(libc_a-nano-svfprintf.o)
 .rodata._printf_i.str1.1
                0x080078d5       0x22 c:/users/jessejabezarendse/appdata/roaming/code/user/globalstorage/bmd.stm32-for-vscode/@xpack-dev-tools/arm-none-eabi-gcc/12.3.1-1.2.1/.content/bin/../lib/gcc/arm-none-eabi/12.3.1/../../../../arm-none-eabi/lib/thumb/v7e-m+fp/hard\libc_nano.a(libc_a-nano-vfprintf_i.o)
                0x080078f8                        . = ALIGN (0x4)
 *fill*         0x080078f7        0x1 

.ARM.extab
 *(.ARM.extab* .gnu.linkonce.armextab.*)

.ARM            0x080078f8        0x8
                0x080078f8                        __exidx_start = .
 *(.ARM.exidx*)
 .ARM.exidx     0x080078f8        0x8 c:/users/jessejabezarendse/appdata/roaming/code/user/globalstorage/bmd.stm32-for-vscode/@xpack-dev-tools/arm-none-eabi-gcc/12.3.1-1.2.1/.content/bin/../lib/gcc/arm-none-eabi/12.3.1/../../../../arm-none-eabi/lib/thumb/v7e-m+fp/hard\libc_nano.a(libc_a-memchr.o)
 .ARM.exidx.text.__udivmoddi4
                0x08007900        0x0 c:/users/jessejabezarendse/appdata/roaming/code/user/globalstorage/bmd.stm32-for-vscode/@xpack-dev-tools/arm-none-eabi-gcc/12.3.1-1.2.1/.content/bin/../lib/gcc/arm-none-eabi/12.3.1/thumb/v7e-m+fp/hard\libgcc.a(_udivmoddi4.o)
                                  0x8 (size before relaxing)
                0x08007900                        __exidx_end = .

.rel.dyn        0x08007900        0x0
 .rel.iplt      0x08007900        0x0 c:/users/jessejabezarendse/appdata/roaming/code/user/globalstorage/bmd.stm32-for-vscode/@xpack-dev-tools/arm-none-eabi-gcc/12.3.1-1.2.1/.content/bin/../lib/gcc/arm-none-eabi/12.3.1/thumb/v7e-m+fp/hard/crtbegin.o

.preinit_array  0x08007900        0x0
                0x08007900                        PROVIDE (__preinit_array_start = .)
 *(.preinit_array*)
                0x08007900                        PROVIDE (__preinit_array_end = .)

.init_array     0x08007900        0x4
                0x08007900                        PROVIDE (__init_array_start = .)
 *(SORT_BY_NAME(.init_array.*))
 *(.init_array*)
 .init_array    0x08007900        0x4 c:/users/jessejabezarendse/appdata/roaming/code/user/globalstorage/bmd.stm32-for-vscode/@xpack-dev-tools/arm-none-eabi-gcc/12.3.1-1.2.1/.content/bin/../lib/gcc/arm-none-eabi/12.3.1/thumb/v7e-m+fp/hard/crtbegin.o
                0x08007904                        PROVIDE (__init_array_end = .)

.fini_array     0x08007904        0x4
                0x08007904                        PROVIDE (__fini_array_start = .)
 *(SORT_BY_NAME(.fini_array.*))
 *(.fini_array*)
 .fini_array    0x08007904        0x4 c:/users/jessejabezarendse/appdata/roaming/code/user/globalstorage/bmd.stm32-for-vscode/@xpack-dev-tools/arm-none-eabi-gcc/12.3.1-1.2.1/.content/bin/../lib/gcc/arm-none-eabi/12.3.1/thumb/v7e-m+fp/hard/crtbegin.o
                0x08007908                        PROVIDE (__fini_array_end = .)
                0x08007908                        _sidata = LOADADDR (.data)

.data           0x20000000       0x64 load address 0x08007908
                0x20000000                        . = ALIGN (0x4)
                0x20000000                        _sdata = .
 *(.data)
 *(.data*)
 .data.maxAngle
                0x20000000        0x4 build/ServoMotors.o
                0x20000000                maxAngle
 .data.fullRevolution
                0x20000004        0x4 build/StepperMotor.o
                0x20000004                fullRevolution
 .data.SystemCoreClock
                0x20000008        0x4 build/system_stm32f4xx.o
                0x20000008                SystemCoreClock
 .data.uwTickFreq
                0x2000000c        0x1 build/stm32f4xx_hal.o
                0x2000000c                uwTickFreq
 *fill*         0x2000000d        0x3 
 .data.uwTickPrio
                0x20000010        0x4 build/stm32f4xx_hal.o
                0x20000010                uwTickPrio
 .data._impure_ptr
                0x20000014        0x4 c:/users/jessejabezarendse/appdata/roaming/code/user/globalstorage/bmd.stm32-for-vscode/@xpack-dev-tools/arm-none-eabi-gcc/12.3.1-1.2.1/.content/bin/../lib/gcc/arm-none-eabi/12.3.1/../../../../arm-none-eabi/lib/thumb/v7e-m+fp/hard\libc_nano.a(libc_a-impure.o)
                0x20000014                _impure_ptr
 .data._impure_data
                0x20000018       0x4c c:/users/jessejabezarendse/appdata/roaming/code/user/globalstorage/bmd.stm32-for-vscode/@xpack-dev-tools/arm-none-eabi-gcc/12.3.1-1.2.1/.content/bin/../lib/gcc/arm-none-eabi/12.3.1/../../../../arm-none-eabi/lib/thumb/v7e-m+fp/hard\libc_nano.a(libc_a-impure.o)
                0x20000018                _impure_data
                0x20000064                        . = ALIGN (0x4)
                0x20000064                        _edata = .
                0x0800796c                        _siccmram = LOADADDR (.ccmram)

.igot.plt       0x20000064        0x0 load address 0x0800796c
 .igot.plt      0x20000064        0x0 c:/users/jessejabezarendse/appdata/roaming/code/user/globalstorage/bmd.stm32-for-vscode/@xpack-dev-tools/arm-none-eabi-gcc/12.3.1-1.2.1/.content/bin/../lib/gcc/arm-none-eabi/12.3.1/thumb/v7e-m+fp/hard/crtbegin.o

.ccmram         0x10000000        0x0 load address 0x0800796c
                0x10000000                        . = ALIGN (0x4)
                0x10000000                        _sccmram = .
 *(.ccmram)
 *(.ccmram*)
                0x10000000                        . = ALIGN (0x4)
                0x10000000                        _eccmram = .
                0x10000000                        . = ALIGN (0x4)

.bss            0x20000064      0xd14
                0x20000064                        _sbss = .
                0x20000064                        __bss_start__ = _sbss
 *(.bss)
 *(.bss*)
 .bss.completed.1
                0x20000064        0x1 c:/users/jessejabezarendse/appdata/roaming/code/user/globalstorage/bmd.stm32-for-vscode/@xpack-dev-tools/arm-none-eabi-gcc/12.3.1-1.2.1/.content/bin/../lib/gcc/arm-none-eabi/12.3.1/thumb/v7e-m+fp/hard/crtbegin.o
 *fill*         0x20000065        0x3 
 .bss.object.0  0x20000068       0x18 c:/users/jessejabezarendse/appdata/roaming/code/user/globalstorage/bmd.stm32-for-vscode/@xpack-dev-tools/arm-none-eabi-gcc/12.3.1-1.2.1/.content/bin/../lib/gcc/arm-none-eabi/12.3.1/thumb/v7e-m+fp/hard/crtbegin.o
 .bss.floated   0x20000080        0x1 build/7SegDisplay.o
                0x20000080                floated
 *fill*         0x20000081        0x3 
 .bss.displayStr
                0x20000084       0x10 build/7SegDisplay.o
                0x20000084                displayStr
 .bss.counter   0x20000094        0x1 build/7SegDisplay.o
                0x20000094                counter
 *fill*         0x20000095        0x3 
 .bss.i         0x20000098        0x4 build/CurrentMonitor.o
                0x20000098                i
 .bss.rawCurrent
                0x2000009c        0x2 build/CurrentMonitor.o
                0x2000009c                rawCurrent
 .bss.current   0x2000009e        0x2 build/CurrentMonitor.o
                0x2000009e                current
 .bss.vbus      0x200000a0        0x2 build/CurrentMonitor.o
                0x200000a0                vbus
 *fill*         0x200000a2        0x2 
 .bss.pBuff     0x200000a4        0x4 build/NeoPixels.o
                0x200000a4                pBuff
 .bss.dmaBuffer
                0x200000a8      0x184 build/NeoPixels.o
                0x200000a8                dmaBuffer
 .bss.pixel     0x2000022c       0x10 build/NeoPixels.o
                0x2000022c                pixel
 .bss.potToDisplay
                0x2000023c        0x2 build/Pots.o
                0x2000023c                potToDisplay
 *fill*         0x2000023e        0x2 
 .bss.mainStartingTime
                0x20000240        0x4 build/ServoMotors.o
                0x20000240                mainStartingTime
 .bss.withLEDs  0x20000244        0x2 build/StepperMotor.o
                0x20000244                withLEDs
 .bss.tempARR   0x20000246        0x1 build/StepperMotor.o
                0x20000246                tempARR
 .bss.stepperIndex
                0x20000247        0x1 build/StepperMotor.o
                0x20000247                stepperIndex
 .bss.rxBuffer  0x20000248        0xd build/USB.o
                0x20000248                rxBuffer
 *fill*         0x20000255        0x3 
 .bss.UART4_rxBuffer
                0x20000258       0x2f build/main.o
                0x20000258                UART4_rxBuffer
 *fill*         0x20000287        0x1 
 .bss.bigBuffer
                0x20000288       0x31 build/main.o
                0x20000288                bigBuffer
 *fill*         0x200002b9        0x1 
 .bss.actualStepperNumber
                0x200002ba        0x2 build/main.o
                0x200002ba                actualStepperNumber
 .bss.StepperSpeed_state
                0x200002bc        0x2 build/main.o
                0x200002bc                StepperSpeed_state
 .bss.actualStepperRevolution
                0x200002be        0x2 build/main.o
                0x200002be                actualStepperRevolution
 .bss.StepperRevolution_state
                0x200002c0        0x2 build/main.o
                0x200002c0                StepperRevolution_state
 .bss.StepperMode_state
                0x200002c2        0x1 build/main.o
                0x200002c2                StepperMode_state
 *fill*         0x200002c3        0x1 
 .bss.actualServoState
                0x200002c4       0x18 build/main.o
                0x200002c4                actualServoState
 .bss.Servo_state
                0x200002dc       0x18 build/main.o
                0x200002dc                Servo_state
 .bss.actualSegNumber
                0x200002f4        0x4 build/main.o
                0x200002f4                actualSegNumber
 .bss.SEG_number_state
                0x200002f8        0x4 build/main.o
                0x200002f8                SEG_number_state
 .bss.CurrentMonitor_Stepper
                0x200002fc        0x4 build/main.o
                0x200002fc                CurrentMonitor_Stepper
 .bss.CurrentMonitor_Servo
                0x20000300        0x4 build/main.o
                0x20000300                CurrentMonitor_Servo
 .bss.CurrentMonitor_Barrel
                0x20000304        0x4 build/main.o
                0x20000304                CurrentMonitor_Barrel
 .bss.IMU_Gyro  0x20000308        0xc build/main.o
                0x20000308                IMU_Gyro
 .bss.IMU_Accel
                0x20000314        0xc build/main.o
                0x20000314                IMU_Accel
 .bss.NeoPixel_states
                0x20000320        0xc build/main.o
                0x20000320                NeoPixel_states
 .bss.Relay_states
                0x2000032c        0x8 build/main.o
                0x2000032c                Relay_states
 .bss.LED_states
                0x20000334        0x8 build/main.o
                0x20000334                LED_states
 .bss.switch_states_uint8
                0x2000033c        0x1 build/main.o
                0x2000033c                switch_states_uint8
 *fill*         0x2000033d        0x3 
 .bss.switch_states
                0x20000340        0x8 build/main.o
                0x20000340                switch_states
 .bss.POTS      0x20000348        0x8 build/main.o
                0x20000348                POTS
 .bss.hdma_uart4_rx
                0x20000350       0x60 build/main.o
                0x20000350                hdma_uart4_rx
 .bss.huart4    0x200003b0       0x74 build/main.o
                0x200003b0                huart4
 .bss.hdma_tim2_up_ch3
                0x20000424       0x60 build/main.o
                0x20000424                hdma_tim2_up_ch3
 .bss.htim14    0x20000484       0xb4 build/main.o
                0x20000484                htim14
 .bss.htim8     0x20000538       0xb4 build/main.o
                0x20000538                htim8
 .bss.htim7     0x200005ec       0xb4 build/main.o
                0x200005ec                htim7
 .bss.htim6     0x200006a0       0xb4 build/main.o
                0x200006a0                htim6
 .bss.htim5     0x20000754       0xb4 build/main.o
                0x20000754                htim5
 .bss.htim4     0x20000808       0xb4 build/main.o
                0x20000808                htim4
 .bss.htim3     0x200008bc       0xb4 build/main.o
                0x200008bc                htim3
 .bss.htim2     0x20000970       0xb4 build/main.o
                0x20000970                htim2
 .bss.htim1     0x20000a24       0xb4 build/main.o
                0x20000a24                htim1
 .bss.hi2c2     0x20000ad8       0x54 build/main.o
                0x20000ad8                hi2c2
 .bss.hi2c1     0x20000b2c       0x54 build/main.o
                0x20000b2c                hi2c1
 .bss.hdma_adc1
                0x20000b80       0x60 build/main.o
                0x20000b80                hdma_adc1
 .bss.hadc1     0x20000be0       0x48 build/main.o
                0x20000be0                hadc1
 .bss.uwTick    0x20000c28        0x4 build/stm32f4xx_hal.o
                0x20000c28                uwTick
 .bss.__sf      0x20000c2c      0x138 c:/users/jessejabezarendse/appdata/roaming/code/user/globalstorage/bmd.stm32-for-vscode/@xpack-dev-tools/arm-none-eabi-gcc/12.3.1-1.2.1/.content/bin/../lib/gcc/arm-none-eabi/12.3.1/../../../../arm-none-eabi/lib/thumb/v7e-m+fp/hard\libc_nano.a(libc_a-findfp.o)
                0x20000c2c                __sf
 .bss.errno     0x20000d64        0x4 c:/users/jessejabezarendse/appdata/roaming/code/user/globalstorage/bmd.stm32-for-vscode/@xpack-dev-tools/arm-none-eabi-gcc/12.3.1-1.2.1/.content/bin/../lib/gcc/arm-none-eabi/12.3.1/../../../../arm-none-eabi/lib/thumb/v7e-m+fp/hard\libc_nano.a(libc_a-reent.o)
                0x20000d64                errno
 .bss.__lock___malloc_recursive_mutex
                0x20000d68        0x1 c:/users/jessejabezarendse/appdata/roaming/code/user/globalstorage/bmd.stm32-for-vscode/@xpack-dev-tools/arm-none-eabi-gcc/12.3.1-1.2.1/.content/bin/../lib/gcc/arm-none-eabi/12.3.1/../../../../arm-none-eabi/lib/thumb/v7e-m+fp/hard\libc_nano.a(libc_a-lock.o)
                0x20000d68                __lock___malloc_recursive_mutex
 *fill*         0x20000d69        0x3 
 .bss.__malloc_sbrk_start
                0x20000d6c        0x4 c:/users/jessejabezarendse/appdata/roaming/code/user/globalstorage/bmd.stm32-for-vscode/@xpack-dev-tools/arm-none-eabi-gcc/12.3.1-1.2.1/.content/bin/../lib/gcc/arm-none-eabi/12.3.1/../../../../arm-none-eabi/lib/thumb/v7e-m+fp/hard\libc_nano.a(libc_a-mallocr.o)
                0x20000d6c                __malloc_sbrk_start
 .bss.__malloc_free_list
                0x20000d70        0x4 c:/users/jessejabezarendse/appdata/roaming/code/user/globalstorage/bmd.stm32-for-vscode/@xpack-dev-tools/arm-none-eabi-gcc/12.3.1-1.2.1/.content/bin/../lib/gcc/arm-none-eabi/12.3.1/../../../../arm-none-eabi/lib/thumb/v7e-m+fp/hard\libc_nano.a(libc_a-mallocr.o)
                0x20000d70                __malloc_free_list
 .bss.heap_end.0
                0x20000d74        0x4 c:/users/jessejabezarendse/appdata/roaming/code/user/globalstorage/bmd.stm32-for-vscode/@xpack-dev-tools/arm-none-eabi-gcc/12.3.1-1.2.1/.content/bin/../lib/gcc/arm-none-eabi/12.3.1/../../../../arm-none-eabi/lib/thumb/v7e-m+fp/hard\libnosys.a(sbrk.o)
 *(COMMON)
                0x20000d78                        . = ALIGN (0x4)
                0x20000d78                        _ebss = .
                0x20000d78                        __bss_end__ = _ebss

._user_heap_stack
                0x20000d78      0x600
                0x20000d78                        . = ALIGN (0x8)
                0x20000d78                        PROVIDE (end = .)
                [!provide]                        PROVIDE (_end = .)
                0x20000f78                        . = (. + _Min_Heap_Size)
 *fill*         0x20000d78      0x200 
                0x20001378                        . = (. + _Min_Stack_Size)
 *fill*         0x20000f78      0x400 
                0x20001378                        . = ALIGN (0x8)

/DISCARD/
 libc.a(*)
 libm.a(*)
 libgcc.a(*)

.ARM.attributes
                0x00000000       0x30
 *(.ARM.attributes)
 .ARM.attributes
                0x00000000       0x22 c:/users/jessejabezarendse/appdata/roaming/code/user/globalstorage/bmd.stm32-for-vscode/@xpack-dev-tools/arm-none-eabi-gcc/12.3.1-1.2.1/.content/bin/../lib/gcc/arm-none-eabi/12.3.1/thumb/v7e-m+fp/hard/crti.o
 .ARM.attributes
                0x00000022       0x34 c:/users/jessejabezarendse/appdata/roaming/code/user/globalstorage/bmd.stm32-for-vscode/@xpack-dev-tools/arm-none-eabi-gcc/12.3.1-1.2.1/.content/bin/../lib/gcc/arm-none-eabi/12.3.1/thumb/v7e-m+fp/hard/crtbegin.o
 .ARM.attributes
                0x00000056       0x34 build/7SegDisplay.o
 .ARM.attributes
                0x0000008a       0x34 build/CurrentMonitor.o
 .ARM.attributes
                0x000000be       0x34 build/IMU.o
 .ARM.attributes
                0x000000f2       0x34 build/NeoPixels.o
 .ARM.attributes
                0x00000126       0x34 build/Pots.o
 .ARM.attributes
                0x0000015a       0x34 build/Relays.o
 .ARM.attributes
                0x0000018e       0x34 build/ServoMotors.o
 .ARM.attributes
                0x000001c2       0x34 build/StepperMotor.o
 .ARM.attributes
                0x000001f6       0x34 build/USB.o
 .ARM.attributes
                0x0000022a       0x34 build/main.o
 .ARM.attributes
                0x0000025e       0x34 build/stm32f4xx_hal_msp.o
 .ARM.attributes
                0x00000292       0x34 build/stm32f4xx_it.o
 .ARM.attributes
                0x000002c6       0x34 build/system_stm32f4xx.o
 .ARM.attributes
                0x000002fa       0x34 build/stm32f4xx_hal.o
 .ARM.attributes
                0x0000032e       0x34 build/stm32f4xx_hal_adc.o
 .ARM.attributes
                0x00000362       0x34 build/stm32f4xx_hal_cortex.o
 .ARM.attributes
                0x00000396       0x34 build/stm32f4xx_hal_dma.o
 .ARM.attributes
                0x000003ca       0x34 build/stm32f4xx_hal_gpio.o
 .ARM.attributes
                0x000003fe       0x34 build/stm32f4xx_hal_i2c.o
 .ARM.attributes
                0x00000432       0x34 build/stm32f4xx_hal_rcc.o
 .ARM.attributes
                0x00000466       0x34 build/stm32f4xx_hal_tim.o
 .ARM.attributes
                0x0000049a       0x34 build/stm32f4xx_hal_tim_ex.o
 .ARM.attributes
                0x000004ce       0x34 build/stm32f4xx_hal_uart.o
 .ARM.attributes
                0x00000502       0x21 build/startup_stm32f407xx.o
 .ARM.attributes
                0x00000523       0x34 c:/users/jessejabezarendse/appdata/roaming/code/user/globalstorage/bmd.stm32-for-vscode/@xpack-dev-tools/arm-none-eabi-gcc/12.3.1-1.2.1/.content/bin/../lib/gcc/arm-none-eabi/12.3.1/../../../../arm-none-eabi/lib/thumb/v7e-m+fp/hard\libc_nano.a(libc_a-findfp.o)
 .ARM.attributes
                0x00000557       0x34 c:/users/jessejabezarendse/appdata/roaming/code/user/globalstorage/bmd.stm32-for-vscode/@xpack-dev-tools/arm-none-eabi-gcc/12.3.1-1.2.1/.content/bin/../lib/gcc/arm-none-eabi/12.3.1/../../../../arm-none-eabi/lib/thumb/v7e-m+fp/hard\libc_nano.a(libc_a-sprintf.o)
 .ARM.attributes
                0x0000058b       0x34 c:/users/jessejabezarendse/appdata/roaming/code/user/globalstorage/bmd.stm32-for-vscode/@xpack-dev-tools/arm-none-eabi-gcc/12.3.1-1.2.1/.content/bin/../lib/gcc/arm-none-eabi/12.3.1/../../../../arm-none-eabi/lib/thumb/v7e-m+fp/hard\libc_nano.a(libc_a-memset.o)
 .ARM.attributes
                0x000005bf       0x34 c:/users/jessejabezarendse/appdata/roaming/code/user/globalstorage/bmd.stm32-for-vscode/@xpack-dev-tools/arm-none-eabi-gcc/12.3.1-1.2.1/.content/bin/../lib/gcc/arm-none-eabi/12.3.1/../../../../arm-none-eabi/lib/thumb/v7e-m+fp/hard\libc_nano.a(libc_a-reent.o)
 .ARM.attributes
                0x000005f3       0x34 c:/users/jessejabezarendse/appdata/roaming/code/user/globalstorage/bmd.stm32-for-vscode/@xpack-dev-tools/arm-none-eabi-gcc/12.3.1-1.2.1/.content/bin/../lib/gcc/arm-none-eabi/12.3.1/../../../../arm-none-eabi/lib/thumb/v7e-m+fp/hard\libc_nano.a(libc_a-impure.o)
 .ARM.attributes
                0x00000627       0x34 c:/users/jessejabezarendse/appdata/roaming/code/user/globalstorage/bmd.stm32-for-vscode/@xpack-dev-tools/arm-none-eabi-gcc/12.3.1-1.2.1/.content/bin/../lib/gcc/arm-none-eabi/12.3.1/../../../../arm-none-eabi/lib/thumb/v7e-m+fp/hard\libc_nano.a(libc_a-init.o)
 .ARM.attributes
                0x0000065b       0x34 c:/users/jessejabezarendse/appdata/roaming/code/user/globalstorage/bmd.stm32-for-vscode/@xpack-dev-tools/arm-none-eabi-gcc/12.3.1-1.2.1/.content/bin/../lib/gcc/arm-none-eabi/12.3.1/../../../../arm-none-eabi/lib/thumb/v7e-m+fp/hard\libc_nano.a(libc_a-lock.o)
 .ARM.attributes
                0x0000068f       0x34 c:/users/jessejabezarendse/appdata/roaming/code/user/globalstorage/bmd.stm32-for-vscode/@xpack-dev-tools/arm-none-eabi-gcc/12.3.1-1.2.1/.content/bin/../lib/gcc/arm-none-eabi/12.3.1/../../../../arm-none-eabi/lib/thumb/v7e-m+fp/hard\libc_nano.a(libc_a-freer.o)
 .ARM.attributes
                0x000006c3       0x34 c:/users/jessejabezarendse/appdata/roaming/code/user/globalstorage/bmd.stm32-for-vscode/@xpack-dev-tools/arm-none-eabi-gcc/12.3.1-1.2.1/.content/bin/../lib/gcc/arm-none-eabi/12.3.1/../../../../arm-none-eabi/lib/thumb/v7e-m+fp/hard\libc_nano.a(libc_a-mallocr.o)
 .ARM.attributes
                0x000006f7       0x34 c:/users/jessejabezarendse/appdata/roaming/code/user/globalstorage/bmd.stm32-for-vscode/@xpack-dev-tools/arm-none-eabi-gcc/12.3.1-1.2.1/.content/bin/../lib/gcc/arm-none-eabi/12.3.1/../../../../arm-none-eabi/lib/thumb/v7e-m+fp/hard\libc_nano.a(libc_a-mlock.o)
 .ARM.attributes
                0x0000072b       0x34 c:/users/jessejabezarendse/appdata/roaming/code/user/globalstorage/bmd.stm32-for-vscode/@xpack-dev-tools/arm-none-eabi-gcc/12.3.1-1.2.1/.content/bin/../lib/gcc/arm-none-eabi/12.3.1/../../../../arm-none-eabi/lib/thumb/v7e-m+fp/hard\libc_nano.a(libc_a-nano-svfprintf.o)
 .ARM.attributes
                0x0000075f       0x34 c:/users/jessejabezarendse/appdata/roaming/code/user/globalstorage/bmd.stm32-for-vscode/@xpack-dev-tools/arm-none-eabi-gcc/12.3.1-1.2.1/.content/bin/../lib/gcc/arm-none-eabi/12.3.1/../../../../arm-none-eabi/lib/thumb/v7e-m+fp/hard\libc_nano.a(libc_a-nano-vfprintf_i.o)
 .ARM.attributes
                0x00000793       0x34 c:/users/jessejabezarendse/appdata/roaming/code/user/globalstorage/bmd.stm32-for-vscode/@xpack-dev-tools/arm-none-eabi-gcc/12.3.1-1.2.1/.content/bin/../lib/gcc/arm-none-eabi/12.3.1/../../../../arm-none-eabi/lib/thumb/v7e-m+fp/hard\libc_nano.a(libc_a-memmove.o)
 .ARM.attributes
                0x000007c7       0x34 c:/users/jessejabezarendse/appdata/roaming/code/user/globalstorage/bmd.stm32-for-vscode/@xpack-dev-tools/arm-none-eabi-gcc/12.3.1-1.2.1/.content/bin/../lib/gcc/arm-none-eabi/12.3.1/../../../../arm-none-eabi/lib/thumb/v7e-m+fp/hard\libc_nano.a(libc_a-sbrkr.o)
 .ARM.attributes
                0x000007fb       0x1c c:/users/jessejabezarendse/appdata/roaming/code/user/globalstorage/bmd.stm32-for-vscode/@xpack-dev-tools/arm-none-eabi-gcc/12.3.1-1.2.1/.content/bin/../lib/gcc/arm-none-eabi/12.3.1/../../../../arm-none-eabi/lib/thumb/v7e-m+fp/hard\libc_nano.a(libc_a-memchr.o)
 .ARM.attributes
                0x00000817       0x34 c:/users/jessejabezarendse/appdata/roaming/code/user/globalstorage/bmd.stm32-for-vscode/@xpack-dev-tools/arm-none-eabi-gcc/12.3.1-1.2.1/.content/bin/../lib/gcc/arm-none-eabi/12.3.1/../../../../arm-none-eabi/lib/thumb/v7e-m+fp/hard\libc_nano.a(libc_a-memcpy-stub.o)
 .ARM.attributes
                0x0000084b       0x34 c:/users/jessejabezarendse/appdata/roaming/code/user/globalstorage/bmd.stm32-for-vscode/@xpack-dev-tools/arm-none-eabi-gcc/12.3.1-1.2.1/.content/bin/../lib/gcc/arm-none-eabi/12.3.1/../../../../arm-none-eabi/lib/thumb/v7e-m+fp/hard\libc_nano.a(libc_a-reallocr.o)
 .ARM.attributes
                0x0000087f       0x34 c:/users/jessejabezarendse/appdata/roaming/code/user/globalstorage/bmd.stm32-for-vscode/@xpack-dev-tools/arm-none-eabi-gcc/12.3.1-1.2.1/.content/bin/../lib/gcc/arm-none-eabi/12.3.1/../../../../arm-none-eabi/lib/thumb/v7e-m+fp/hard\libc_nano.a(libc_a-msizer.o)
 .ARM.attributes
                0x000008b3       0x34 c:/users/jessejabezarendse/appdata/roaming/code/user/globalstorage/bmd.stm32-for-vscode/@xpack-dev-tools/arm-none-eabi-gcc/12.3.1-1.2.1/.content/bin/../lib/gcc/arm-none-eabi/12.3.1/../../../../arm-none-eabi/lib/thumb/v7e-m+fp/hard\libnosys.a(sbrk.o)
 .ARM.attributes
                0x000008e7       0x22 c:/users/jessejabezarendse/appdata/roaming/code/user/globalstorage/bmd.stm32-for-vscode/@xpack-dev-tools/arm-none-eabi-gcc/12.3.1-1.2.1/.content/bin/../lib/gcc/arm-none-eabi/12.3.1/thumb/v7e-m+fp/hard\libgcc.a(_aeabi_uldivmod.o)
 .ARM.attributes
                0x00000909       0x34 c:/users/jessejabezarendse/appdata/roaming/code/user/globalstorage/bmd.stm32-for-vscode/@xpack-dev-tools/arm-none-eabi-gcc/12.3.1-1.2.1/.content/bin/../lib/gcc/arm-none-eabi/12.3.1/thumb/v7e-m+fp/hard\libgcc.a(_udivmoddi4.o)
 .ARM.attributes
                0x0000093d       0x22 c:/users/jessejabezarendse/appdata/roaming/code/user/globalstorage/bmd.stm32-for-vscode/@xpack-dev-tools/arm-none-eabi-gcc/12.3.1-1.2.1/.content/bin/../lib/gcc/arm-none-eabi/12.3.1/thumb/v7e-m+fp/hard\libgcc.a(_dvmd_tls.o)
 .ARM.attributes
                0x0000095f       0x22 c:/users/jessejabezarendse/appdata/roaming/code/user/globalstorage/bmd.stm32-for-vscode/@xpack-dev-tools/arm-none-eabi-gcc/12.3.1-1.2.1/.content/bin/../lib/gcc/arm-none-eabi/12.3.1/thumb/v7e-m+fp/hard/crtn.o
OUTPUT(build/Mech_Board.elf elf32-littlearm)
LOAD linker stubs
LOAD c:/users/jessejabezarendse/appdata/roaming/code/user/globalstorage/bmd.stm32-for-vscode/@xpack-dev-tools/arm-none-eabi-gcc/12.3.1-1.2.1/.content/bin/../lib/gcc/arm-none-eabi/12.3.1/../../../../arm-none-eabi/lib/thumb/v7e-m+fp/hard\libc.a
LOAD c:/users/jessejabezarendse/appdata/roaming/code/user/globalstorage/bmd.stm32-for-vscode/@xpack-dev-tools/arm-none-eabi-gcc/12.3.1-1.2.1/.content/bin/../lib/gcc/arm-none-eabi/12.3.1/../../../../arm-none-eabi/lib/thumb/v7e-m+fp/hard\libm.a
LOAD c:/users/jessejabezarendse/appdata/roaming/code/user/globalstorage/bmd.stm32-for-vscode/@xpack-dev-tools/arm-none-eabi-gcc/12.3.1-1.2.1/.content/bin/../lib/gcc/arm-none-eabi/12.3.1/thumb/v7e-m+fp/hard\libgcc.a

.comment        0x00000000       0x39
 .comment       0x00000000       0x39 c:/users/jessejabezarendse/appdata/roaming/code/user/globalstorage/bmd.stm32-for-vscode/@xpack-dev-tools/arm-none-eabi-gcc/12.3.1-1.2.1/.content/bin/../lib/gcc/arm-none-eabi/12.3.1/thumb/v7e-m+fp/hard/crtbegin.o
                                 0x3a (size before relaxing)
 .comment       0x00000039       0x3a build/7SegDisplay.o
 .comment       0x00000039       0x3a build/CurrentMonitor.o
 .comment       0x00000039       0x3a build/IMU.o
 .comment       0x00000039       0x3a build/NeoPixels.o
 .comment       0x00000039       0x3a build/Pots.o
 .comment       0x00000039       0x3a build/Relays.o
 .comment       0x00000039       0x3a build/ServoMotors.o
 .comment       0x00000039       0x3a build/StepperMotor.o
 .comment       0x00000039       0x3a build/USB.o
 .comment       0x00000039       0x3a build/main.o
 .comment       0x00000039       0x3a build/stm32f4xx_hal_msp.o
 .comment       0x00000039       0x3a build/stm32f4xx_it.o
 .comment       0x00000039       0x3a build/system_stm32f4xx.o
 .comment       0x00000039       0x3a build/stm32f4xx_hal.o
 .comment       0x00000039       0x3a build/stm32f4xx_hal_adc.o
 .comment       0x00000039       0x3a build/stm32f4xx_hal_cortex.o
 .comment       0x00000039       0x3a build/stm32f4xx_hal_dma.o
 .comment       0x00000039       0x3a build/stm32f4xx_hal_gpio.o
 .comment       0x00000039       0x3a build/stm32f4xx_hal_i2c.o
 .comment       0x00000039       0x3a build/stm32f4xx_hal_rcc.o
 .comment       0x00000039       0x3a build/stm32f4xx_hal_tim.o
 .comment       0x00000039       0x3a build/stm32f4xx_hal_tim_ex.o
 .comment       0x00000039       0x3a build/stm32f4xx_hal_uart.o
 .comment       0x00000039       0x3a c:/users/jessejabezarendse/appdata/roaming/code/user/globalstorage/bmd.stm32-for-vscode/@xpack-dev-tools/arm-none-eabi-gcc/12.3.1-1.2.1/.content/bin/../lib/gcc/arm-none-eabi/12.3.1/../../../../arm-none-eabi/lib/thumb/v7e-m+fp/hard\libc_nano.a(libc_a-findfp.o)
 .comment       0x00000039       0x3a c:/users/jessejabezarendse/appdata/roaming/code/user/globalstorage/bmd.stm32-for-vscode/@xpack-dev-tools/arm-none-eabi-gcc/12.3.1-1.2.1/.content/bin/../lib/gcc/arm-none-eabi/12.3.1/../../../../arm-none-eabi/lib/thumb/v7e-m+fp/hard\libc_nano.a(libc_a-sprintf.o)
 .comment       0x00000039       0x3a c:/users/jessejabezarendse/appdata/roaming/code/user/globalstorage/bmd.stm32-for-vscode/@xpack-dev-tools/arm-none-eabi-gcc/12.3.1-1.2.1/.content/bin/../lib/gcc/arm-none-eabi/12.3.1/../../../../arm-none-eabi/lib/thumb/v7e-m+fp/hard\libc_nano.a(libc_a-memset.o)
 .comment       0x00000039       0x3a c:/users/jessejabezarendse/appdata/roaming/code/user/globalstorage/bmd.stm32-for-vscode/@xpack-dev-tools/arm-none-eabi-gcc/12.3.1-1.2.1/.content/bin/../lib/gcc/arm-none-eabi/12.3.1/../../../../arm-none-eabi/lib/thumb/v7e-m+fp/hard\libc_nano.a(libc_a-reent.o)
 .comment       0x00000039       0x3a c:/users/jessejabezarendse/appdata/roaming/code/user/globalstorage/bmd.stm32-for-vscode/@xpack-dev-tools/arm-none-eabi-gcc/12.3.1-1.2.1/.content/bin/../lib/gcc/arm-none-eabi/12.3.1/../../../../arm-none-eabi/lib/thumb/v7e-m+fp/hard\libc_nano.a(libc_a-impure.o)
 .comment       0x00000039       0x3a c:/users/jessejabezarendse/appdata/roaming/code/user/globalstorage/bmd.stm32-for-vscode/@xpack-dev-tools/arm-none-eabi-gcc/12.3.1-1.2.1/.content/bin/../lib/gcc/arm-none-eabi/12.3.1/../../../../arm-none-eabi/lib/thumb/v7e-m+fp/hard\libc_nano.a(libc_a-init.o)
 .comment       0x00000039       0x3a c:/users/jessejabezarendse/appdata/roaming/code/user/globalstorage/bmd.stm32-for-vscode/@xpack-dev-tools/arm-none-eabi-gcc/12.3.1-1.2.1/.content/bin/../lib/gcc/arm-none-eabi/12.3.1/../../../../arm-none-eabi/lib/thumb/v7e-m+fp/hard\libc_nano.a(libc_a-lock.o)
 .comment       0x00000039       0x3a c:/users/jessejabezarendse/appdata/roaming/code/user/globalstorage/bmd.stm32-for-vscode/@xpack-dev-tools/arm-none-eabi-gcc/12.3.1-1.2.1/.content/bin/../lib/gcc/arm-none-eabi/12.3.1/../../../../arm-none-eabi/lib/thumb/v7e-m+fp/hard\libc_nano.a(libc_a-freer.o)
 .comment       0x00000039       0x3a c:/users/jessejabezarendse/appdata/roaming/code/user/globalstorage/bmd.stm32-for-vscode/@xpack-dev-tools/arm-none-eabi-gcc/12.3.1-1.2.1/.content/bin/../lib/gcc/arm-none-eabi/12.3.1/../../../../arm-none-eabi/lib/thumb/v7e-m+fp/hard\libc_nano.a(libc_a-mallocr.o)
 .comment       0x00000039       0x3a c:/users/jessejabezarendse/appdata/roaming/code/user/globalstorage/bmd.stm32-for-vscode/@xpack-dev-tools/arm-none-eabi-gcc/12.3.1-1.2.1/.content/bin/../lib/gcc/arm-none-eabi/12.3.1/../../../../arm-none-eabi/lib/thumb/v7e-m+fp/hard\libc_nano.a(libc_a-mlock.o)
 .comment       0x00000039       0x3a c:/users/jessejabezarendse/appdata/roaming/code/user/globalstorage/bmd.stm32-for-vscode/@xpack-dev-tools/arm-none-eabi-gcc/12.3.1-1.2.1/.content/bin/../lib/gcc/arm-none-eabi/12.3.1/../../../../arm-none-eabi/lib/thumb/v7e-m+fp/hard\libc_nano.a(libc_a-nano-svfprintf.o)
 .comment       0x00000039       0x3a c:/users/jessejabezarendse/appdata/roaming/code/user/globalstorage/bmd.stm32-for-vscode/@xpack-dev-tools/arm-none-eabi-gcc/12.3.1-1.2.1/.content/bin/../lib/gcc/arm-none-eabi/12.3.1/../../../../arm-none-eabi/lib/thumb/v7e-m+fp/hard\libc_nano.a(libc_a-nano-vfprintf_i.o)
 .comment       0x00000039       0x3a c:/users/jessejabezarendse/appdata/roaming/code/user/globalstorage/bmd.stm32-for-vscode/@xpack-dev-tools/arm-none-eabi-gcc/12.3.1-1.2.1/.content/bin/../lib/gcc/arm-none-eabi/12.3.1/../../../../arm-none-eabi/lib/thumb/v7e-m+fp/hard\libc_nano.a(libc_a-memmove.o)
 .comment       0x00000039       0x3a c:/users/jessejabezarendse/appdata/roaming/code/user/globalstorage/bmd.stm32-for-vscode/@xpack-dev-tools/arm-none-eabi-gcc/12.3.1-1.2.1/.content/bin/../lib/gcc/arm-none-eabi/12.3.1/../../../../arm-none-eabi/lib/thumb/v7e-m+fp/hard\libc_nano.a(libc_a-sbrkr.o)
 .comment       0x00000039       0x3a c:/users/jessejabezarendse/appdata/roaming/code/user/globalstorage/bmd.stm32-for-vscode/@xpack-dev-tools/arm-none-eabi-gcc/12.3.1-1.2.1/.content/bin/../lib/gcc/arm-none-eabi/12.3.1/../../../../arm-none-eabi/lib/thumb/v7e-m+fp/hard\libc_nano.a(libc_a-memcpy-stub.o)
 .comment       0x00000039       0x3a c:/users/jessejabezarendse/appdata/roaming/code/user/globalstorage/bmd.stm32-for-vscode/@xpack-dev-tools/arm-none-eabi-gcc/12.3.1-1.2.1/.content/bin/../lib/gcc/arm-none-eabi/12.3.1/../../../../arm-none-eabi/lib/thumb/v7e-m+fp/hard\libc_nano.a(libc_a-reallocr.o)
 .comment       0x00000039       0x3a c:/users/jessejabezarendse/appdata/roaming/code/user/globalstorage/bmd.stm32-for-vscode/@xpack-dev-tools/arm-none-eabi-gcc/12.3.1-1.2.1/.content/bin/../lib/gcc/arm-none-eabi/12.3.1/../../../../arm-none-eabi/lib/thumb/v7e-m+fp/hard\libc_nano.a(libc_a-msizer.o)
 .comment       0x00000039       0x3a c:/users/jessejabezarendse/appdata/roaming/code/user/globalstorage/bmd.stm32-for-vscode/@xpack-dev-tools/arm-none-eabi-gcc/12.3.1-1.2.1/.content/bin/../lib/gcc/arm-none-eabi/12.3.1/../../../../arm-none-eabi/lib/thumb/v7e-m+fp/hard\libnosys.a(sbrk.o)
 .comment       0x00000039       0x3a c:/users/jessejabezarendse/appdata/roaming/code/user/globalstorage/bmd.stm32-for-vscode/@xpack-dev-tools/arm-none-eabi-gcc/12.3.1-1.2.1/.content/bin/../lib/gcc/arm-none-eabi/12.3.1/thumb/v7e-m+fp/hard\libgcc.a(_udivmoddi4.o)

.debug_info     0x00000000    0x20c08
 .debug_info    0x00000000     0x2126 build/7SegDisplay.o
 .debug_info    0x00002126     0x12b7 build/CurrentMonitor.o
 .debug_info    0x000033dd     0x1272 build/IMU.o
 .debug_info    0x0000464f      0x9fa build/NeoPixels.o
 .debug_info    0x00005049      0xe18 build/Pots.o
 .debug_info    0x00005e61      0x2b5 build/Relays.o
 .debug_info    0x00006116      0x99e build/ServoMotors.o
 .debug_info    0x00006ab4     0x13f0 build/StepperMotor.o
 .debug_info    0x00007ea4      0x7c8 build/USB.o
 .debug_info    0x0000866c     0x336c build/main.o
 .debug_info    0x0000b9d8     0x1e5a build/stm32f4xx_hal_msp.o
 .debug_info    0x0000d832      0xdc5 build/stm32f4xx_it.o
 .debug_info    0x0000e5f7      0x527 build/system_stm32f4xx.o
 .debug_info    0x0000eb1e      0x9e6 build/stm32f4xx_hal.o
 .debug_info    0x0000f504      0xe76 build/stm32f4xx_hal_adc.o
 .debug_info    0x0001037a      0xf7d build/stm32f4xx_hal_cortex.o
 .debug_info    0x000112f7      0xad9 build/stm32f4xx_hal_dma.o
 .debug_info    0x00011dd0      0x704 build/stm32f4xx_hal_gpio.o
 .debug_info    0x000124d4     0x376e build/stm32f4xx_hal_i2c.o
 .debug_info    0x00015c42      0xa6f build/stm32f4xx_hal_rcc.o
 .debug_info    0x000166b1     0x3ed2 build/stm32f4xx_hal_tim.o
 .debug_info    0x0001a583     0x1c09 build/stm32f4xx_hal_tim_ex.o
 .debug_info    0x0001c18c     0x42ef build/stm32f4xx_hal_uart.o
 .debug_info    0x0002047b       0x30 build/startup_stm32f407xx.o
 .debug_info    0x000204ab       0x24 c:/users/jessejabezarendse/appdata/roaming/code/user/globalstorage/bmd.stm32-for-vscode/@xpack-dev-tools/arm-none-eabi-gcc/12.3.1-1.2.1/.content/bin/../lib/gcc/arm-none-eabi/12.3.1/thumb/v7e-m+fp/hard\libgcc.a(_aeabi_uldivmod.o)
 .debug_info    0x000204cf      0x6fd c:/users/jessejabezarendse/appdata/roaming/code/user/globalstorage/bmd.stm32-for-vscode/@xpack-dev-tools/arm-none-eabi-gcc/12.3.1-1.2.1/.content/bin/../lib/gcc/arm-none-eabi/12.3.1/thumb/v7e-m+fp/hard\libgcc.a(_udivmoddi4.o)
 .debug_info    0x00020bcc       0x3c c:/users/jessejabezarendse/appdata/roaming/code/user/globalstorage/bmd.stm32-for-vscode/@xpack-dev-tools/arm-none-eabi-gcc/12.3.1-1.2.1/.content/bin/../lib/gcc/arm-none-eabi/12.3.1/thumb/v7e-m+fp/hard\libgcc.a(_dvmd_tls.o)

.debug_abbrev   0x00000000     0x39dc
 .debug_abbrev  0x00000000      0x257 build/7SegDisplay.o
 .debug_abbrev  0x00000257      0x2c3 build/CurrentMonitor.o
 .debug_abbrev  0x0000051a      0x270 build/IMU.o
 .debug_abbrev  0x0000078a      0x244 build/NeoPixels.o
 .debug_abbrev  0x000009ce      0x237 build/Pots.o
 .debug_abbrev  0x00000c05      0x13f build/Relays.o
 .debug_abbrev  0x00000d44      0x1ee build/ServoMotors.o
 .debug_abbrev  0x00000f32      0x232 build/StepperMotor.o
 .debug_abbrev  0x00001164      0x1d9 build/USB.o
 .debug_abbrev  0x0000133d      0x3d2 build/main.o
 .debug_abbrev  0x0000170f      0x29c build/stm32f4xx_hal_msp.o
 .debug_abbrev  0x000019ab      0x1fa build/stm32f4xx_it.o
 .debug_abbrev  0x00001ba5      0x11e build/system_stm32f4xx.o
 .debug_abbrev  0x00001cc3      0x23f build/stm32f4xx_hal.o
 .debug_abbrev  0x00001f02      0x278 build/stm32f4xx_hal_adc.o
 .debug_abbrev  0x0000217a      0x39b build/stm32f4xx_hal_cortex.o
 .debug_abbrev  0x00002515      0x2c0 build/stm32f4xx_hal_dma.o
 .debug_abbrev  0x000027d5      0x202 build/stm32f4xx_hal_gpio.o
 .debug_abbrev  0x000029d7      0x2c3 build/stm32f4xx_hal_i2c.o
 .debug_abbrev  0x00002c9a      0x2c6 build/stm32f4xx_hal_rcc.o
 .debug_abbrev  0x00002f60      0x2bd build/stm32f4xx_hal_tim.o
 .debug_abbrev  0x0000321d      0x29e build/stm32f4xx_hal_tim_ex.o
 .debug_abbrev  0x000034bb      0x359 build/stm32f4xx_hal_uart.o
 .debug_abbrev  0x00003814       0x24 build/startup_stm32f407xx.o
 .debug_abbrev  0x00003838       0x14 c:/users/jessejabezarendse/appdata/roaming/code/user/globalstorage/bmd.stm32-for-vscode/@xpack-dev-tools/arm-none-eabi-gcc/12.3.1-1.2.1/.content/bin/../lib/gcc/arm-none-eabi/12.3.1/thumb/v7e-m+fp/hard\libgcc.a(_aeabi_uldivmod.o)
 .debug_abbrev  0x0000384c      0x16a c:/users/jessejabezarendse/appdata/roaming/code/user/globalstorage/bmd.stm32-for-vscode/@xpack-dev-tools/arm-none-eabi-gcc/12.3.1-1.2.1/.content/bin/../lib/gcc/arm-none-eabi/12.3.1/thumb/v7e-m+fp/hard\libgcc.a(_udivmoddi4.o)
 .debug_abbrev  0x000039b6       0x26 c:/users/jessejabezarendse/appdata/roaming/code/user/globalstorage/bmd.stm32-for-vscode/@xpack-dev-tools/arm-none-eabi-gcc/12.3.1-1.2.1/.content/bin/../lib/gcc/arm-none-eabi/12.3.1/thumb/v7e-m+fp/hard\libgcc.a(_dvmd_tls.o)

.debug_loclists
                0x00000000     0xd046
 .debug_loclists
                0x00000000       0xda build/7SegDisplay.o
 .debug_loclists
                0x000000da      0x1d3 build/CurrentMonitor.o
 .debug_loclists
                0x000002ad       0x94 build/IMU.o
 .debug_loclists
                0x00000341       0x9f build/NeoPixels.o
 .debug_loclists
                0x000003e0       0x3c build/Pots.o
 .debug_loclists
                0x0000041c       0x8e build/Relays.o
 .debug_loclists
                0x000004aa       0xf9 build/ServoMotors.o
 .debug_loclists
                0x000005a3       0x76 build/StepperMotor.o
 .debug_loclists
                0x00000619       0x52 build/USB.o
 .debug_loclists
                0x0000066b       0xcf build/main.o
 .debug_loclists
                0x0000073a      0x27c build/stm32f4xx_hal_msp.o
 .debug_loclists
                0x000009b6       0xdb build/system_stm32f4xx.o
 .debug_loclists
                0x00000a91       0xc9 build/stm32f4xx_hal.o
 .debug_loclists
                0x00000b5a      0x800 build/stm32f4xx_hal_adc.o
 .debug_loclists
                0x0000135a      0x439 build/stm32f4xx_hal_cortex.o
 .debug_loclists
                0x00001793      0x763 build/stm32f4xx_hal_dma.o
 .debug_loclists
                0x00001ef6      0x356 build/stm32f4xx_hal_gpio.o
 .debug_loclists
                0x0000224c     0x2b71 build/stm32f4xx_hal_i2c.o
 .debug_loclists
                0x00004dbd      0x3a9 build/stm32f4xx_hal_rcc.o
 .debug_loclists
                0x00005166     0x33f4 build/stm32f4xx_hal_tim.o
 .debug_loclists
                0x0000855a     0x1262 build/stm32f4xx_hal_tim_ex.o
 .debug_loclists
                0x000097bc     0x2f06 build/stm32f4xx_hal_uart.o
 .debug_loclists
                0x0000c6c2      0x984 c:/users/jessejabezarendse/appdata/roaming/code/user/globalstorage/bmd.stm32-for-vscode/@xpack-dev-tools/arm-none-eabi-gcc/12.3.1-1.2.1/.content/bin/../lib/gcc/arm-none-eabi/12.3.1/thumb/v7e-m+fp/hard\libgcc.a(_udivmoddi4.o)

.debug_aranges  0x00000000     0x1358
 .debug_aranges
                0x00000000       0x48 build/7SegDisplay.o
 .debug_aranges
                0x00000048       0xb0 build/CurrentMonitor.o
 .debug_aranges
                0x000000f8       0x48 build/IMU.o
 .debug_aranges
                0x00000140       0x30 build/NeoPixels.o
 .debug_aranges
                0x00000170       0x40 build/Pots.o
 .debug_aranges
                0x000001b0       0x28 build/Relays.o
 .debug_aranges
                0x000001d8       0x30 build/ServoMotors.o
 .debug_aranges
                0x00000208       0x48 build/StepperMotor.o
 .debug_aranges
                0x00000250       0x28 build/USB.o
 .debug_aranges
                0x00000278       0xd0 build/main.o
 .debug_aranges
                0x00000348       0x68 build/stm32f4xx_hal_msp.o
 .debug_aranges
                0x000003b0       0xc0 build/stm32f4xx_it.o
 .debug_aranges
                0x00000470       0x28 build/system_stm32f4xx.o
 .debug_aranges
                0x00000498       0xf0 build/stm32f4xx_hal.o
 .debug_aranges
                0x00000588       0xe8 build/stm32f4xx_hal_adc.o
 .debug_aranges
                0x00000670       0xd8 build/stm32f4xx_hal_cortex.o
 .debug_aranges
                0x00000748       0x90 build/stm32f4xx_hal_dma.o
 .debug_aranges
                0x000007d8       0x58 build/stm32f4xx_hal_gpio.o
 .debug_aranges
                0x00000830      0x2a0 build/stm32f4xx_hal_i2c.o
 .debug_aranges
                0x00000ad0       0x88 build/stm32f4xx_hal_rcc.o
 .debug_aranges
                0x00000b58      0x3e8 build/stm32f4xx_hal_tim.o
 .debug_aranges